ptxas info    : 296 bytes gmem
ptxas info    : Compiling entry function '_Z17kernel_fp64_equivPK6QParamP7QOutputm' for 'sm_120'
ptxas info    : Function properties for _Z17kernel_fp64_equivPK6QParamP7QOutputm
    80 bytes stack frame, 0 bytes spill stores, 0 bytes spill loads
ptxas info    : Used 70 registers, used 0 barriers, 80 bytes cumulative stack size
ptxas info    : Compile time = 188.614 ms
ptxas info    : Function properties for __internal_trig_reduction_slowpathd
    0 bytes stack frame, 0 bytes spill stores, 0 bytes spill loads
ptxas info    : Compiling entry function '_Z11kernel_df32PK6DParamP7DOutputm' for 'sm_120'
ptxas info    : Function properties for _Z11kernel_df32PK6DParamP7DOutputm
    0 bytes stack frame, 0 bytes spill stores, 0 bytes spill loads
ptxas info    : Used 86 registers, used 0 barriers
ptxas info    : Compile time = 3535.598 ms
ptxas info    : Compiling entry function '_Z15kernel_adaptivePK5ParamP6Outputmdd' for 'sm_120'
ptxas info    : Function properties for _Z15kernel_adaptivePK5ParamP6Outputmdd
    128 bytes stack frame, 0 bytes spill stores, 0 bytes spill loads
ptxas info    : Used 64 registers, used 0 barriers, 128 bytes cumulative stack size
ptxas info    : Compile time = 2422.198 ms
ptxas info    : Function properties for __internal_trig_reduction_slowpathd
    0 bytes stack frame, 0 bytes spill stores, 0 bytes spill loads
ptxas info    : Compiling entry function '_Z11kernel_fp64PK5ParamP6Outputm' for 'sm_120'
ptxas info    : Function properties for _Z11kernel_fp64PK5ParamP6Outputm
    40 bytes stack frame, 0 bytes spill stores, 0 bytes spill loads
ptxas info    : Used 56 registers, used 0 barriers, 40 bytes cumulative stack size
ptxas info    : Compile time = 689.446 ms
ptxas info    : Function properties for __internal_trig_reduction_slowpathd
    0 bytes stack frame, 0 bytes spill stores, 0 bytes spill loads
ptxas info    : Compiling entry function '_Z11kernel_fp32PK5ParamP6Outputm' for 'sm_120'
ptxas info    : Function properties for _Z11kernel_fp32PK5ParamP6Outputm
    72 bytes stack frame, 0 bytes spill stores, 0 bytes spill loads
ptxas info    : Used 48 registers, used 0 barriers, 72 bytes cumulative stack size
ptxas info    : Compile time = 535.321 ms
ptxas info    : Function properties for __internal_trig_reduction_slowpathd
    0 bytes stack frame, 0 bytes spill stores, 0 bytes spill loads
