bem            N=        1 df32             kernel=   0.0276 e2e=   0.0490 diff=1.39e-16 wrong=0
bem            N=        1 fp64_equivalent  kernel=   0.0276 e2e=   0.0425 diff=1.39e-16 wrong=0
bem            N=        8 df32             kernel=   0.1346 e2e=   0.2008 diff=4.44e-14 wrong=0
bem            N=        8 fp64_equivalent  kernel=   0.0276 e2e=   0.0363 diff=4.44e-14 wrong=0
bem            N=       32 df32             kernel=   0.1432 e2e=   0.2092 diff=9.65e-14 wrong=0
bem            N=       32 fp64_equivalent  kernel=   0.0378 e2e=   0.0722 diff=9.65e-14 wrong=0
bem            N=      128 df32             kernel=   0.1537 e2e=   0.2179 diff=9.76e-14 wrong=0
bem            N=      128 fp64_equivalent  kernel=   0.1821 e2e=   0.2458 diff=9.76e-14 wrong=0
bem            N=      512 df32             kernel=   0.1835 e2e=   0.2370 diff=9.91e-14 wrong=0
bem            N=      512 fp64_equivalent  kernel=   0.3159 e2e=   0.3734 diff=9.91e-14 wrong=0
bem            N=     2048 df32             kernel=   0.1756 e2e=   0.2445 diff=9.94e-14 wrong=0
bem            N=     2048 fp64_equivalent  kernel=   0.3437 e2e=   0.4037 diff=9.94e-14 wrong=0
bem            N=     8192 df32             kernel=   0.1762 e2e=   0.2590 diff=1.01e-13 wrong=0
bem            N=     8192 fp64_equivalent  kernel=   0.3444 e2e=   0.4143 diff=1.01e-13 wrong=0
bem            N=    32768 df32             kernel=   0.1780 e2e=   0.3716 diff=1.03e-13 wrong=0
bem            N=    32768 fp64_equivalent  kernel=   0.3357 e2e=   0.5357 diff=1.03e-13 wrong=0
bem            N=   131072 df32             kernel=   0.5159 e2e=   1.1527 diff=1.76e-13 wrong=0
bem            N=   131072 fp64_equivalent  kernel=   1.2660 e2e=   1.9273 diff=1.76e-13 wrong=0
bem            N=   524288 df32             kernel=   1.6368 e2e=   3.9957 diff=1.76e-13 wrong=0
bem            N=   524288 fp64_equivalent  kernel=   4.4566 e2e=   6.5893 diff=1.76e-13 wrong=0
bem            N=  2097152 df32             kernel=   6.4646 e2e=  15.4340 diff=1.76e-13 wrong=0
bem            N=  2097152 fp64_equivalent  kernel=  17.0325 e2e=  25.5665 diff=1.76e-13 wrong=0
bem            N=  8388608 df32             kernel=  26.1242 e2e=  60.7984 diff=1.76e-13 wrong=0
bem            N=  8388608 fp64_equivalent  kernel=  67.2820 e2e= 102.4607 diff=1.76e-13 wrong=0
bem            N= 16777216 df32             kernel=  52.4192 e2e= 122.2085 diff=1.76e-13 wrong=0
bem            N= 16777216 fp64_equivalent  kernel= 134.0211 e2e= 205.4393 diff=1.76e-13 wrong=0
kepler         N=        1 df32             kernel=   0.0491 e2e=   0.0514 diff=4.51e-14 wrong=0
kepler         N=        1 fp64_equivalent  kernel=   0.0222 e2e=   0.0253 diff=4.51e-14 wrong=0
kepler         N=        8 df32             kernel=   0.0532 e2e=   0.0611 diff=4.51e-14 wrong=0
kepler         N=        8 fp64_equivalent  kernel=   0.0233 e2e=   0.0258 diff=4.51e-14 wrong=0
kepler         N=       32 df32             kernel=   0.0593 e2e=   0.0733 diff=2.98e-13 wrong=0
kepler         N=       32 fp64_equivalent  kernel=   0.0317 e2e=   0.0368 diff=2.98e-13 wrong=0
kepler         N=      128 df32             kernel=   0.0590 e2e=   0.0732 diff=6.70e-13 wrong=0
kepler         N=      128 fp64_equivalent  kernel=   0.0336 e2e=   0.0474 diff=6.70e-13 wrong=0
kepler         N=      512 df32             kernel=   0.0753 e2e=   0.0859 diff=7.19e-13 wrong=0
kepler         N=      512 fp64_equivalent  kernel=   0.0572 e2e=   0.0732 diff=7.19e-13 wrong=0
kepler         N=     2048 df32             kernel=   0.0733 e2e=   0.0870 diff=1.73e-12 wrong=0
kepler         N=     2048 fp64_equivalent  kernel=   0.0574 e2e=   0.0722 diff=1.73e-12 wrong=0
kepler         N=     8192 df32             kernel=   0.0739 e2e=   0.1203 diff=1.73e-12 wrong=0
kepler         N=     8192 fp64_equivalent  kernel=   0.0589 e2e=   0.1376 diff=1.73e-12 wrong=0
kepler         N=    32768 df32             kernel=   0.0758 e2e=   0.2308 diff=2.64e-12 wrong=0
kepler         N=    32768 fp64_equivalent  kernel=   0.0603 e2e=   0.2181 diff=2.64e-12 wrong=0
kepler         N=   131072 df32             kernel=   0.2339 e2e=   0.8075 diff=2.64e-12 wrong=0
kepler         N=   131072 fp64_equivalent  kernel=   0.2231 e2e=   0.7984 diff=2.64e-12 wrong=0
kepler         N=   524288 df32             kernel=   0.7303 e2e=   3.1077 diff=2.64e-12 wrong=0
kepler         N=   524288 fp64_equivalent  kernel=   0.7023 e2e=   2.9831 diff=2.64e-12 wrong=0
kepler         N=  2097152 df32             kernel=   2.8895 e2e=  11.7406 diff=2.64e-12 wrong=0
kepler         N=  2097152 fp64_equivalent  kernel=   2.7830 e2e=  11.7297 diff=2.64e-12 wrong=0
kepler         N=  8388608 df32             kernel=  11.7648 e2e=  46.9415 diff=2.64e-12 wrong=0
kepler         N=  8388608 fp64_equivalent  kernel=  11.0444 e2e=  46.6045 diff=2.64e-12 wrong=0
kepler         N= 16777216 df32             kernel=  23.6330 e2e=  93.8427 diff=2.64e-12 wrong=0
kepler         N= 16777216 fp64_equivalent  kernel=  22.0818 e2e=  93.2658 diff=2.64e-12 wrong=0
pv             N=        1 df32             kernel=   0.0960 e2e=   0.0997 diff=3.20e-14 wrong=0
pv             N=        1 fp64_equivalent  kernel=   0.0123 e2e=   0.0158 diff=3.20e-14 wrong=0
pv             N=        8 df32             kernel=   0.1225 e2e=   0.1569 diff=1.55e-13 wrong=0
pv             N=        8 fp64_equivalent  kernel=   0.0184 e2e=   0.0250 diff=1.55e-13 wrong=0
pv             N=       32 df32             kernel=   0.1277 e2e=   0.1652 diff=1.55e-13 wrong=0
pv             N=       32 fp64_equivalent  kernel=   0.0184 e2e=   0.0245 diff=1.55e-13 wrong=0
pv             N=      128 df32             kernel=   0.1298 e2e=   0.1721 diff=2.51e-13 wrong=0
pv             N=      128 fp64_equivalent  kernel=   0.0255 e2e=   0.0354 diff=2.51e-13 wrong=0
pv             N=      512 df32             kernel=   0.1489 e2e=   0.2033 diff=2.51e-13 wrong=0
pv             N=      512 fp64_equivalent  kernel=   0.0399 e2e=   0.0488 diff=2.51e-13 wrong=0
pv             N=     2048 df32             kernel=   0.1440 e2e=   0.1590 diff=3.71e-13 wrong=0
pv             N=     2048 fp64_equivalent  kernel=   0.0389 e2e=   0.0513 diff=3.71e-13 wrong=0
pv             N=     8192 df32             kernel=   0.1438 e2e=   0.2257 diff=3.71e-13 wrong=0
pv             N=     8192 fp64_equivalent  kernel=   0.0390 e2e=   0.0855 diff=3.71e-13 wrong=0
pv             N=    32768 df32             kernel=   0.1459 e2e=   0.3032 diff=5.27e-13 wrong=0
pv             N=    32768 fp64_equivalent  kernel=   0.0418 e2e=   0.1927 diff=5.27e-13 wrong=0
pv             N=   131072 df32             kernel=   0.4073 e2e=   0.9782 diff=5.27e-13 wrong=0
pv             N=   131072 fp64_equivalent  kernel=   0.1440 e2e=   0.7212 diff=5.27e-13 wrong=0
pv             N=   524288 df32             kernel=   1.2774 e2e=   3.6510 diff=5.27e-13 wrong=0
pv             N=   524288 fp64_equivalent  kernel=   0.4506 e2e=   2.7523 diff=5.27e-13 wrong=0
pv             N=  2097152 df32             kernel=   5.0730 e2e=  13.9383 diff=5.27e-13 wrong=0
pv             N=  2097152 fp64_equivalent  kernel=   1.6879 e2e=  10.6487 diff=5.27e-13 wrong=0
pv             N=  8388608 df32             kernel=  20.3989 e2e=  55.0273 diff=5.27e-13 wrong=0
pv             N=  8388608 fp64_equivalent  kernel=   7.0221 e2e=  42.6639 diff=5.27e-13 wrong=0
pv             N= 16777216 df32             kernel=  40.7992 e2e= 110.5199 diff=5.27e-13 wrong=0
pv             N= 16777216 fp64_equivalent  kernel=  14.0080 e2e=  85.2412 diff=5.27e-13 wrong=0
cstr           N=        1 df32             kernel=   0.8965 e2e=   0.9279 diff=7.44e-14 wrong=0
cstr           N=        1 fp64_equivalent  kernel=   0.4765 e2e=   0.5294 diff=7.44e-14 wrong=0
cstr           N=        8 df32             kernel=   1.2655 e2e=   1.2806 diff=9.46e-14 wrong=0
cstr           N=        8 fp64_equivalent  kernel=   0.6329 e2e=   0.6781 diff=9.46e-14 wrong=0
cstr           N=       32 df32             kernel=   1.2957 e2e=   1.3081 diff=9.46e-14 wrong=0
cstr           N=       32 fp64_equivalent  kernel=   0.6329 e2e=   0.6776 diff=9.46e-14 wrong=0
cstr           N=      128 df32             kernel=   1.2821 e2e=   1.2921 diff=9.73e-14 wrong=0
cstr           N=      128 fp64_equivalent  kernel=   0.7108 e2e=   0.7509 diff=9.73e-14 wrong=0
cstr           N=      512 df32             kernel=   1.5281 e2e=   1.5285 diff=1.00e-13 wrong=0
cstr           N=      512 fp64_equivalent  kernel=   1.3434 e2e=   1.3545 diff=1.00e-13 wrong=0
cstr           N=     2048 df32             kernel=   1.5376 e2e=   1.5356 diff=1.08e-13 wrong=0
cstr           N=     2048 fp64_equivalent  kernel=   1.3436 e2e=   1.3517 diff=1.08e-13 wrong=0
cstr           N=     8192 df32             kernel=   1.5462 e2e=   1.5584 diff=1.08e-13 wrong=0
cstr           N=     8192 fp64_equivalent  kernel=   1.3455 e2e=   1.3702 diff=1.08e-13 wrong=0
cstr           N=    32768 df32             kernel=   1.5173 e2e=   1.7144 diff=1.36e-13 wrong=0
cstr           N=    32768 fp64_equivalent  kernel=   1.2947 e2e=   1.4937 diff=1.36e-13 wrong=0
cstr           N=   131072 df32             kernel=   5.2473 e2e=   5.9127 diff=1.72e-13 wrong=0
cstr           N=   131072 fp64_equivalent  kernel=   5.3788 e2e=   6.0339 diff=1.72e-13 wrong=0
cstr           N=   524288 df32             kernel=  17.0598 e2e=  19.4923 diff=1.72e-13 wrong=0
cstr           N=   524288 fp64_equivalent  kernel=  17.7856 e2e=  20.2847 diff=1.72e-13 wrong=0
cstr           N=  2097152 df32             kernel=  64.5507 e2e=  72.2918 diff=1.72e-13 wrong=0
cstr           N=  2097152 fp64_equivalent  kernel=  67.4524 e2e=  75.7653 diff=1.72e-13 wrong=0
cstr           N=  8388608 df32             kernel= 255.7802 e2e= 289.4799 diff=1.72e-13 wrong=0
cstr           N=  8388608 fp64_equivalent  kernel= 265.6665 e2e= 301.9561 diff=1.72e-13 wrong=0
cstr           N= 16777216 df32             kernel= 512.7205 e2e= 583.1548 diff=1.72e-13 wrong=0
cstr           N= 16777216 fp64_equivalent  kernel= 531.3091 e2e= 603.8278 diff=1.72e-13 wrong=0
peng_robinson  N=        1 df32             kernel=   0.0103 e2e=   0.0140 diff=1.11e-16 wrong=0
peng_robinson  N=        1 fp64_equivalent  kernel=   0.0102 e2e=   0.0131 diff=1.11e-16 wrong=0
peng_robinson  N=        8 df32             kernel=   0.0358 e2e=   0.0391 diff=8.06e-14 wrong=0
peng_robinson  N=        8 fp64_equivalent  kernel=   0.0144 e2e=   0.0220 diff=8.06e-14 wrong=0
peng_robinson  N=       32 df32             kernel=   0.0379 e2e=   0.0477 diff=9.21e-14 wrong=0
peng_robinson  N=       32 fp64_equivalent  kernel=   0.0164 e2e=   0.0242 diff=9.21e-14 wrong=0
peng_robinson  N=      128 df32             kernel=   0.0380 e2e=   0.0479 diff=1.00e-13 wrong=0
peng_robinson  N=      128 fp64_equivalent  kernel=   0.0185 e2e=   0.0326 diff=1.00e-13 wrong=0
peng_robinson  N=      512 df32             kernel=   0.0471 e2e=   0.0525 diff=1.01e-13 wrong=0
peng_robinson  N=      512 fp64_equivalent  kernel=   0.0317 e2e=   0.0474 diff=1.01e-13 wrong=0
peng_robinson  N=     2048 df32             kernel=   0.0453 e2e=   0.0598 diff=1.35e-13 wrong=0
peng_robinson  N=     2048 fp64_equivalent  kernel=   0.0329 e2e=   0.0475 diff=1.35e-13 wrong=0
peng_robinson  N=     8192 df32             kernel=   0.0453 e2e=   0.0933 diff=1.35e-13 wrong=0
peng_robinson  N=     8192 fp64_equivalent  kernel=   0.0329 e2e=   0.0834 diff=1.35e-13 wrong=0
peng_robinson  N=    32768 df32             kernel=   0.0473 e2e=   0.2086 diff=1.88e-13 wrong=0
peng_robinson  N=    32768 fp64_equivalent  kernel=   0.0348 e2e=   0.1872 diff=1.88e-13 wrong=0
peng_robinson  N=   131072 df32             kernel=   0.1254 e2e=   0.7013 diff=1.96e-13 wrong=0
peng_robinson  N=   131072 fp64_equivalent  kernel=   0.1179 e2e=   0.6882 diff=1.96e-13 wrong=0
peng_robinson  N=   524288 df32             kernel=   0.3993 e2e=   2.7503 diff=1.96e-13 wrong=0
peng_robinson  N=   524288 fp64_equivalent  kernel=   0.3707 e2e=   2.6913 diff=1.96e-13 wrong=0
peng_robinson  N=  2097152 df32             kernel=   1.4742 e2e=  10.6423 diff=1.96e-13 wrong=0
peng_robinson  N=  2097152 fp64_equivalent  kernel=   1.3844 e2e=  10.3733 diff=1.96e-13 wrong=0
peng_robinson  N=  8388608 df32             kernel=   6.1834 e2e=  41.6115 diff=1.96e-13 wrong=0
peng_robinson  N=  8388608 fp64_equivalent  kernel=   5.7069 e2e=  41.4170 diff=1.96e-13 wrong=0
peng_robinson  N= 16777216 df32             kernel=  12.4746 e2e=  83.1016 diff=1.96e-13 wrong=0
peng_robinson  N= 16777216 fp64_equivalent  kernel=  11.5180 e2e=  82.9722 diff=1.96e-13 wrong=0
