bem            n=        1 omp_parallel_simd median=    0.0190 ms
bem            n=        8 omp_parallel_simd median=    0.0185 ms
bem            n=       32 omp_parallel_simd median=    0.0191 ms
bem            n=      128 omp_parallel_simd median=    0.0205 ms
bem            n=      512 omp_parallel_simd median=    0.0252 ms
bem            n=     2048 omp_parallel_simd median=    0.0503 ms
bem            n=     8192 omp_parallel_simd median=    0.1658 ms
bem            n=    32768 omp_parallel_simd median=    0.6551 ms
bem            n=   131072 omp_parallel_simd median=    2.5871 ms
bem            n=   524288 omp_parallel_simd median=   10.3336 ms
bem            n=  2097152 omp_parallel_simd median=   42.8393 ms
bem            n=  8388608 omp_parallel_simd median=  141.7246 ms
bem            n= 16777216 omp_parallel_simd median=  281.7875 ms
kepler         n=        1 omp_parallel_simd median=    0.0191 ms
kepler         n=        8 omp_parallel_simd median=    0.0189 ms
kepler         n=       32 omp_parallel_simd median=    0.0192 ms
kepler         n=      128 omp_parallel_simd median=    0.0201 ms
kepler         n=      512 omp_parallel_simd median=    0.0236 ms
kepler         n=     2048 omp_parallel_simd median=    0.0386 ms
kepler         n=     8192 omp_parallel_simd median=    0.1068 ms
kepler         n=    32768 omp_parallel_simd median=    0.4358 ms
kepler         n=   131072 omp_parallel_simd median=    1.6796 ms
kepler         n=   524288 omp_parallel_simd median=    6.8216 ms
kepler         n=  2097152 omp_parallel_simd median=   28.3598 ms
kepler         n=  8388608 omp_parallel_simd median=  111.5354 ms
kepler         n= 16777216 omp_parallel_simd median=  222.3179 ms
pv             n=        1 omp_parallel_simd median=    0.0192 ms
pv             n=        8 omp_parallel_simd median=    0.0193 ms
pv             n=       32 omp_parallel_simd median=    0.0193 ms
pv             n=      128 omp_parallel_simd median=    0.0199 ms
pv             n=      512 omp_parallel_simd median=    0.0348 ms
pv             n=     2048 omp_parallel_simd median=    0.0733 ms
pv             n=     8192 omp_parallel_simd median=    0.0809 ms
pv             n=    32768 omp_parallel_simd median=    0.2688 ms
pv             n=   131072 omp_parallel_simd median=    1.0769 ms
pv             n=   524288 omp_parallel_simd median=    4.2921 ms
pv             n=  2097152 omp_parallel_simd median=   17.0402 ms
pv             n=  8388608 omp_parallel_simd median=   73.0029 ms
pv             n= 16777216 omp_parallel_simd median=  146.6951 ms
cstr           n=        1 omp_parallel_simd median=    0.0189 ms
cstr           n=        8 omp_parallel_simd median=    0.0186 ms
cstr           n=       32 omp_parallel_simd median=    0.0191 ms
cstr           n=      128 omp_parallel_simd median=    0.0358 ms
cstr           n=      512 omp_parallel_simd median=    0.0898 ms
cstr           n=     2048 omp_parallel_simd median=    0.1246 ms
cstr           n=     8192 omp_parallel_simd median=    0.2926 ms
cstr           n=    32768 omp_parallel_simd median=    1.1490 ms
cstr           n=   131072 omp_parallel_simd median=    5.8297 ms
cstr           n=   524288 omp_parallel_simd median=   23.5332 ms
cstr           n=  2097152 omp_parallel_simd median=   95.2570 ms
cstr           n=  8388608 omp_parallel_simd median=  381.9301 ms
cstr           n= 16777216 omp_parallel_simd median=  761.7244 ms
peng_robinson  n=        1 omp_parallel_simd median=    0.0189 ms
peng_robinson  n=        8 omp_parallel_simd median=    0.0190 ms
peng_robinson  n=       32 omp_parallel_simd median=    0.0190 ms
peng_robinson  n=      128 omp_parallel_simd median=    0.0192 ms
peng_robinson  n=      512 omp_parallel_simd median=    0.0194 ms
peng_robinson  n=     2048 omp_parallel_simd median=    0.0215 ms
peng_robinson  n=     8192 omp_parallel_simd median=    0.0292 ms
peng_robinson  n=    32768 omp_parallel_simd median=    0.0652 ms
peng_robinson  n=   131072 omp_parallel_simd median=    0.2072 ms
peng_robinson  n=   524288 omp_parallel_simd median=    0.7336 ms
peng_robinson  n=  2097152 omp_parallel_simd median=    2.4527 ms
peng_robinson  n=  8388608 omp_parallel_simd median=    7.4920 ms
peng_robinson  n= 16777216 omp_parallel_simd median=   13.6952 ms
