bem            n=        1 omp_parallel_simd median=    0.0189 ms
bem            n=        8 omp_parallel_simd median=    0.0186 ms
bem            n=       32 omp_parallel_simd median=    0.0193 ms
bem            n=      128 omp_parallel_simd median=    0.0207 ms
bem            n=      512 omp_parallel_simd median=    0.0261 ms
bem            n=     2048 omp_parallel_simd median=    0.0471 ms
bem            n=     8192 omp_parallel_simd median=    0.1441 ms
bem            n=    32768 omp_parallel_simd median=    0.5746 ms
bem            n=   131072 omp_parallel_simd median=    2.2114 ms
bem            n=   524288 omp_parallel_simd median=    8.8997 ms
bem            n=  2097152 omp_parallel_simd median=   36.2649 ms
bem            n=  8388608 omp_parallel_simd median=  143.1774 ms
bem            n= 16777216 omp_parallel_simd median=  285.1143 ms
kepler         n=        1 omp_parallel_simd median=    0.0191 ms
kepler         n=        8 omp_parallel_simd median=    0.0189 ms
kepler         n=       32 omp_parallel_simd median=    0.0194 ms
kepler         n=      128 omp_parallel_simd median=    0.0205 ms
kepler         n=      512 omp_parallel_simd median=    0.0244 ms
kepler         n=     2048 omp_parallel_simd median=    0.0399 ms
kepler         n=     8192 omp_parallel_simd median=    0.1160 ms
kepler         n=    32768 omp_parallel_simd median=    0.4578 ms
kepler         n=   131072 omp_parallel_simd median=    1.7702 ms
kepler         n=   524288 omp_parallel_simd median=    7.2433 ms
kepler         n=  2097152 omp_parallel_simd median=   29.4684 ms
kepler         n=  8388608 omp_parallel_simd median=  117.0163 ms
kepler         n= 16777216 omp_parallel_simd median=  232.5469 ms
pv             n=        1 omp_parallel_simd median=    0.0193 ms
pv             n=        8 omp_parallel_simd median=    0.0192 ms
pv             n=       32 omp_parallel_simd median=    0.0197 ms
pv             n=      128 omp_parallel_simd median=    0.0203 ms
pv             n=      512 omp_parallel_simd median=    0.0233 ms
pv             n=     2048 omp_parallel_simd median=    0.0352 ms
pv             n=     8192 omp_parallel_simd median=    0.0958 ms
pv             n=    32768 omp_parallel_simd median=    0.3669 ms
pv             n=   131072 omp_parallel_simd median=    1.4136 ms
pv             n=   524288 omp_parallel_simd median=    5.7085 ms
pv             n=  2097152 omp_parallel_simd median=   22.7445 ms
pv             n=  8388608 omp_parallel_simd median=   93.2690 ms
pv             n= 16777216 omp_parallel_simd median=  185.7818 ms
cstr           n=        1 omp_parallel_simd median=    0.0192 ms
cstr           n=        8 omp_parallel_simd median=    0.0188 ms
cstr           n=       32 omp_parallel_simd median=    0.0196 ms
cstr           n=      128 omp_parallel_simd median=    0.0358 ms
cstr           n=      512 omp_parallel_simd median=    0.0605 ms
cstr           n=     2048 omp_parallel_simd median=    0.0883 ms
cstr           n=     8192 omp_parallel_simd median=    0.3240 ms
cstr           n=    32768 omp_parallel_simd median=    1.3067 ms
cstr           n=   131072 omp_parallel_simd median=    6.2386 ms
cstr           n=   524288 omp_parallel_simd median=   25.1898 ms
cstr           n=  2097152 omp_parallel_simd median=  100.8394 ms
cstr           n=  8388608 omp_parallel_simd median=  406.3847 ms
cstr           n= 16777216 omp_parallel_simd median=  813.7452 ms
peng_robinson  n=        1 omp_parallel_simd median=    0.0192 ms
peng_robinson  n=        8 omp_parallel_simd median=    0.0192 ms
peng_robinson  n=       32 omp_parallel_simd median=    0.0194 ms
peng_robinson  n=      128 omp_parallel_simd median=    0.0194 ms
peng_robinson  n=      512 omp_parallel_simd median=    0.0198 ms
peng_robinson  n=     2048 omp_parallel_simd median=    0.0219 ms
peng_robinson  n=     8192 omp_parallel_simd median=    0.0298 ms
peng_robinson  n=    32768 omp_parallel_simd median=    0.0645 ms
peng_robinson  n=   131072 omp_parallel_simd median=    0.2120 ms
peng_robinson  n=   524288 omp_parallel_simd median=    0.7676 ms
peng_robinson  n=  2097152 omp_parallel_simd median=    2.6629 ms
peng_robinson  n=  8388608 omp_parallel_simd median=    8.8135 ms
peng_robinson  n= 16777216 omp_parallel_simd median=   15.4662 ms
