bem            N=        1 safeguarded_halley   kernel=   0.2832 e2e=   0.2858 wrong=0 it99=44
bem            N=        1 brent_dekker         kernel=   0.1211 e2e=   0.1233 wrong=0 it99=43
bem            N=        1 bracketed_secant     kernel=   0.1128 e2e=   0.1176 wrong=0 it99=40
bem            N=        1 safeguarded_newton   kernel=   0.1469 e2e=   0.1496 wrong=0 it99=44
bem            N=        8 bracketed_secant     kernel=   0.1128 e2e=   0.1190 wrong=0 it99=40
bem            N=        8 safeguarded_newton   kernel=   0.1470 e2e=   0.1496 wrong=0 it99=44
bem            N=        8 safeguarded_halley   kernel=   0.2832 e2e=   0.2858 wrong=0 it99=44
bem            N=        8 brent_dekker         kernel=   0.1603 e2e=   0.1639 wrong=0 it99=43
bem            N=       32 bracketed_secant     kernel=   0.1128 e2e=   0.1226 wrong=0 it99=40
bem            N=       32 safeguarded_halley   kernel=   0.2957 e2e=   0.3072 wrong=0 it99=46
bem            N=       32 safeguarded_newton   kernel=   0.1470 e2e=   0.1595 wrong=0 it99=44
bem            N=       32 brent_dekker         kernel=   0.1643 e2e=   0.1721 wrong=0 it99=43
bem            N=      128 safeguarded_halley   kernel=   0.3202 e2e=   0.3318 wrong=0 it99=47
bem            N=      128 bracketed_secant     kernel=   0.1211 e2e=   0.1348 wrong=0 it99=40
bem            N=      128 brent_dekker         kernel=   0.1765 e2e=   0.1844 wrong=0 it99=43
bem            N=      128 safeguarded_newton   kernel=   0.1561 e2e=   0.1680 wrong=0 it99=44
bem            N=      512 safeguarded_halley   kernel=   0.5955 e2e=   0.6044 wrong=0 it99=47
bem            N=      512 bracketed_secant     kernel=   0.2245 e2e=   0.2335 wrong=0 it99=40
bem            N=      512 brent_dekker         kernel=   0.3234 e2e=   0.3320 wrong=0 it99=43
bem            N=      512 safeguarded_newton   kernel=   0.2869 e2e=   0.2951 wrong=0 it99=44
bem            N=     2048 safeguarded_halley   kernel=   0.6051 e2e=   0.6181 wrong=0 it99=47
bem            N=     2048 bracketed_secant     kernel=   0.2249 e2e=   0.2453 wrong=0 it99=40
bem            N=     2048 safeguarded_newton   kernel=   0.2864 e2e=   0.3067 wrong=0 it99=44
bem            N=     2048 brent_dekker         kernel=   0.3250 e2e=   0.3439 wrong=0 it99=44
bem            N=     8192 safeguarded_newton   kernel=   0.2868 e2e=   0.3269 wrong=0 it99=44
bem            N=     8192 brent_dekker         kernel=   0.3255 e2e=   0.3649 wrong=0 it99=44
bem            N=     8192 bracketed_secant     kernel=   0.2257 e2e=   0.2655 wrong=0 it99=40
bem            N=     8192 safeguarded_halley   kernel=   0.6077 e2e=   0.6461 wrong=0 it99=47
bem            N=    32768 bracketed_secant     kernel=   0.2274 e2e=   0.3487 wrong=0 it99=40
bem            N=    32768 safeguarded_newton   kernel=   0.2872 e2e=   0.4105 wrong=0 it99=44
bem            N=    32768 safeguarded_halley   kernel=   0.6132 e2e=   0.7393 wrong=0 it99=47
bem            N=    32768 brent_dekker         kernel=   0.3259 e2e=   0.4487 wrong=0 it99=44
bem            N=   131072 safeguarded_halley   kernel=   2.3614 e2e=   2.8200 wrong=0 it99=47
bem            N=   131072 safeguarded_newton   kernel=   1.1428 e2e=   1.6027 wrong=0 it99=44
bem            N=   131072 bracketed_secant     kernel=   0.8888 e2e=   1.3484 wrong=0 it99=40
bem            N=   131072 brent_dekker         kernel=   1.2844 e2e=   1.7417 wrong=0 it99=44
bem            N=   524288 brent_dekker         kernel=   4.1765 e2e=   6.0062 wrong=0 it99=44
bem            N=   524288 bracketed_secant     kernel=   2.8762 e2e=   4.7024 wrong=0 it99=40
bem            N=   524288 safeguarded_newton   kernel=   3.7063 e2e=   5.5373 wrong=0 it99=44
bem            N=   524288 safeguarded_halley   kernel=   7.6453 e2e=   9.4857 wrong=0 it99=47
bem            N=  2097152 safeguarded_halley   kernel=  28.8252 e2e=  35.9341 wrong=0 it99=47
bem            N=  2097152 safeguarded_newton   kernel=  14.0202 e2e=  21.0979 wrong=0 it99=44
bem            N=  2097152 brent_dekker         kernel=  15.7884 e2e=  22.8821 wrong=0 it99=44
bem            N=  2097152 bracketed_secant     kernel=  10.8767 e2e=  18.0171 wrong=0 it99=40
bem            N=  8388608 safeguarded_halley   kernel= 113.7429 e2e= 142.1196 wrong=0 it99=47
bem            N=  8388608 safeguarded_newton   kernel=  55.5000 e2e=  83.7994 wrong=0 it99=44
bem            N=  8388608 bracketed_secant     kernel=  42.8165 e2e=  71.1913 wrong=0 it99=40
bem            N=  8388608 brent_dekker         kernel=  62.4336 e2e=  90.8025 wrong=0 it99=44
bem            N= 16777216 bracketed_secant     kernel=  85.8162 e2e= 142.3358 wrong=0 it99=40
bem            N= 16777216 brent_dekker         kernel= 124.5498 e2e= 181.2245 wrong=0 it99=44
bem            N= 16777216 safeguarded_halley   kernel= 227.2645 e2e= 284.0897 wrong=0 it99=47
bem            N= 16777216 safeguarded_newton   kernel= 110.6678 e2e= 167.2633 wrong=0 it99=44
kepler         N=        1 brent_dekker         kernel=   0.0494 e2e=   0.0515 wrong=0 it99=32
kepler         N=        1 safeguarded_halley   kernel=   0.0225 e2e=   0.0247 wrong=0 it99=8
kepler         N=        1 safeguarded_newton   kernel=   0.0225 e2e=   0.0265 wrong=0 it99=13
kepler         N=        1 bracketed_secant     kernel=   0.0802 e2e=   0.0876 wrong=0 it99=63
kepler         N=        1 mikkola_kepler       kernel=   0.0102 e2e=   0.0134 wrong=0 it99=4
kepler         N=        8 mikkola_kepler       kernel=   0.0103 e2e=   0.0138 wrong=0 it99=4
kepler         N=        8 bracketed_secant     kernel=   0.0801 e2e=   0.0877 wrong=0 it99=55
kepler         N=        8 safeguarded_halley   kernel=   0.0225 e2e=   0.0248 wrong=0 it99=7
kepler         N=        8 brent_dekker         kernel=   0.0801 e2e=   0.0877 wrong=0 it99=41
kepler         N=        8 safeguarded_newton   kernel=   0.0242 e2e=   0.0267 wrong=0 it99=11
kepler         N=       32 safeguarded_halley   kernel=   0.0287 e2e=   0.0363 wrong=0 it99=11
kepler         N=       32 mikkola_kepler       kernel=   0.0103 e2e=   0.0210 wrong=0 it99=4
kepler         N=       32 brent_dekker         kernel=   0.0883 e2e=   0.0980 wrong=0 it99=45
kepler         N=       32 safeguarded_newton   kernel=   0.0307 e2e=   0.0366 wrong=0 it99=18
kepler         N=       32 bracketed_secant     kernel=   0.1060 e2e=   0.1203 wrong=0 it99=83
kepler         N=      128 safeguarded_newton   kernel=   0.0348 e2e=   0.0477 wrong=0 it99=18
kepler         N=      128 mikkola_kepler       kernel=   0.0123 e2e=   0.0213 wrong=0 it99=4
kepler         N=      128 safeguarded_halley   kernel=   0.0328 e2e=   0.0474 wrong=0 it99=11
kepler         N=      128 bracketed_secant     kernel=   0.1195 e2e=   0.1347 wrong=0 it99=83
kepler         N=      128 brent_dekker         kernel=   0.0973 e2e=   0.1102 wrong=0 it99=46
kepler         N=      512 safeguarded_newton   kernel=   0.0576 e2e=   0.0651 wrong=0 it99=19
kepler         N=      512 brent_dekker         kernel=   0.1787 e2e=   0.1963 wrong=0 it99=46
kepler         N=      512 mikkola_kepler       kernel=   0.0184 e2e=   0.0258 wrong=0 it99=4
kepler         N=      512 safeguarded_halley   kernel=   0.0555 e2e=   0.0700 wrong=0 it99=12
kepler         N=      512 bracketed_secant     kernel=   0.2093 e2e=   0.2212 wrong=0 it99=87
kepler         N=     2048 brent_dekker         kernel=   0.1795 e2e=   0.1967 wrong=0 it99=47
kepler         N=     2048 safeguarded_halley   kernel=   0.0554 e2e=   0.0735 wrong=0 it99=12
kepler         N=     2048 safeguarded_newton   kernel=   0.0574 e2e=   0.0745 wrong=0 it99=19
kepler         N=     2048 mikkola_kepler       kernel=   0.0184 e2e=   0.0349 wrong=0 it99=4
kepler         N=     2048 bracketed_secant     kernel=   0.2108 e2e=   0.2282 wrong=0 it99=87
kepler         N=     8192 brent_dekker         kernel=   0.1802 e2e=   0.2189 wrong=0 it99=47
kepler         N=     8192 safeguarded_newton   kernel=   0.0594 e2e=   0.1009 wrong=0 it99=19
kepler         N=     8192 safeguarded_halley   kernel=   0.0573 e2e=   0.0960 wrong=0 it99=12
kepler         N=     8192 mikkola_kepler       kernel=   0.0184 e2e=   0.0569 wrong=0 it99=4
kepler         N=     8192 bracketed_secant     kernel=   0.2151 e2e=   0.2537 wrong=0 it99=87
kepler         N=    32768 safeguarded_newton   kernel=   0.0595 e2e=   0.1833 wrong=0 it99=19
kepler         N=    32768 bracketed_secant     kernel=   0.2172 e2e=   0.3398 wrong=0 it99=87
kepler         N=    32768 brent_dekker         kernel=   0.1840 e2e=   0.3070 wrong=0 it99=47
kepler         N=    32768 safeguarded_halley   kernel=   0.0574 e2e=   0.1784 wrong=0 it99=12
kepler         N=    32768 mikkola_kepler       kernel=   0.0185 e2e=   0.1387 wrong=0 it99=4
kepler         N=   131072 safeguarded_newton   kernel=   0.2247 e2e=   0.6784 wrong=0 it99=19
kepler         N=   131072 bracketed_secant     kernel=   0.8480 e2e=   1.3026 wrong=0 it99=87
kepler         N=   131072 mikkola_kepler       kernel=   0.0670 e2e=   0.5216 wrong=0 it99=4
kepler         N=   131072 brent_dekker         kernel=   0.7026 e2e=   1.1607 wrong=0 it99=47
kepler         N=   131072 safeguarded_halley   kernel=   0.2163 e2e=   0.6722 wrong=0 it99=12
kepler         N=   524288 brent_dekker         kernel=   2.2678 e2e=   4.0446 wrong=0 it99=47
kepler         N=   524288 mikkola_kepler       kernel=   0.2082 e2e=   1.9826 wrong=0 it99=4
kepler         N=   524288 safeguarded_halley   kernel=   0.7280 e2e=   2.5060 wrong=0 it99=12
kepler         N=   524288 safeguarded_newton   kernel=   0.7548 e2e=   2.4965 wrong=0 it99=19
kepler         N=   524288 bracketed_secant     kernel=   2.8844 e2e=   4.6506 wrong=0 it99=87
kepler         N=  2097152 brent_dekker         kernel=   8.5388 e2e=  15.6502 wrong=0 it99=47
kepler         N=  2097152 bracketed_secant     kernel=  10.3740 e2e=  17.4679 wrong=0 it99=87
kepler         N=  2097152 safeguarded_newton   kernel=   2.7041 e2e=   9.8115 wrong=0 it99=19
kepler         N=  2097152 safeguarded_halley   kernel=   2.6290 e2e=   9.7411 wrong=0 it99=12
kepler         N=  2097152 mikkola_kepler       kernel=   0.7746 e2e=   7.8967 wrong=0 it99=4
kepler         N=  8388608 bracketed_secant     kernel=  40.4830 e2e=  68.8346 wrong=0 it99=87
kepler         N=  8388608 mikkola_kepler       kernel=   3.0477 e2e=  31.2788 wrong=0 it99=4
kepler         N=  8388608 safeguarded_newton   kernel=  10.6303 e2e=  38.8784 wrong=0 it99=19
kepler         N=  8388608 safeguarded_halley   kernel=  10.2695 e2e=  38.5010 wrong=0 it99=12
kepler         N=  8388608 brent_dekker         kernel=  33.6080 e2e=  61.8755 wrong=0 it99=47
kepler         N= 16777216 safeguarded_newton   kernel=  21.2081 e2e=  77.6653 wrong=0 it99=19
kepler         N= 16777216 brent_dekker         kernel=  67.4453 e2e= 123.9593 wrong=0 it99=47
kepler         N= 16777216 safeguarded_halley   kernel=  20.4808 e2e=  76.9371 wrong=0 it99=12
kepler         N= 16777216 mikkola_kepler       kernel=   6.0800 e2e=  62.5033 wrong=0 it99=4
kepler         N= 16777216 bracketed_secant     kernel=  81.0320 e2e= 137.5723 wrong=0 it99=87
pv             N=        1 safeguarded_newton   kernel=   0.0123 e2e=   0.0148 wrong=0 it99=3
pv             N=        1 brent_dekker         kernel=   0.0699 e2e=   0.0752 wrong=0 it99=36
pv             N=        1 bracketed_secant     kernel=   0.0103 e2e=   0.0129 wrong=0 it99=2
pv             N=        1 safeguarded_halley   kernel=   0.0143 e2e=   0.0197 wrong=0 it99=3
pv             N=        1 lambert_w            kernel=   0.0082 e2e=   0.0129 wrong=0 it99=1
pv             N=        1 bishop_transform     kernel=   0.0555 e2e=   0.0628 wrong=0 it99=46
pv             N=        1 chandrupatla         kernel=   0.0164 e2e=   0.0246 wrong=0 it99=3
pv             N=        8 chandrupatla         kernel=   0.0328 e2e=   0.0384 wrong=0 it99=7
pv             N=        8 safeguarded_newton   kernel=   0.0205 e2e=   0.0259 wrong=0 it99=5
pv             N=        8 lambert_w            kernel=   0.0164 e2e=   0.0247 wrong=0 it99=6
pv             N=        8 bishop_transform     kernel=   0.0555 e2e=   0.0629 wrong=0 it99=47
pv             N=        8 brent_dekker         kernel=   0.0986 e2e=   0.1010 wrong=0 it99=38
pv             N=        8 safeguarded_halley   kernel=   0.0225 e2e=   0.0247 wrong=0 it99=5
pv             N=        8 bracketed_secant     kernel=   0.0678 e2e=   0.0752 wrong=0 it99=25
pv             N=       32 lambert_w            kernel=   0.0164 e2e=   0.0235 wrong=0 it99=6
pv             N=       32 bracketed_secant     kernel=   0.0801 e2e=   0.0859 wrong=0 it99=38
pv             N=       32 chandrupatla         kernel=   0.0493 e2e=   0.0606 wrong=0 it99=8
pv             N=       32 safeguarded_newton   kernel=   0.0266 e2e=   0.0357 wrong=0 it99=9
pv             N=       32 bishop_transform     kernel=   0.0555 e2e=   0.0615 wrong=0 it99=47
pv             N=       32 safeguarded_halley   kernel=   0.0287 e2e=   0.0362 wrong=0 it99=6
pv             N=       32 brent_dekker         kernel=   0.1088 e2e=   0.1224 wrong=0 it99=45
pv             N=      128 safeguarded_newton   kernel=   0.0284 e2e=   0.0360 wrong=0 it99=9
pv             N=      128 lambert_w            kernel=   0.0184 e2e=   0.0240 wrong=0 it99=6
pv             N=      128 brent_dekker         kernel=   0.1185 e2e=   0.1242 wrong=0 it99=46
pv             N=      128 bishop_transform     kernel=   0.0616 e2e=   0.0731 wrong=0 it99=47
pv             N=      128 bracketed_secant     kernel=   0.0843 e2e=   0.0977 wrong=0 it99=35
pv             N=      128 safeguarded_halley   kernel=   0.0307 e2e=   0.0365 wrong=0 it99=6
pv             N=      128 chandrupatla         kernel=   0.0515 e2e=   0.0610 wrong=0 it99=8
pv             N=      512 chandrupatla         kernel=   0.0822 e2e=   0.0976 wrong=0 it99=10
pv             N=      512 safeguarded_halley   kernel=   0.0514 e2e=   0.0610 wrong=0 it99=6
pv             N=      512 lambert_w            kernel=   0.0321 e2e=   0.0474 wrong=0 it99=6
pv             N=      512 brent_dekker         kernel=   0.2081 e2e=   0.2211 wrong=0 it99=46
pv             N=      512 bishop_transform     kernel=   0.1149 e2e=   0.1229 wrong=0 it99=47
pv             N=      512 safeguarded_newton   kernel=   0.0450 e2e=   0.0602 wrong=0 it99=9
pv             N=      512 bracketed_secant     kernel=   0.1399 e2e=   0.1480 wrong=0 it99=38
pv             N=     2048 brent_dekker         kernel=   0.2130 e2e=   0.2331 wrong=0 it99=48
pv             N=     2048 chandrupatla         kernel=   0.0860 e2e=   0.1000 wrong=0 it99=10
pv             N=     2048 safeguarded_halley   kernel=   0.0512 e2e=   0.0641 wrong=0 it99=6
pv             N=     2048 bishop_transform     kernel=   0.1148 e2e=   0.1349 wrong=0 it99=47
pv             N=     2048 lambert_w            kernel=   0.0322 e2e=   0.0492 wrong=0 it99=6
pv             N=     2048 bracketed_secant     kernel=   0.1397 e2e=   0.1593 wrong=0 it99=37
pv             N=     2048 safeguarded_newton   kernel=   0.0451 e2e=   0.0620 wrong=0 it99=9
pv             N=     8192 chandrupatla         kernel=   0.0860 e2e=   0.1275 wrong=0 it99=10
pv             N=     8192 bishop_transform     kernel=   0.1148 e2e=   0.1548 wrong=0 it99=47
pv             N=     8192 lambert_w            kernel=   0.0327 e2e=   0.0703 wrong=0 it99=6
pv             N=     8192 bracketed_secant     kernel=   0.1396 e2e=   0.1795 wrong=0 it99=36
pv             N=     8192 safeguarded_newton   kernel=   0.0471 e2e=   0.0880 wrong=0 it99=9
pv             N=     8192 brent_dekker         kernel=   0.2160 e2e=   0.2546 wrong=0 it99=48
pv             N=     8192 safeguarded_halley   kernel=   0.0533 e2e=   0.0932 wrong=0 it99=6
pv             N=    32768 safeguarded_halley   kernel=   0.0534 e2e=   0.1744 wrong=0 it99=6
pv             N=    32768 brent_dekker         kernel=   0.2308 e2e=   0.3537 wrong=0 it99=48
pv             N=    32768 lambert_w            kernel=   0.0328 e2e=   0.1565 wrong=0 it99=6
pv             N=    32768 chandrupatla         kernel=   0.0926 e2e=   0.2159 wrong=0 it99=10
pv             N=    32768 safeguarded_newton   kernel=   0.0493 e2e=   0.1742 wrong=0 it99=9
pv             N=    32768 bishop_transform     kernel=   0.1151 e2e=   0.2381 wrong=0 it99=47
pv             N=    32768 bracketed_secant     kernel=   0.1468 e2e=   0.2730 wrong=0 it99=36
pv             N=   131072 lambert_w            kernel=   0.1201 e2e=   0.5769 wrong=0 it99=6
pv             N=   131072 chandrupatla         kernel=   0.2959 e2e=   0.7531 wrong=0 it99=10
pv             N=   131072 safeguarded_halley   kernel=   0.1771 e2e=   0.6312 wrong=0 it99=6
pv             N=   131072 bishop_transform     kernel=   0.4527 e2e=   0.9074 wrong=0 it99=47
pv             N=   131072 brent_dekker         kernel=   0.8295 e2e=   1.2856 wrong=0 it99=48
pv             N=   131072 safeguarded_newton   kernel=   0.1619 e2e=   0.6157 wrong=0 it99=9
pv             N=   131072 bracketed_secant     kernel=   0.5042 e2e=   0.9558 wrong=0 it99=36
pv             N=   524288 brent_dekker         kernel=   2.6487 e2e=   4.4270 wrong=0 it99=48
pv             N=   524288 safeguarded_halley   kernel=   0.5389 e2e=   2.3197 wrong=0 it99=6
pv             N=   524288 bishop_transform     kernel=   1.4662 e2e=   3.2419 wrong=0 it99=47
pv             N=   524288 safeguarded_newton   kernel=   0.5047 e2e=   2.2791 wrong=0 it99=9
pv             N=   524288 chandrupatla         kernel=   0.9379 e2e=   2.7127 wrong=0 it99=10
pv             N=   524288 lambert_w            kernel=   0.3805 e2e=   2.1585 wrong=0 it99=6
pv             N=   524288 bracketed_secant     kernel=   1.5780 e2e=   3.3720 wrong=0 it99=36
pv             N=  2097152 chandrupatla         kernel=   3.4830 e2e=  10.5959 wrong=0 it99=10
pv             N=  2097152 safeguarded_newton   kernel=   1.8761 e2e=   8.9667 wrong=0 it99=9
pv             N=  2097152 safeguarded_halley   kernel=   2.0257 e2e=   9.1170 wrong=0 it99=6
pv             N=  2097152 bracketed_secant     kernel=   5.9068 e2e=  13.0120 wrong=0 it99=36
pv             N=  2097152 lambert_w            kernel=   1.4290 e2e=   8.5067 wrong=0 it99=6
pv             N=  2097152 brent_dekker         kernel=   9.9666 e2e=  17.1152 wrong=0 it99=48
pv             N=  2097152 bishop_transform     kernel=   5.5198 e2e=  12.6432 wrong=0 it99=47
pv             N=  8388608 brent_dekker         kernel=  39.2242 e2e=  67.5238 wrong=0 it99=48
pv             N=  8388608 lambert_w            kernel=   5.6148 e2e=  33.8677 wrong=0 it99=6
pv             N=  8388608 chandrupatla         kernel=  13.6695 e2e=  41.9264 wrong=0 it99=10
pv             N=  8388608 safeguarded_newton   kernel=   7.3524 e2e=  35.5723 wrong=0 it99=9
pv             N=  8388608 bishop_transform     kernel=  21.7274 e2e=  50.9380 wrong=0 it99=47
pv             N=  8388608 safeguarded_halley   kernel=   7.9393 e2e=  36.9084 wrong=0 it99=6
pv             N=  8388608 bracketed_secant     kernel=  23.7581 e2e=  52.0850 wrong=0 it99=36
pv             N= 16777216 bracketed_secant     kernel=  46.2194 e2e= 102.7182 wrong=0 it99=36
pv             N= 16777216 safeguarded_halley   kernel=  15.8241 e2e=  72.2906 wrong=0 it99=6
pv             N= 16777216 chandrupatla         kernel=  27.2666 e2e=  83.7882 wrong=0 it99=10
pv             N= 16777216 lambert_w            kernel=  11.2106 e2e=  67.6973 wrong=0 it99=6
pv             N= 16777216 safeguarded_newton   kernel=  14.6670 e2e=  71.0937 wrong=0 it99=9
pv             N= 16777216 brent_dekker         kernel=  78.5247 e2e= 135.0798 wrong=0 it99=48
pv             N= 16777216 bishop_transform     kernel=  43.4538 e2e= 100.1520 wrong=0 it99=47
cstr           N=        1 bracketed_secant     kernel=   0.3039 e2e=   0.3092 wrong=0 it99=5
cstr           N=        1 safeguarded_halley   kernel=   0.3093 e2e=   0.3148 wrong=0 it99=3
cstr           N=        1 safeguarded_newton   kernel=   0.3047 e2e=   0.3092 wrong=0 it99=4
cstr           N=        1 brent_dekker         kernel=   0.3284 e2e=   0.3338 wrong=0 it99=17
cstr           N=        8 brent_dekker         kernel=   0.3586 e2e=   0.3665 wrong=0 it99=31
cstr           N=        8 safeguarded_halley   kernel=   0.3092 e2e=   0.3157 wrong=0 it99=3
cstr           N=        8 safeguarded_newton   kernel=   0.3038 e2e=   0.3092 wrong=0 it99=4
cstr           N=        8 bracketed_secant     kernel=   0.3034 e2e=   0.3092 wrong=0 it99=4
cstr           N=       32 safeguarded_halley   kernel=   0.3094 e2e=   0.3195 wrong=0 it99=3
cstr           N=       32 brent_dekker         kernel=   0.3695 e2e=   0.3810 wrong=0 it99=35
cstr           N=       32 safeguarded_newton   kernel=   0.3046 e2e=   0.3194 wrong=0 it99=4
cstr           N=       32 bracketed_secant     kernel=   0.3055 e2e=   0.3194 wrong=0 it99=5
cstr           N=      128 brent_dekker         kernel=   0.4031 e2e=   0.4091 wrong=0 it99=35
cstr           N=      128 safeguarded_newton   kernel=   0.3333 e2e=   0.3441 wrong=0 it99=4
cstr           N=      128 safeguarded_halley   kernel=   0.3384 e2e=   0.3443 wrong=0 it99=3
cstr           N=      128 bracketed_secant     kernel=   0.3347 e2e=   0.3441 wrong=0 it99=6
cstr           N=      512 brent_dekker         kernel=   0.7317 e2e=   0.7402 wrong=0 it99=36
cstr           N=      512 safeguarded_halley   kernel=   0.6098 e2e=   0.6184 wrong=0 it99=3
cstr           N=      512 safeguarded_newton   kernel=   0.6007 e2e=   0.6151 wrong=0 it99=4
cstr           N=      512 bracketed_secant     kernel=   0.6054 e2e=   0.6158 wrong=0 it99=6
cstr           N=     2048 bracketed_secant     kernel=   0.6064 e2e=   0.6194 wrong=0 it99=6
cstr           N=     2048 safeguarded_halley   kernel=   0.6117 e2e=   0.6271 wrong=0 it99=3
cstr           N=     2048 safeguarded_newton   kernel=   0.6031 e2e=   0.6170 wrong=0 it99=4
cstr           N=     2048 brent_dekker         kernel=   0.7322 e2e=   0.7465 wrong=0 it99=36
cstr           N=     8192 bracketed_secant     kernel=   0.6082 e2e=   0.6459 wrong=0 it99=6
cstr           N=     8192 brent_dekker         kernel=   0.7350 e2e=   0.7726 wrong=0 it99=36
cstr           N=     8192 safeguarded_halley   kernel=   0.6130 e2e=   0.6507 wrong=0 it99=3
cstr           N=     8192 safeguarded_newton   kernel=   0.6042 e2e=   0.6417 wrong=0 it99=4
cstr           N=    32768 safeguarded_halley   kernel=   0.6128 e2e=   0.7334 wrong=0 it99=3
cstr           N=    32768 brent_dekker         kernel=   0.7355 e2e=   0.8626 wrong=0 it99=36
cstr           N=    32768 safeguarded_newton   kernel=   0.6042 e2e=   0.7281 wrong=0 it99=4
cstr           N=    32768 bracketed_secant     kernel=   0.6082 e2e=   0.7303 wrong=0 it99=6
cstr           N=   131072 safeguarded_halley   kernel=   2.4287 e2e=   2.8824 wrong=0 it99=3
cstr           N=   131072 bracketed_secant     kernel=   2.4110 e2e=   2.8707 wrong=0 it99=6
cstr           N=   131072 safeguarded_newton   kernel=   2.3935 e2e=   2.8494 wrong=0 it99=4
cstr           N=   131072 brent_dekker         kernel=   2.9032 e2e=   3.3572 wrong=0 it99=36
cstr           N=   524288 safeguarded_halley   kernel=   7.8773 e2e=   9.6560 wrong=0 it99=3
cstr           N=   524288 brent_dekker         kernel=  10.1196 e2e=  11.8979 wrong=0 it99=36
cstr           N=   524288 bracketed_secant     kernel=   8.4188 e2e=  10.1972 wrong=0 it99=6
cstr           N=   524288 safeguarded_newton   kernel=   7.7675 e2e=   9.5455 wrong=0 it99=4
cstr           N=  2097152 bracketed_secant     kernel=  30.1116 e2e=  37.2560 wrong=0 it99=6
cstr           N=  2097152 brent_dekker         kernel=  35.9171 e2e=  43.2372 wrong=0 it99=36
cstr           N=  2097152 safeguarded_halley   kernel=  29.7579 e2e=  36.8983 wrong=0 it99=3
cstr           N=  2097152 safeguarded_newton   kernel=  29.6422 e2e=  36.8648 wrong=0 it99=4
cstr           N=  8388608 safeguarded_halley   kernel= 118.0857 e2e= 146.5220 wrong=0 it99=3
cstr           N=  8388608 brent_dekker         kernel= 140.6179 e2e= 169.0189 wrong=0 it99=36
cstr           N=  8388608 bracketed_secant     kernel= 117.2337 e2e= 145.6987 wrong=0 it99=6
cstr           N=  8388608 safeguarded_newton   kernel= 116.4381 e2e= 144.8390 wrong=0 it99=4
cstr           N= 16777216 safeguarded_halley   kernel= 235.3176 e2e= 292.0814 wrong=0 it99=3
cstr           N= 16777216 safeguarded_newton   kernel= 231.7033 e2e= 288.6026 wrong=0 it99=4
cstr           N= 16777216 brent_dekker         kernel= 281.1626 e2e= 338.0373 wrong=0 it99=36
cstr           N= 16777216 bracketed_secant     kernel= 233.3681 e2e= 290.1079 wrong=0 it99=6
peng_robinson  N=        1 bracketed_secant     kernel=   0.0184 e2e=   0.0252 wrong=0 it99=13
peng_robinson  N=        1 analytic_cubic       kernel=   0.0082 e2e=   0.0122 wrong=0 it99=1
peng_robinson  N=        1 brent_dekker         kernel=   0.0348 e2e=   0.0371 wrong=0 it99=23
peng_robinson  N=        1 safeguarded_halley   kernel=   0.0123 e2e=   0.0146 wrong=0 it99=4
peng_robinson  N=        1 safeguarded_newton   kernel=   0.0123 e2e=   0.0146 wrong=0 it99=6
peng_robinson  N=        8 bracketed_secant     kernel=   0.0514 e2e=   0.0535 wrong=0 it99=38
peng_robinson  N=        8 safeguarded_newton   kernel=   0.0184 e2e=   0.0250 wrong=0 it99=9
peng_robinson  N=        8 brent_dekker         kernel=   0.0699 e2e=   0.0755 wrong=0 it99=37
peng_robinson  N=        8 analytic_cubic       kernel=   0.0102 e2e=   0.0134 wrong=0 it99=1
peng_robinson  N=        8 safeguarded_halley   kernel=   0.0160 e2e=   0.0229 wrong=0 it99=6
peng_robinson  N=       32 brent_dekker         kernel=   0.0761 e2e=   0.0857 wrong=0 it99=41
peng_robinson  N=       32 analytic_cubic       kernel=   0.0102 e2e=   0.0202 wrong=0 it99=1
peng_robinson  N=       32 safeguarded_newton   kernel=   0.0184 e2e=   0.0239 wrong=0 it99=11
peng_robinson  N=       32 safeguarded_halley   kernel=   0.0164 e2e=   0.0235 wrong=0 it99=7
peng_robinson  N=       32 bracketed_secant     kernel=   0.0576 e2e=   0.0728 wrong=0 it99=46
peng_robinson  N=      128 bracketed_secant     kernel=   0.0637 e2e=   0.0732 wrong=0 it99=50
peng_robinson  N=      128 safeguarded_halley   kernel=   0.0184 e2e=   0.0242 wrong=0 it99=7
peng_robinson  N=      128 brent_dekker         kernel=   0.0904 e2e=   0.0982 wrong=0 it99=43
peng_robinson  N=      128 safeguarded_newton   kernel=   0.0184 e2e=   0.0243 wrong=0 it99=11
peng_robinson  N=      128 analytic_cubic       kernel=   0.0103 e2e=   0.0212 wrong=0 it99=1
peng_robinson  N=      512 safeguarded_newton   kernel=   0.0327 e2e=   0.0474 wrong=0 it99=11
peng_robinson  N=      512 bracketed_secant     kernel=   0.1123 e2e=   0.1227 wrong=0 it99=50
peng_robinson  N=      512 safeguarded_halley   kernel=   0.0305 e2e=   0.0370 wrong=0 it99=7
peng_robinson  N=      512 analytic_cubic       kernel=   0.0164 e2e=   0.0237 wrong=0 it99=1
peng_robinson  N=      512 brent_dekker         kernel=   0.1582 e2e=   0.1718 wrong=0 it99=45
peng_robinson  N=     2048 safeguarded_newton   kernel=   0.0328 e2e=   0.0495 wrong=0 it99=11
peng_robinson  N=     2048 brent_dekker         kernel=   0.1590 e2e=   0.1740 wrong=0 it99=46
peng_robinson  N=     2048 analytic_cubic       kernel=   0.0164 e2e=   0.0364 wrong=0 it99=1
peng_robinson  N=     2048 safeguarded_halley   kernel=   0.0307 e2e=   0.0475 wrong=0 it99=7
peng_robinson  N=     2048 bracketed_secant     kernel=   0.1121 e2e=   0.1251 wrong=0 it99=50
peng_robinson  N=     8192 brent_dekker         kernel=   0.1590 e2e=   0.2000 wrong=0 it99=45
peng_robinson  N=     8192 analytic_cubic       kernel=   0.0164 e2e=   0.0596 wrong=0 it99=1
peng_robinson  N=     8192 safeguarded_newton   kernel=   0.0335 e2e=   0.0749 wrong=0 it99=11
peng_robinson  N=     8192 bracketed_secant     kernel=   0.1128 e2e=   0.1536 wrong=0 it99=49
peng_robinson  N=     8192 safeguarded_halley   kernel=   0.0307 e2e=   0.0734 wrong=0 it99=7
peng_robinson  N=    32768 analytic_cubic       kernel=   0.0185 e2e=   0.1397 wrong=0 it99=1
peng_robinson  N=    32768 brent_dekker         kernel=   0.1600 e2e=   0.2818 wrong=0 it99=45
peng_robinson  N=    32768 safeguarded_newton   kernel=   0.0349 e2e=   0.1620 wrong=0 it99=11
peng_robinson  N=    32768 safeguarded_halley   kernel=   0.0309 e2e=   0.1577 wrong=0 it99=7
peng_robinson  N=    32768 bracketed_secant     kernel=   0.1252 e2e=   0.2461 wrong=0 it99=49
peng_robinson  N=   131072 analytic_cubic       kernel=   0.0624 e2e=   0.5180 wrong=0 it99=1
peng_robinson  N=   131072 safeguarded_halley   kernel=   0.1073 e2e=   0.5632 wrong=0 it99=7
peng_robinson  N=   131072 bracketed_secant     kernel=   0.4412 e2e=   0.8963 wrong=0 it99=49
peng_robinson  N=   131072 brent_dekker         kernel=   0.6097 e2e=   1.0621 wrong=0 it99=45
peng_robinson  N=   131072 safeguarded_newton   kernel=   0.1218 e2e=   0.5770 wrong=0 it99=11
peng_robinson  N=   524288 analytic_cubic       kernel=   0.1952 e2e=   1.9739 wrong=0 it99=1
peng_robinson  N=   524288 safeguarded_halley   kernel=   0.3391 e2e=   2.1145 wrong=0 it99=7
peng_robinson  N=   524288 bracketed_secant     kernel=   1.3955 e2e=   3.1680 wrong=0 it99=49
peng_robinson  N=   524288 safeguarded_newton   kernel=   0.3866 e2e=   2.1618 wrong=0 it99=11
peng_robinson  N=   524288 brent_dekker         kernel=   1.9640 e2e=   3.7402 wrong=0 it99=45
peng_robinson  N=  2097152 analytic_cubic       kernel=   0.7278 e2e=   7.8251 wrong=0 it99=1
peng_robinson  N=  2097152 safeguarded_newton   kernel=   1.4422 e2e=   8.5426 wrong=0 it99=11
peng_robinson  N=  2097152 bracketed_secant     kernel=   5.2543 e2e=  12.3804 wrong=0 it99=49
peng_robinson  N=  2097152 safeguarded_halley   kernel=   1.2702 e2e=   8.3725 wrong=0 it99=7
peng_robinson  N=  2097152 brent_dekker         kernel=   7.3976 e2e=  14.5160 wrong=0 it99=45
peng_robinson  N=  8388608 analytic_cubic       kernel=   2.8535 e2e=  31.1223 wrong=0 it99=1
peng_robinson  N=  8388608 bracketed_secant     kernel=  20.6811 e2e=  48.9271 wrong=0 it99=49
peng_robinson  N=  8388608 safeguarded_newton   kernel=   5.6686 e2e=  33.9238 wrong=0 it99=11
peng_robinson  N=  8388608 safeguarded_halley   kernel=   4.9890 e2e=  33.2616 wrong=0 it99=7
peng_robinson  N=  8388608 brent_dekker         kernel=  29.1296 e2e=  57.4902 wrong=0 it99=45
peng_robinson  N= 16777216 safeguarded_halley   kernel=   9.9604 e2e=  66.4199 wrong=0 it99=7
peng_robinson  N= 16777216 brent_dekker         kernel=  58.3932 e2e= 114.7686 wrong=0 it99=45
peng_robinson  N= 16777216 safeguarded_newton   kernel=  11.3222 e2e=  67.8129 wrong=0 it99=11
peng_robinson  N= 16777216 analytic_cubic       kernel=   5.6966 e2e=  62.1320 wrong=0 it99=1
peng_robinson  N= 16777216 bracketed_secant     kernel=  41.3217 e2e=  97.9306 wrong=0 it99=49
