bem            N=        1 fp32                      kernel=   0.0151 e2e=   0.0233 cpu=   0.0310 corr=0.000
bem            N=        1 fp64                      kernel=   0.1984 e2e=   0.2029 cpu=   0.0310 corr=1.000
bem            N=        1 adaptive_frozen_v1        kernel=   0.0186 e2e=   0.0254 cpu=   0.0310 corr=0.000
bem            N=        1 adaptive_no_gradient_gate kernel=   0.0186 e2e=   0.0249 cpu=   0.0310 corr=0.000
bem            N=        8 fp64                      kernel=   0.1992 e2e=   0.2039 cpu=   0.0315 corr=1.000
bem            N=        8 adaptive_frozen_v1        kernel=   0.2154 e2e=   0.2242 cpu=   0.0315 corr=0.250
bem            N=        8 adaptive_no_gradient_gate kernel=   0.2154 e2e=   0.2243 cpu=   0.0315 corr=0.250
bem            N=        8 fp32                      kernel=   0.0153 e2e=   0.0232 cpu=   0.0315 corr=0.000
bem            N=       32 fp32                      kernel=   0.0166 e2e=   0.0262 cpu=   0.0352 corr=0.000
bem            N=       32 fp64                      kernel=   0.2193 e2e=   0.2308 cpu=   0.0352 corr=1.000
bem            N=       32 adaptive_frozen_v1        kernel=   0.2159 e2e=   0.2243 cpu=   0.0352 corr=0.250
bem            N=       32 adaptive_no_gradient_gate kernel=   0.2159 e2e=   0.2244 cpu=   0.0352 corr=0.250
bem            N=      128 fp32                      kernel=   0.0166 e2e=   0.0233 cpu=   0.0383 corr=0.000
bem            N=      128 fp64                      kernel=   0.2298 e2e=   0.2364 cpu=   0.0383 corr=1.000
bem            N=      128 adaptive_frozen_v1        kernel=   0.2420 e2e=   0.2500 cpu=   0.0383 corr=0.328
bem            N=      128 adaptive_no_gradient_gate kernel=   0.2419 e2e=   0.2499 cpu=   0.0383 corr=0.328
bem            N=      512 fp32                      kernel=   0.0208 e2e=   0.0344 cpu=   0.0609 corr=0.000
bem            N=      512 fp64                      kernel=   0.4062 e2e=   0.4146 cpu=   0.0609 corr=1.000
bem            N=      512 adaptive_frozen_v1        kernel=   0.4149 e2e=   0.4243 cpu=   0.0609 corr=0.398
bem            N=      512 adaptive_no_gradient_gate kernel=   0.4150 e2e=   0.4245 cpu=   0.0609 corr=0.398
bem            N=     2048 fp32                      kernel=   0.0205 e2e=   0.0370 cpu=   0.1148 corr=0.000
bem            N=     2048 fp64                      kernel=   0.4061 e2e=   0.4201 cpu=   0.1148 corr=1.000
bem            N=     2048 adaptive_frozen_v1        kernel=   0.4208 e2e=   0.4319 cpu=   0.1148 corr=0.421
bem            N=     2048 adaptive_no_gradient_gate kernel=   0.4208 e2e=   0.4318 cpu=   0.1148 corr=0.421
bem            N=     8192 fp32                      kernel=   0.0205 e2e=   0.0644 cpu=   0.3755 corr=0.000
bem            N=     8192 fp64                      kernel=   0.4072 e2e=   0.4425 cpu=   0.3755 corr=1.000
bem            N=     8192 adaptive_frozen_v1        kernel=   0.4236 e2e=   0.4595 cpu=   0.3755 corr=0.426
bem            N=     8192 adaptive_no_gradient_gate kernel=   0.4236 e2e=   0.4601 cpu=   0.3755 corr=0.426
bem            N=    32768 fp32                      kernel=   0.0207 e2e=   0.1420 cpu=   1.5523 corr=0.000
bem            N=    32768 fp64                      kernel=   0.4037 e2e=   0.5230 cpu=   1.5523 corr=1.000
bem            N=    32768 adaptive_frozen_v1        kernel=   0.4234 e2e=   0.5460 cpu=   1.5523 corr=0.432
bem            N=    32768 adaptive_no_gradient_gate kernel=   0.4234 e2e=   0.5461 cpu=   1.5523 corr=0.432
bem            N=   131072 fp32                      kernel=   0.0610 e2e=   0.5335 cpu=   2.6553 corr=0.000
bem            N=   131072 fp64                      kernel=   1.5949 e2e=   2.0614 cpu=   2.6553 corr=1.000
bem            N=   131072 adaptive_frozen_v1        kernel=   1.6276 e2e=   2.0910 cpu=   2.6553 corr=0.435
bem            N=   131072 adaptive_no_gradient_gate kernel=   1.6273 e2e=   2.0897 cpu=   2.6553 corr=0.435
bem            N=   524288 fp32                      kernel=   0.1893 e2e=   2.0222 cpu=  10.3588 corr=0.000
bem            N=   524288 fp64                      kernel=   5.1746 e2e=   7.0638 cpu=  10.3588 corr=1.000
bem            N=   524288 adaptive_frozen_v1        kernel=   5.2752 e2e=   7.1625 cpu=  10.3588 corr=0.435
bem            N=   524288 adaptive_no_gradient_gate kernel=   5.2660 e2e=   7.1462 cpu=  10.3588 corr=0.435
bem            N=  2097152 fp32                      kernel=   0.7029 e2e=   7.8751 cpu=  41.1492 corr=0.000
bem            N=  2097152 fp64                      kernel=  20.0418 e2e=  27.2049 cpu=  41.1492 corr=1.000
bem            N=  2097152 adaptive_frozen_v1        kernel=  20.4573 e2e=  27.6462 cpu=  41.1492 corr=0.435
bem            N=  2097152 adaptive_no_gradient_gate kernel=  20.2274 e2e=  27.5451 cpu=  41.1492 corr=0.435
bem            N=  8388608 fp32                      kernel=   2.7537 e2e=  31.3083 cpu= 163.8133 corr=0.000
bem            N=  8388608 fp64                      kernel=  78.8733 e2e= 107.1478 cpu= 163.8133 corr=1.000
bem            N=  8388608 adaptive_frozen_v1        kernel=  80.1265 e2e= 108.4579 cpu= 163.8133 corr=0.435
bem            N=  8388608 adaptive_no_gradient_gate kernel=  80.1156 e2e= 108.5721 cpu= 163.8133 corr=0.435
bem            N= 16777216 fp32                      kernel=   5.5176 e2e=  62.5446 cpu= 318.9856 corr=0.000
bem            N= 16777216 fp64                      kernel= 157.6376 e2e= 214.4010 cpu= 318.9856 corr=1.000
bem            N= 16777216 adaptive_frozen_v1        kernel= 159.9773 e2e= 217.0929 cpu= 318.9856 corr=0.435
bem            N= 16777216 adaptive_no_gradient_gate kernel= 159.9960 e2e= 216.8189 cpu= 318.9856 corr=0.435
kepler         N=        1 fp64                      kernel=   0.0954 e2e=   0.1032 cpu=   0.0297 corr=1.000
kepler         N=        1 adaptive_frozen_v1        kernel=   0.1038 e2e=   0.1130 cpu=   0.0297 corr=1.000
kepler         N=        1 adaptive_no_gradient_gate kernel=   0.1038 e2e=   0.1129 cpu=   0.0297 corr=1.000
kepler         N=        1 fp32                      kernel=   0.0082 e2e=   0.0149 cpu=   0.0297 corr=0.000
kepler         N=        8 adaptive_frozen_v1        kernel=   0.1101 e2e=   0.1158 cpu=   0.0306 corr=0.875
kepler         N=        8 adaptive_no_gradient_gate kernel=   0.1100 e2e=   0.1165 cpu=   0.0306 corr=0.875
kepler         N=        8 fp32                      kernel=   0.0104 e2e=   0.0126 cpu=   0.0306 corr=0.000
kepler         N=        8 fp64                      kernel=   0.0997 e2e=   0.1052 cpu=   0.0306 corr=1.000
kepler         N=       32 fp64                      kernel=   0.1120 e2e=   0.1215 cpu=   0.0366 corr=1.000
kepler         N=       32 adaptive_frozen_v1        kernel=   0.1224 e2e=   0.1355 cpu=   0.0366 corr=0.938
kepler         N=       32 adaptive_no_gradient_gate kernel=   0.1224 e2e=   0.1348 cpu=   0.0366 corr=0.938
kepler         N=       32 fp32                      kernel=   0.0096 e2e=   0.0193 cpu=   0.0366 corr=0.000
kepler         N=      128 fp64                      kernel=   0.1183 e2e=   0.1265 cpu=   0.0426 corr=1.000
kepler         N=      128 adaptive_frozen_v1        kernel=   0.1297 e2e=   0.1380 cpu=   0.0426 corr=0.781
kepler         N=      128 adaptive_no_gradient_gate kernel=   0.1297 e2e=   0.1378 cpu=   0.0426 corr=0.781
kepler         N=      128 fp32                      kernel=   0.0092 e2e=   0.0171 cpu=   0.0426 corr=0.000
kepler         N=      512 fp64                      kernel=   0.1982 e2e=   0.2113 cpu=   0.0511 corr=1.000
kepler         N=      512 adaptive_frozen_v1        kernel=   0.2108 e2e=   0.2234 cpu=   0.0511 corr=0.803
kepler         N=      512 adaptive_no_gradient_gate kernel=   0.2108 e2e=   0.2237 cpu=   0.0511 corr=0.803
kepler         N=      512 fp32                      kernel=   0.0104 e2e=   0.0217 cpu=   0.0511 corr=0.000
kepler         N=     2048 fp64                      kernel=   0.2002 e2e=   0.2109 cpu=   0.1027 corr=1.000
kepler         N=     2048 adaptive_frozen_v1        kernel=   0.2116 e2e=   0.2258 cpu=   0.1027 corr=0.821
kepler         N=     2048 adaptive_no_gradient_gate kernel=   0.2115 e2e=   0.2238 cpu=   0.1027 corr=0.821
kepler         N=     2048 fp32                      kernel=   0.0103 e2e=   0.0257 cpu=   0.1027 corr=0.000
kepler         N=     8192 fp64                      kernel=   0.2048 e2e=   0.2380 cpu=   0.3155 corr=1.000
kepler         N=     8192 adaptive_frozen_v1        kernel=   0.2184 e2e=   0.2499 cpu=   0.3155 corr=0.829
kepler         N=     8192 adaptive_no_gradient_gate kernel=   0.2185 e2e=   0.2501 cpu=   0.3155 corr=0.829
kepler         N=     8192 fp32                      kernel=   0.0103 e2e=   0.0448 cpu=   0.3155 corr=0.000
kepler         N=    32768 fp64                      kernel=   0.2031 e2e=   0.3239 cpu=   1.2848 corr=1.000
kepler         N=    32768 adaptive_frozen_v1        kernel=   0.2150 e2e=   0.3369 cpu=   1.2848 corr=0.827
kepler         N=    32768 adaptive_no_gradient_gate kernel=   0.2150 e2e=   0.3362 cpu=   1.2848 corr=0.827
kepler         N=    32768 fp32                      kernel=   0.0103 e2e=   0.1313 cpu=   1.2848 corr=0.000
kepler         N=   131072 fp64                      kernel=   0.7907 e2e=   1.2536 cpu=   2.3277 corr=1.000
kepler         N=   131072 adaptive_frozen_v1        kernel=   0.8142 e2e=   1.2758 cpu=   2.3277 corr=0.828
kepler         N=   131072 adaptive_no_gradient_gate kernel=   0.8144 e2e=   1.2753 cpu=   2.3277 corr=0.828
kepler         N=   131072 fp32                      kernel=   0.0220 e2e=   0.4829 cpu=   2.3277 corr=0.000
kepler         N=   524288 fp64                      kernel=   2.5378 e2e=   4.3223 cpu=   8.9951 corr=1.000
kepler         N=   524288 adaptive_frozen_v1        kernel=   2.6171 e2e=   4.3924 cpu=   8.9951 corr=0.828
kepler         N=   524288 adaptive_no_gradient_gate kernel=   2.6165 e2e=   4.3957 cpu=   8.9951 corr=0.828
kepler         N=   524288 fp32                      kernel=   0.0634 e2e=   1.8383 cpu=   8.9951 corr=0.000
kepler         N=  2097152 fp64                      kernel=   9.8347 e2e=  16.9325 cpu=  35.9659 corr=1.000
kepler         N=  2097152 adaptive_frozen_v1        kernel=  10.0983 e2e=  17.2181 cpu=  35.9659 corr=0.828
kepler         N=  2097152 adaptive_no_gradient_gate kernel=  10.0945 e2e=  17.1994 cpu=  35.9659 corr=0.828
kepler         N=  2097152 fp32                      kernel=   0.2334 e2e=   7.3909 cpu=  35.9659 corr=0.000
kepler         N=  8388608 fp64                      kernel=  38.5183 e2e=  66.9516 cpu= 143.7515 corr=1.000
kepler         N=  8388608 adaptive_frozen_v1        kernel=  39.5965 e2e=  68.1250 cpu= 143.7515 corr=0.828
kepler         N=  8388608 adaptive_no_gradient_gate kernel=  39.5748 e2e=  68.1114 cpu= 143.7515 corr=0.828
kepler         N=  8388608 fp32                      kernel=   0.8973 e2e=  29.3213 cpu= 143.7515 corr=0.000
kepler         N= 16777216 fp64                      kernel=  76.9238 e2e= 133.5804 cpu= 284.8124 corr=1.000
kepler         N= 16777216 adaptive_frozen_v1        kernel=  79.0119 e2e= 135.7862 cpu= 284.8124 corr=0.828
kepler         N= 16777216 adaptive_no_gradient_gate kernel=  79.0181 e2e= 135.7718 cpu= 284.8124 corr=0.828
kepler         N= 16777216 fp32                      kernel=   1.7876 e2e=  58.5506 cpu= 284.8124 corr=0.000
pv             N=        1 adaptive_frozen_v1        kernel=   0.1485 e2e=   0.1515 cpu=   0.0275 corr=1.000
pv             N=        1 adaptive_no_gradient_gate kernel=   0.1485 e2e=   0.1516 cpu=   0.0275 corr=1.000
pv             N=        1 fp32                      kernel=   0.0140 e2e=   0.0212 cpu=   0.0275 corr=0.000
pv             N=        1 fp64                      kernel=   0.1383 e2e=   0.1452 cpu=   0.0275 corr=1.000
pv             N=        8 adaptive_no_gradient_gate kernel=   0.1493 e2e=   0.1531 cpu=   0.0281 corr=1.000
pv             N=        8 fp32                      kernel=   0.0142 e2e=   0.0215 cpu=   0.0281 corr=0.000
pv             N=        8 fp64                      kernel=   0.1389 e2e=   0.1475 cpu=   0.0281 corr=1.000
pv             N=        8 adaptive_frozen_v1        kernel=   0.1493 e2e=   0.1528 cpu=   0.0281 corr=1.000
pv             N=       32 adaptive_frozen_v1        kernel=   0.1534 e2e=   0.1623 cpu=   0.0343 corr=0.938
pv             N=       32 adaptive_no_gradient_gate kernel=   0.1534 e2e=   0.1629 cpu=   0.0343 corr=0.938
pv             N=       32 fp32                      kernel=   0.0143 e2e=   0.0222 cpu=   0.0343 corr=0.000
pv             N=       32 fp64                      kernel=   0.1389 e2e=   0.1487 cpu=   0.0343 corr=1.000
pv             N=      128 adaptive_frozen_v1        kernel=   0.1628 e2e=   0.1739 cpu=   0.0390 corr=0.945
pv             N=      128 adaptive_no_gradient_gate kernel=   0.1628 e2e=   0.1737 cpu=   0.0390 corr=0.945
pv             N=      128 fp32                      kernel=   0.0145 e2e=   0.0223 cpu=   0.0390 corr=0.000
pv             N=      128 fp64                      kernel=   0.1486 e2e=   0.1594 cpu=   0.0390 corr=1.000
pv             N=      512 adaptive_frozen_v1        kernel=   0.2709 e2e=   0.2837 cpu=   0.0490 corr=0.930
pv             N=      512 adaptive_no_gradient_gate kernel=   0.2709 e2e=   0.2828 cpu=   0.0490 corr=0.930
pv             N=      512 fp32                      kernel=   0.0186 e2e=   0.0333 cpu=   0.0490 corr=0.000
pv             N=      512 fp64                      kernel=   0.2513 e2e=   0.2615 cpu=   0.0490 corr=1.000
pv             N=     2048 adaptive_frozen_v1        kernel=   0.2712 e2e=   0.2847 cpu=   0.0750 corr=0.941
pv             N=     2048 adaptive_no_gradient_gate kernel=   0.2712 e2e=   0.2839 cpu=   0.0750 corr=0.941
pv             N=     2048 fp32                      kernel=   0.0184 e2e=   0.0362 cpu=   0.0750 corr=0.000
pv             N=     2048 fp64                      kernel=   0.2532 e2e=   0.2675 cpu=   0.0750 corr=1.000
pv             N=     8192 adaptive_frozen_v1        kernel=   0.2766 e2e=   0.3140 cpu=   0.2344 corr=0.940
pv             N=     8192 adaptive_no_gradient_gate kernel=   0.2766 e2e=   0.3140 cpu=   0.2344 corr=0.940
pv             N=     8192 fp32                      kernel=   0.0184 e2e=   0.0599 cpu=   0.2344 corr=0.000
pv             N=     8192 fp64                      kernel=   0.2606 e2e=   0.2965 cpu=   0.2344 corr=1.000
pv             N=    32768 adaptive_frozen_v1        kernel=   0.2772 e2e=   0.4038 cpu=   0.8122 corr=0.936
pv             N=    32768 adaptive_no_gradient_gate kernel=   0.2771 e2e=   0.4040 cpu=   0.8122 corr=0.936
pv             N=    32768 fp32                      kernel=   0.0185 e2e=   0.1454 cpu=   0.8122 corr=0.000
pv             N=    32768 fp64                      kernel=   0.2584 e2e=   0.3815 cpu=   0.8122 corr=1.000
pv             N=   131072 adaptive_frozen_v1        kernel=   1.0042 e2e=   1.4501 cpu=   2.6265 corr=0.935
pv             N=   131072 adaptive_no_gradient_gate kernel=   1.0042 e2e=   1.4534 cpu=   2.6265 corr=0.935
pv             N=   131072 fp32                      kernel=   0.0532 e2e=   0.5038 cpu=   2.6265 corr=0.000
pv             N=   131072 fp64                      kernel=   0.9660 e2e=   1.4130 cpu=   2.6265 corr=1.000
pv             N=   524288 adaptive_frozen_v1        kernel=   3.2624 e2e=   5.0671 cpu=   6.1672 corr=0.935
pv             N=   524288 adaptive_no_gradient_gate kernel=   3.2721 e2e=   5.0564 cpu=   6.1672 corr=0.935
pv             N=   524288 fp32                      kernel=   0.1660 e2e=   1.9486 cpu=   6.1672 corr=0.000
pv             N=   524288 fp64                      kernel=   3.0804 e2e=   4.8653 cpu=   6.1672 corr=1.000
pv             N=  2097152 adaptive_frozen_v1        kernel=  12.6132 e2e=  19.7415 cpu=  24.9490 corr=0.935
pv             N=  2097152 adaptive_no_gradient_gate kernel=  12.6123 e2e=  19.7466 cpu=  24.9490 corr=0.935
pv             N=  2097152 fp32                      kernel=   0.6195 e2e=   7.7539 cpu=  24.9490 corr=0.000
pv             N=  2097152 fp64                      kernel=  11.8774 e2e=  18.9884 cpu=  24.9490 corr=1.000
pv             N=  8388608 adaptive_frozen_v1        kernel=  49.7219 e2e=  77.9664 cpu=  98.5745 corr=0.935
pv             N=  8388608 adaptive_no_gradient_gate kernel=  49.7509 e2e=  78.0787 cpu=  98.5745 corr=0.935
pv             N=  8388608 fp32                      kernel=   2.4238 e2e=  30.9432 cpu=  98.5745 corr=0.000
pv             N=  8388608 fp64                      kernel=  46.5663 e2e=  75.0761 cpu=  98.5745 corr=1.000
pv             N= 16777216 adaptive_frozen_v1        kernel=  99.2164 e2e= 156.0683 cpu= 197.9347 corr=0.935
pv             N= 16777216 adaptive_no_gradient_gate kernel=  99.1793 e2e= 155.9585 cpu= 197.9347 corr=0.935
pv             N= 16777216 fp32                      kernel=   4.8392 e2e=  61.7718 cpu= 197.9347 corr=0.000
pv             N= 16777216 fp64                      kernel=  93.3387 e2e= 150.2066 cpu= 197.9347 corr=1.000
cstr           N=        1 adaptive_no_gradient_gate kernel=   0.0311 e2e=   0.0380 cpu=   0.0309 corr=0.000
cstr           N=        1 fp32                      kernel=   0.0290 e2e=   0.0376 cpu=   0.0309 corr=0.000
cstr           N=        1 fp64                      kernel=   0.3433 e2e=   0.3507 cpu=   0.0309 corr=1.000
cstr           N=        1 adaptive_frozen_v1        kernel=   0.0311 e2e=   0.0379 cpu=   0.0309 corr=0.000
cstr           N=        8 fp32                      kernel=   0.0290 e2e=   0.0376 cpu=   0.0324 corr=0.000
cstr           N=        8 fp64                      kernel=   0.3456 e2e=   0.3502 cpu=   0.0324 corr=1.000
cstr           N=        8 adaptive_frozen_v1        kernel=   0.0311 e2e=   0.0382 cpu=   0.0324 corr=0.000
cstr           N=        8 adaptive_no_gradient_gate kernel=   0.0311 e2e=   0.0381 cpu=   0.0324 corr=0.000
cstr           N=       32 adaptive_no_gradient_gate kernel=   0.0311 e2e=   0.0368 cpu=   0.0381 corr=0.000
cstr           N=       32 fp32                      kernel=   0.0290 e2e=   0.0362 cpu=   0.0381 corr=0.000
cstr           N=       32 fp64                      kernel=   0.3457 e2e=   0.3524 cpu=   0.0381 corr=1.000
cstr           N=       32 adaptive_frozen_v1        kernel=   0.0311 e2e=   0.0383 cpu=   0.0381 corr=0.000
cstr           N=      128 adaptive_no_gradient_gate kernel=   0.3665 e2e=   0.3743 cpu=   0.0501 corr=0.008
cstr           N=      128 fp32                      kernel=   0.0290 e2e=   0.0363 cpu=   0.0501 corr=0.000
cstr           N=      128 fp64                      kernel=   0.3807 e2e=   0.3875 cpu=   0.0501 corr=1.000
cstr           N=      128 adaptive_frozen_v1        kernel=   0.3665 e2e=   0.3744 cpu=   0.0501 corr=0.008
cstr           N=      512 adaptive_no_gradient_gate kernel=   0.3782 e2e=   0.3874 cpu=   0.0660 corr=0.016
cstr           N=      512 fp32                      kernel=   0.0331 e2e=   0.0475 cpu=   0.0660 corr=0.000
cstr           N=      512 fp64                      kernel=   0.7086 e2e=   0.7195 cpu=   0.0660 corr=1.000
cstr           N=      512 adaptive_frozen_v1        kernel=   0.3782 e2e=   0.3875 cpu=   0.0660 corr=0.016
cstr           N=     2048 adaptive_no_gradient_gate kernel=   0.4771 e2e=   0.4905 cpu=   0.1859 corr=0.017
cstr           N=     2048 fp32                      kernel=   0.0328 e2e=   0.0496 cpu=   0.1859 corr=0.000
cstr           N=     2048 fp64                      kernel=   0.7095 e2e=   0.7220 cpu=   0.1859 corr=1.000
cstr           N=     2048 adaptive_frozen_v1        kernel=   0.4769 e2e=   0.4911 cpu=   0.1859 corr=0.017
cstr           N=     8192 adaptive_no_gradient_gate kernel=   0.4789 e2e=   0.5144 cpu=   0.6686 corr=0.016
cstr           N=     8192 fp32                      kernel=   0.0328 e2e=   0.0723 cpu=   0.6686 corr=0.000
cstr           N=     8192 fp64                      kernel=   0.7105 e2e=   0.7498 cpu=   0.6686 corr=1.000
cstr           N=     8192 adaptive_frozen_v1        kernel=   0.4800 e2e=   0.5150 cpu=   0.6686 corr=0.016
cstr           N=    32768 adaptive_no_gradient_gate kernel=   0.6327 e2e=   0.7550 cpu=   2.7642 corr=0.016
cstr           N=    32768 fp32                      kernel=   0.0330 e2e=   0.1529 cpu=   2.7642 corr=0.000
cstr           N=    32768 fp64                      kernel=   0.7208 e2e=   0.8212 cpu=   2.7642 corr=1.000
cstr           N=    32768 adaptive_frozen_v1        kernel=   0.6331 e2e=   0.7553 cpu=   2.7642 corr=0.016
cstr           N=   131072 adaptive_no_gradient_gate kernel=   1.5513 e2e=   2.0119 cpu=   5.7742 corr=0.016
cstr           N=   131072 fp32                      kernel=   0.0668 e2e=   0.5316 cpu=   5.7742 corr=0.000
cstr           N=   131072 fp64                      kernel=   2.7907 e2e=   3.2533 cpu=   5.7742 corr=1.000
cstr           N=   131072 adaptive_frozen_v1        kernel=   1.5505 e2e=   2.0073 cpu=   5.7742 corr=0.016
cstr           N=   524288 adaptive_no_gradient_gate kernel=   4.4998 e2e=   6.2608 cpu=  23.0165 corr=0.016
cstr           N=   524288 fp32                      kernel=   0.1789 e2e=   1.9604 cpu=  23.0165 corr=0.000
cstr           N=   524288 fp64                      kernel=   9.3317 e2e=  11.0967 cpu=  23.0165 corr=1.000
cstr           N=   524288 adaptive_frozen_v1        kernel=   4.4704 e2e=   6.2734 cpu=  23.0165 corr=0.016
cstr           N=  2097152 adaptive_no_gradient_gate kernel=  14.7940 e2e=  21.9892 cpu=  93.1022 corr=0.016
cstr           N=  2097152 fp32                      kernel=   0.6351 e2e=   7.7982 cpu=  93.1022 corr=0.000
cstr           N=  2097152 fp64                      kernel=  34.7569 e2e=  41.8700 cpu=  93.1022 corr=1.000
cstr           N=  2097152 adaptive_frozen_v1        kernel=  14.8162 e2e=  22.0124 cpu=  93.1022 corr=0.016
cstr           N=  8388608 adaptive_no_gradient_gate kernel=  56.9914 e2e=  85.4397 cpu= 364.1327 corr=0.016
cstr           N=  8388608 fp32                      kernel=   2.4701 e2e=  31.0246 cpu= 364.1327 corr=0.000
cstr           N=  8388608 fp64                      kernel= 137.3746 e2e= 165.9835 cpu= 364.1327 corr=1.000
cstr           N=  8388608 adaptive_frozen_v1        kernel=  57.1732 e2e=  85.4588 cpu= 364.1327 corr=0.016
cstr           N= 16777216 adaptive_no_gradient_gate kernel= 113.5160 e2e= 170.3156 cpu= 704.8543 corr=0.016
cstr           N= 16777216 fp32                      kernel=   5.2064 e2e=  61.7790 cpu= 704.8543 corr=0.000
cstr           N= 16777216 fp64                      kernel= 275.3150 e2e= 332.2186 cpu= 704.8543 corr=1.000
cstr           N= 16777216 adaptive_frozen_v1        kernel= 113.8148 e2e= 170.4718 cpu= 704.8543 corr=0.016
peng_robinson  N=        1 fp32                      kernel=   0.0041 e2e=   0.0061 cpu=   0.0317 corr=0.000
peng_robinson  N=        1 fp64                      kernel=   0.0082 e2e=   0.0124 cpu=   0.0317 corr=1.000
peng_robinson  N=        1 adaptive_frozen_v1        kernel=   0.0047 e2e=   0.0103 cpu=   0.0317 corr=0.000
peng_robinson  N=        1 adaptive_no_gradient_gate kernel=   0.0047 e2e=   0.0103 cpu=   0.0317 corr=0.000
peng_robinson  N=        8 fp64                      kernel=   0.0102 e2e=   0.0137 cpu=   0.0350 corr=1.000
peng_robinson  N=        8 adaptive_frozen_v1        kernel=   0.0124 e2e=   0.0160 cpu=   0.0350 corr=0.125
peng_robinson  N=        8 adaptive_no_gradient_gate kernel=   0.0061 e2e=   0.0105 cpu=   0.0350 corr=0.000
peng_robinson  N=        8 fp32                      kernel=   0.0041 e2e=   0.0063 cpu=   0.0350 corr=0.000
peng_robinson  N=       32 fp32                      kernel=   0.0041 e2e=   0.0084 cpu=   0.0395 corr=0.000
peng_robinson  N=       32 fp64                      kernel=   0.0102 e2e=   0.0187 cpu=   0.0395 corr=1.000
peng_robinson  N=       32 adaptive_frozen_v1        kernel=   0.0145 e2e=   0.0224 cpu=   0.0395 corr=0.156
peng_robinson  N=       32 adaptive_no_gradient_gate kernel=   0.0145 e2e=   0.0223 cpu=   0.0395 corr=0.094
peng_robinson  N=      128 fp32                      kernel=   0.0041 e2e=   0.0090 cpu=   0.0418 corr=0.000
peng_robinson  N=      128 fp64                      kernel=   0.0102 e2e=   0.0191 cpu=   0.0418 corr=1.000
peng_robinson  N=      128 adaptive_frozen_v1        kernel=   0.0145 e2e=   0.0225 cpu=   0.0418 corr=0.164
peng_robinson  N=      128 adaptive_no_gradient_gate kernel=   0.0124 e2e=   0.0222 cpu=   0.0418 corr=0.109
peng_robinson  N=      512 fp32                      kernel=   0.0041 e2e=   0.0135 cpu=   0.0421 corr=0.000
peng_robinson  N=      512 fp64                      kernel=   0.0166 e2e=   0.0243 cpu=   0.0421 corr=1.000
peng_robinson  N=      512 adaptive_frozen_v1        kernel=   0.0228 e2e=   0.0348 cpu=   0.0421 corr=0.141
peng_robinson  N=      512 adaptive_no_gradient_gate kernel=   0.0186 e2e=   0.0319 cpu=   0.0421 corr=0.084
peng_robinson  N=     2048 fp32                      kernel=   0.0041 e2e=   0.0214 cpu=   0.0445 corr=0.000
peng_robinson  N=     2048 fp64                      kernel=   0.0164 e2e=   0.0343 cpu=   0.0445 corr=1.000
peng_robinson  N=     2048 adaptive_frozen_v1        kernel=   0.0225 e2e=   0.0359 cpu=   0.0445 corr=0.141
peng_robinson  N=     2048 adaptive_no_gradient_gate kernel=   0.0205 e2e=   0.0359 cpu=   0.0445 corr=0.085
peng_robinson  N=     8192 fp32                      kernel=   0.0041 e2e=   0.0394 cpu=   0.0531 corr=0.000
peng_robinson  N=     8192 fp64                      kernel=   0.0164 e2e=   0.0518 cpu=   0.0531 corr=1.000
peng_robinson  N=     8192 adaptive_frozen_v1        kernel=   0.0226 e2e=   0.0537 cpu=   0.0531 corr=0.141
peng_robinson  N=     8192 adaptive_no_gradient_gate kernel=   0.0205 e2e=   0.0532 cpu=   0.0531 corr=0.086
peng_robinson  N=    32768 fp32                      kernel=   0.0062 e2e=   0.1344 cpu=   0.0850 corr=0.000
peng_robinson  N=    32768 fp64                      kernel=   0.0173 e2e=   0.1476 cpu=   0.0850 corr=1.000
peng_robinson  N=    32768 adaptive_frozen_v1        kernel=   0.0226 e2e=   0.1476 cpu=   0.0850 corr=0.141
peng_robinson  N=    32768 adaptive_no_gradient_gate kernel=   0.0207 e2e=   0.1470 cpu=   0.0850 corr=0.086
peng_robinson  N=   131072 fp32                      kernel=   0.0132 e2e=   0.4579 cpu=   0.2387 corr=0.000
peng_robinson  N=   131072 fp64                      kernel=   0.0626 e2e=   0.5068 cpu=   0.2387 corr=1.000
peng_robinson  N=   131072 adaptive_frozen_v1        kernel=   0.0811 e2e=   0.5313 cpu=   0.2387 corr=0.142
peng_robinson  N=   131072 adaptive_no_gradient_gate kernel=   0.0684 e2e=   0.5157 cpu=   0.2387 corr=0.087
peng_robinson  N=   524288 fp32                      kernel=   0.0325 e2e=   1.8194 cpu=   0.8738 corr=0.000
peng_robinson  N=   524288 fp64                      kernel=   0.1954 e2e=   1.9760 cpu=   0.8738 corr=1.000
peng_robinson  N=   524288 adaptive_frozen_v1        kernel=   0.2502 e2e=   2.0507 cpu=   0.8738 corr=0.142
peng_robinson  N=   524288 adaptive_no_gradient_gate kernel=   0.2033 e2e=   1.9902 cpu=   0.8738 corr=0.087
peng_robinson  N=  2097152 fp32                      kernel=   0.1156 e2e=   7.2256 cpu=   2.7200 corr=0.000
peng_robinson  N=  2097152 fp64                      kernel=   0.7293 e2e=   7.9020 cpu=   2.7200 corr=1.000
peng_robinson  N=  2097152 adaptive_frozen_v1        kernel=   0.9345 e2e=   8.0860 cpu=   2.7200 corr=0.142
peng_robinson  N=  2097152 adaptive_no_gradient_gate kernel=   0.7441 e2e=   7.8844 cpu=   2.7200 corr=0.087
peng_robinson  N=  8388608 fp32                      kernel=   0.4670 e2e=  29.0380 cpu=   6.5165 corr=0.000
peng_robinson  N=  8388608 fp64                      kernel=   2.8543 e2e=  31.2888 cpu=   6.5165 corr=1.000
peng_robinson  N=  8388608 adaptive_frozen_v1        kernel=   3.6750 e2e=  32.2963 cpu=   6.5165 corr=0.142
peng_robinson  N=  8388608 adaptive_no_gradient_gate kernel=   2.8997 e2e=  31.4763 cpu=   6.5165 corr=0.087
peng_robinson  N= 16777216 fp32                      kernel=   0.9349 e2e=  57.8173 cpu=  13.1609 corr=0.000
peng_robinson  N= 16777216 fp64                      kernel=   5.7206 e2e=  62.6979 cpu=  13.1609 corr=1.000
peng_robinson  N= 16777216 adaptive_frozen_v1        kernel=   7.3343 e2e=  64.2571 cpu=  13.1609 corr=0.142
peng_robinson  N= 16777216 adaptive_no_gradient_gate kernel=   5.7752 e2e=  62.7054 cpu=  13.1609 corr=0.087
