bem            n=        1 omp_parallel_simd median=    0.0187 ms
bem            n=        8 omp_parallel_simd median=    0.0185 ms
bem            n=       32 omp_parallel_simd median=    0.0189 ms
bem            n=      128 omp_parallel_simd median=    0.0203 ms
bem            n=      512 omp_parallel_simd median=    0.0257 ms
bem            n=     2048 omp_parallel_simd median=    0.0496 ms
bem            n=     8192 omp_parallel_simd median=    0.1597 ms
bem            n=    32768 omp_parallel_simd median=    0.6135 ms
bem            n=   131072 omp_parallel_simd median=    2.3576 ms
bem            n=   524288 omp_parallel_simd median=    9.4876 ms
bem            n=  2097152 omp_parallel_simd median=   38.2694 ms
bem            n=  8388608 omp_parallel_simd median=  150.8550 ms
bem            n= 16777216 omp_parallel_simd median=  301.5200 ms
kepler         n=        1 omp_parallel_simd median=    0.0188 ms
kepler         n=        8 omp_parallel_simd median=    0.0187 ms
kepler         n=       32 omp_parallel_simd median=    0.0191 ms
kepler         n=      128 omp_parallel_simd median=    0.0200 ms
kepler         n=      512 omp_parallel_simd median=    0.0238 ms
kepler         n=     2048 omp_parallel_simd median=    0.0397 ms
kepler         n=     8192 omp_parallel_simd median=    0.1124 ms
kepler         n=    32768 omp_parallel_simd median=    0.4564 ms
kepler         n=   131072 omp_parallel_simd median=    1.7854 ms
kepler         n=   524288 omp_parallel_simd median=    7.1828 ms
kepler         n=  2097152 omp_parallel_simd median=   29.1863 ms
kepler         n=  8388608 omp_parallel_simd median=  116.5461 ms
kepler         n= 16777216 omp_parallel_simd median=  232.6356 ms
pv             n=        1 omp_parallel_simd median=    0.0190 ms
pv             n=        8 omp_parallel_simd median=    0.0190 ms
pv             n=       32 omp_parallel_simd median=    0.0193 ms
pv             n=      128 omp_parallel_simd median=    0.0201 ms
pv             n=      512 omp_parallel_simd median=    0.0227 ms
pv             n=     2048 omp_parallel_simd median=    0.0348 ms
pv             n=     8192 omp_parallel_simd median=    0.0888 ms
pv             n=    32768 omp_parallel_simd median=    0.3521 ms
pv             n=   131072 omp_parallel_simd median=    1.3751 ms
pv             n=   524288 omp_parallel_simd median=    5.6124 ms
pv             n=  2097152 omp_parallel_simd median=   22.4875 ms
pv             n=  8388608 omp_parallel_simd median=   92.5888 ms
pv             n= 16777216 omp_parallel_simd median=  186.3765 ms
cstr           n=        1 omp_parallel_simd median=    0.0190 ms
cstr           n=        8 omp_parallel_simd median=    0.0186 ms
cstr           n=       32 omp_parallel_simd median=    0.0193 ms
cstr           n=      128 omp_parallel_simd median=    0.0358 ms
cstr           n=      512 omp_parallel_simd median=    0.0906 ms
cstr           n=     2048 omp_parallel_simd median=    0.0903 ms
cstr           n=     8192 omp_parallel_simd median=    0.3629 ms
cstr           n=    32768 omp_parallel_simd median=    1.4006 ms
cstr           n=   131072 omp_parallel_simd median=    6.2835 ms
cstr           n=   524288 omp_parallel_simd median=   25.1713 ms
cstr           n=  2097152 omp_parallel_simd median=  100.3906 ms
cstr           n=  8388608 omp_parallel_simd median=  405.4236 ms
cstr           n= 16777216 omp_parallel_simd median=  812.1807 ms
peng_robinson  n=        1 omp_parallel_simd median=    0.0189 ms
peng_robinson  n=        8 omp_parallel_simd median=    0.0190 ms
peng_robinson  n=       32 omp_parallel_simd median=    0.0191 ms
peng_robinson  n=      128 omp_parallel_simd median=    0.0195 ms
peng_robinson  n=      512 omp_parallel_simd median=    0.0196 ms
peng_robinson  n=     2048 omp_parallel_simd median=    0.0214 ms
peng_robinson  n=     8192 omp_parallel_simd median=    0.0296 ms
peng_robinson  n=    32768 omp_parallel_simd median=    0.0658 ms
peng_robinson  n=   131072 omp_parallel_simd median=    0.2085 ms
peng_robinson  n=   524288 omp_parallel_simd median=    0.7422 ms
peng_robinson  n=  2097152 omp_parallel_simd median=    2.5404 ms
peng_robinson  n=  8388608 omp_parallel_simd median=    8.4812 ms
peng_robinson  n= 16777216 omp_parallel_simd median=   15.1262 ms
