bem            n=        1 omp_parallel_simd median=    0.0682 ms
bem            n=        8 omp_parallel_simd median=    0.0824 ms
bem            n=       32 omp_parallel_simd median=    0.2773 ms
bem            n=      128 omp_parallel_simd median=    1.0515 ms
bem            n=      512 omp_parallel_simd median=    4.1418 ms
bem            n=     2048 omp_parallel_simd median=   16.2209 ms
bem            n=     8192 omp_parallel_simd median=   64.8262 ms
bem            n=    32768 omp_parallel_simd median=  262.2929 ms
bem            n=   131072 omp_parallel_simd median= 1059.7389 ms
kepler         n=        1 omp_parallel_simd median=    0.0371 ms
kepler         n=        8 omp_parallel_simd median=    0.0697 ms
kepler         n=       32 omp_parallel_simd median=    0.2422 ms
kepler         n=      128 omp_parallel_simd median=    0.9562 ms
kepler         n=      512 omp_parallel_simd median=    3.5937 ms
kepler         n=     2048 omp_parallel_simd median=   14.5626 ms
kepler         n=     8192 omp_parallel_simd median=   58.1661 ms
kepler         n=    32768 omp_parallel_simd median=  232.0898 ms
kepler         n=   131072 omp_parallel_simd median=  926.7378 ms
pv             n=        1 omp_parallel_simd median=    0.0433 ms
pv             n=        8 omp_parallel_simd median=    0.0802 ms
pv             n=       32 omp_parallel_simd median=    0.3106 ms
pv             n=      128 omp_parallel_simd median=    1.1541 ms
pv             n=      512 omp_parallel_simd median=    4.6697 ms
pv             n=     2048 omp_parallel_simd median=   18.7072 ms
pv             n=     8192 omp_parallel_simd median=   75.6314 ms
pv             n=    32768 omp_parallel_simd median=  302.9641 ms
pv             n=   131072 omp_parallel_simd median= 1211.5933 ms
cstr           n=        1 omp_parallel_simd median=    0.0408 ms
cstr           n=        8 omp_parallel_simd median=    0.1545 ms
cstr           n=       32 omp_parallel_simd median=    0.6997 ms
cstr           n=      128 omp_parallel_simd median=    2.7138 ms
cstr           n=      512 omp_parallel_simd median=   10.8072 ms
cstr           n=     2048 omp_parallel_simd median=   42.7953 ms
cstr           n=     8192 omp_parallel_simd median=  170.2905 ms
cstr           n=    32768 omp_parallel_simd median=  683.4403 ms
cstr           n=   131072 omp_parallel_simd median= 2736.9803 ms
peng_robinson  n=        1 omp_parallel_simd median=    0.0414 ms
peng_robinson  n=        8 omp_parallel_simd median=    0.0869 ms
peng_robinson  n=       32 omp_parallel_simd median=    0.0412 ms
peng_robinson  n=      128 omp_parallel_simd median=    0.0612 ms
peng_robinson  n=      512 omp_parallel_simd median=    0.1663 ms
peng_robinson  n=     2048 omp_parallel_simd median=    0.5899 ms
peng_robinson  n=     8192 omp_parallel_simd median=    2.2819 ms
peng_robinson  n=    32768 omp_parallel_simd median=    9.0788 ms
peng_robinson  n=   131072 omp_parallel_simd median=   36.3041 ms
