bem            n=        1 omp_parallel_simd median=    0.0190 ms
bem            n=        8 omp_parallel_simd median=    0.0184 ms
bem            n=       32 omp_parallel_simd median=    0.0190 ms
bem            n=      128 omp_parallel_simd median=    0.0205 ms
bem            n=      512 omp_parallel_simd median=    0.0257 ms
bem            n=     2048 omp_parallel_simd median=    0.0529 ms
bem            n=     8192 omp_parallel_simd median=    0.1787 ms
bem            n=    32768 omp_parallel_simd median=    0.7082 ms
bem            n=   131072 omp_parallel_simd median=    2.7795 ms
bem            n=   524288 omp_parallel_simd median=   11.1599 ms
bem            n=  2097152 omp_parallel_simd median=   46.1315 ms
bem            n=  8388608 omp_parallel_simd median=  179.0277 ms
bem            n= 16777216 omp_parallel_simd median=  284.9210 ms
kepler         n=        1 omp_parallel_simd median=    0.0189 ms
kepler         n=        8 omp_parallel_simd median=    0.0186 ms
kepler         n=       32 omp_parallel_simd median=    0.0192 ms
kepler         n=      128 omp_parallel_simd median=    0.0201 ms
kepler         n=      512 omp_parallel_simd median=    0.0237 ms
kepler         n=     2048 omp_parallel_simd median=    0.0398 ms
kepler         n=     8192 omp_parallel_simd median=    0.1137 ms
kepler         n=    32768 omp_parallel_simd median=    0.4571 ms
kepler         n=   131072 omp_parallel_simd median=    1.7566 ms
kepler         n=   524288 omp_parallel_simd median=    7.2298 ms
kepler         n=  2097152 omp_parallel_simd median=   29.0012 ms
kepler         n=  8388608 omp_parallel_simd median=  116.7626 ms
kepler         n= 16777216 omp_parallel_simd median=  232.9868 ms
pv             n=        1 omp_parallel_simd median=    0.0190 ms
pv             n=        8 omp_parallel_simd median=    0.0191 ms
pv             n=       32 omp_parallel_simd median=    0.0191 ms
pv             n=      128 omp_parallel_simd median=    0.0199 ms
pv             n=      512 omp_parallel_simd median=    0.0230 ms
pv             n=     2048 omp_parallel_simd median=    0.0352 ms
pv             n=     8192 omp_parallel_simd median=    0.0896 ms
pv             n=    32768 omp_parallel_simd median=    0.3682 ms
pv             n=   131072 omp_parallel_simd median=    1.4180 ms
pv             n=   524288 omp_parallel_simd median=    5.7049 ms
pv             n=  2097152 omp_parallel_simd median=   22.7682 ms
pv             n=  8388608 omp_parallel_simd median=   93.5838 ms
pv             n= 16777216 omp_parallel_simd median=  186.2482 ms
cstr           n=        1 omp_parallel_simd median=    0.0190 ms
cstr           n=        8 omp_parallel_simd median=    0.0186 ms
cstr           n=       32 omp_parallel_simd median=    0.0193 ms
cstr           n=      128 omp_parallel_simd median=    0.0360 ms
cstr           n=      512 omp_parallel_simd median=    0.0324 ms
cstr           n=     2048 omp_parallel_simd median=    0.0794 ms
cstr           n=     8192 omp_parallel_simd median=    0.3256 ms
cstr           n=    32768 omp_parallel_simd median=    1.3405 ms
cstr           n=   131072 omp_parallel_simd median=    6.3170 ms
cstr           n=   524288 omp_parallel_simd median=   25.2767 ms
cstr           n=  2097152 omp_parallel_simd median=  101.0236 ms
cstr           n=  8388608 omp_parallel_simd median=  407.0385 ms
cstr           n= 16777216 omp_parallel_simd median=  814.7877 ms
peng_robinson  n=        1 omp_parallel_simd median=    0.0192 ms
peng_robinson  n=        8 omp_parallel_simd median=    0.0193 ms
peng_robinson  n=       32 omp_parallel_simd median=    0.0192 ms
peng_robinson  n=      128 omp_parallel_simd median=    0.0194 ms
peng_robinson  n=      512 omp_parallel_simd median=    0.0197 ms
peng_robinson  n=     2048 omp_parallel_simd median=    0.0216 ms
peng_robinson  n=     8192 omp_parallel_simd median=    0.0297 ms
peng_robinson  n=    32768 omp_parallel_simd median=    0.0662 ms
peng_robinson  n=   131072 omp_parallel_simd median=    0.2088 ms
peng_robinson  n=   524288 omp_parallel_simd median=    0.7577 ms
peng_robinson  n=  2097152 omp_parallel_simd median=    2.6396 ms
peng_robinson  n=  8388608 omp_parallel_simd median=    8.6980 ms
peng_robinson  n= 16777216 omp_parallel_simd median=   15.3369 ms
