ptxas info    : 272 bytes gmem
ptxas info    : Compiling entry function '_Z15kernel_adaptivePK5ParamP6Outputmdd' for 'sm_120'
ptxas info    : Function properties for _Z15kernel_adaptivePK5ParamP6Outputmdd
    40 bytes stack frame, 0 bytes spill stores, 0 bytes spill loads
ptxas info    : Used 60 registers, used 0 barriers, 40 bytes cumulative stack size
ptxas info    : Compile time = 1130.737 ms
ptxas info    : Function properties for __internal_trig_reduction_slowpathd
    0 bytes stack frame, 0 bytes spill stores, 0 bytes spill loads
ptxas info    : Compiling entry function '_Z11kernel_fp64PK5ParamP6Outputm' for 'sm_120'
ptxas info    : Function properties for _Z11kernel_fp64PK5ParamP6Outputm
    40 bytes stack frame, 0 bytes spill stores, 0 bytes spill loads
ptxas info    : Used 56 registers, used 0 barriers, 40 bytes cumulative stack size
ptxas info    : Compile time = 629.918 ms
ptxas info    : Function properties for __internal_trig_reduction_slowpathd
    0 bytes stack frame, 0 bytes spill stores, 0 bytes spill loads
ptxas info    : Compiling entry function '_Z11kernel_fp32PK5ParamP6Outputm' for 'sm_120'
ptxas info    : Function properties for _Z11kernel_fp32PK5ParamP6Outputm
    40 bytes stack frame, 0 bytes spill stores, 0 bytes spill loads
ptxas info    : Used 48 registers, used 0 barriers, 40 bytes cumulative stack size
ptxas info    : Compile time = 156.036 ms
ptxas info    : Function properties for __internal_trig_reduction_slowpathd
    0 bytes stack frame, 0 bytes spill stores, 0 bytes spill loads
