ptxas info    : 296 bytes gmem
ptxas info    : Compiling entry function '_Z15kernel_adaptivePK5ParamP6Outputmd' for 'sm_120'
ptxas info    : Function properties for _Z15kernel_adaptivePK5ParamP6Outputmd
    72 bytes stack frame, 0 bytes spill stores, 0 bytes spill loads
ptxas info    : Used 54 registers, used 0 barriers, 72 bytes cumulative stack size
ptxas info    : Compile time = 904.235 ms
ptxas info    : Function properties for __internal_trig_reduction_slowpathd
    0 bytes stack frame, 0 bytes spill stores, 0 bytes spill loads
ptxas info    : Compiling entry function '_Z11kernel_fp64PK5ParamP6Outputm' for 'sm_120'
ptxas info    : Function properties for _Z11kernel_fp64PK5ParamP6Outputm
    40 bytes stack frame, 0 bytes spill stores, 0 bytes spill loads
ptxas info    : Used 54 registers, used 0 barriers, 40 bytes cumulative stack size
ptxas info    : Compile time = 424.420 ms
ptxas info    : Function properties for __internal_trig_reduction_slowpathd
    0 bytes stack frame, 0 bytes spill stores, 0 bytes spill loads
ptxas info    : Compiling entry function '_Z11kernel_fp32PK5ParamP6Outputm' for 'sm_120'
ptxas info    : Function properties for _Z11kernel_fp32PK5ParamP6Outputm
    72 bytes stack frame, 0 bytes spill stores, 0 bytes spill loads
ptxas info    : Used 42 registers, used 0 barriers, 72 bytes cumulative stack size
ptxas info    : Compile time = 384.525 ms
ptxas info    : Function properties for __internal_trig_reduction_slowpathd
    0 bytes stack frame, 0 bytes spill stores, 0 bytes spill loads
