bem            N=        1 gpu=   0.0154 ms cpu128=   0.0331 ms speedup=   2.16 maxerr=5.592e-08 corr=0.0000
bem            N=        8 gpu=   0.2090 ms cpu128=   0.0332 ms speedup=   0.16 maxerr=5.592e-08 corr=0.2500
bem            N=       32 gpu=   0.2101 ms cpu128=   0.0358 ms speedup=   0.17 maxerr=7.024e-08 corr=0.2500
bem            N=      128 gpu=   0.2356 ms cpu128=   0.0369 ms speedup=   0.16 maxerr=7.024e-08 corr=0.3281
bem            N=      512 gpu=   0.4068 ms cpu128=   0.0494 ms speedup=   0.12 maxerr=9.064e-08 corr=0.3984
bem            N=     2048 gpu=   0.4118 ms cpu128=   0.0991 ms speedup=   0.24 maxerr=9.833e-08 corr=0.4214
bem            N=     8192 gpu=   0.4145 ms cpu128=   0.3048 ms speedup=   0.74 maxerr=9.986e-08 corr=0.4260
bem            N=    32768 gpu=   0.4196 ms cpu128=   1.1437 ms speedup=   2.73 maxerr=9.986e-08 corr=0.4272
bem            N=   131072 gpu=   1.6112 ms cpu128=   2.2742 ms speedup=   1.41 maxerr=9.986e-08 corr=0.4272
bem            N=   524288 gpu=   5.2223 ms cpu128=   9.1163 ms speedup=   1.75 maxerr=9.986e-08 corr=0.4272
bem            N=  2097152 gpu=  20.1935 ms cpu128=  37.2171 ms speedup=   1.84 maxerr=9.986e-08 corr=0.4272
bem            N=  8388608 gpu=  79.8657 ms cpu128= 104.0795 ms speedup=   1.30 maxerr=9.986e-08 corr=0.4272
bem            N= 16777216 gpu= 159.6912 ms cpu128= 204.6519 ms speedup=   1.28 maxerr=9.986e-08 corr=0.4272
kepler         N=        1 gpu=   0.0980 ms cpu128=   0.0309 ms speedup=   0.31 maxerr=0.000e+00 corr=1.0000
kepler         N=        8 gpu=   0.1053 ms cpu128=   0.0311 ms speedup=   0.30 maxerr=7.135e-08 corr=0.8750
kepler         N=       32 gpu=   0.1165 ms cpu128=   0.0312 ms speedup=   0.27 maxerr=8.518e-08 corr=0.9375
kepler         N=      128 gpu=   0.1272 ms cpu128=   0.0318 ms speedup=   0.25 maxerr=9.028e-08 corr=0.7812
kepler         N=      512 gpu=   0.2076 ms cpu128=   0.0355 ms speedup=   0.17 maxerr=9.939e-08 corr=0.8027
kepler         N=     2048 gpu=   0.2090 ms cpu128=   0.0498 ms speedup=   0.24 maxerr=9.998e-08 corr=0.8208
kepler         N=     8192 gpu=   0.2138 ms cpu128=   0.1903 ms speedup=   0.89 maxerr=9.998e-08 corr=0.8293
kepler         N=    32768 gpu=   0.2132 ms cpu128=   0.6801 ms speedup=   3.19 maxerr=9.998e-08 corr=0.8279
kepler         N=   131072 gpu=   0.8113 ms cpu128=   2.5074 ms speedup=   3.09 maxerr=9.998e-08 corr=0.8279
kepler         N=   524288 gpu=   2.5928 ms cpu128=   5.8076 ms speedup=   2.24 maxerr=9.998e-08 corr=0.8279
kepler         N=  2097152 gpu=  10.0029 ms cpu128=  23.6183 ms speedup=   2.36 maxerr=9.998e-08 corr=0.8279
kepler         N=  8388608 gpu=  39.4305 ms cpu128=  93.4876 ms speedup=   2.37 maxerr=9.998e-08 corr=0.8279
kepler         N= 16777216 gpu=  79.2125 ms cpu128= 185.4621 ms speedup=   2.34 maxerr=9.998e-08 corr=0.8279
pv             N=        1 gpu=   0.1436 ms cpu128=   0.0308 ms speedup=   0.21 maxerr=0.000e+00 corr=1.0000
pv             N=        8 gpu=   0.1445 ms cpu128=   0.0305 ms speedup=   0.21 maxerr=0.000e+00 corr=1.0000
pv             N=       32 gpu=   0.1466 ms cpu128=   0.0317 ms speedup=   0.22 maxerr=8.864e-08 corr=0.9375
pv             N=      128 gpu=   0.1559 ms cpu128=   0.0381 ms speedup=   0.24 maxerr=8.957e-08 corr=0.9453
pv             N=      512 gpu=   0.2613 ms cpu128=   0.0437 ms speedup=   0.17 maxerr=9.262e-08 corr=0.9297
pv             N=     2048 gpu=   0.2620 ms cpu128=   0.0607 ms speedup=   0.23 maxerr=9.981e-08 corr=0.9409
pv             N=     8192 gpu=   0.2702 ms cpu128=   0.1304 ms speedup=   0.48 maxerr=9.981e-08 corr=0.9396
pv             N=    32768 gpu=   0.2724 ms cpu128=   0.4393 ms speedup=   1.61 maxerr=9.981e-08 corr=0.9383
pv             N=   131072 gpu=   0.9856 ms cpu128=   1.6894 ms speedup=   1.71 maxerr=9.981e-08 corr=0.9383
pv             N=   524288 gpu=   3.1996 ms cpu128=   3.7297 ms speedup=   1.17 maxerr=9.981e-08 corr=0.9383
pv             N=  2097152 gpu=  12.6097 ms cpu128=  15.0863 ms speedup=   1.20 maxerr=9.981e-08 corr=0.9383
pv             N=  8388608 gpu=  49.1452 ms cpu128=  60.4984 ms speedup=   1.23 maxerr=9.981e-08 corr=0.9383
pv             N= 16777216 gpu=  98.3225 ms cpu128= 121.1433 ms speedup=   1.23 maxerr=9.981e-08 corr=0.9383
cstr           N=        1 gpu=   0.1350 ms cpu128=   0.0314 ms speedup=   0.23 maxerr=0.000e+00 corr=1.0000
cstr           N=        8 gpu=   0.1522 ms cpu128=   0.0307 ms speedup=   0.20 maxerr=2.671e-08 corr=0.7500
cstr           N=       32 gpu=   0.1537 ms cpu128=   0.0337 ms speedup=   0.22 maxerr=7.296e-08 corr=0.7188
cstr           N=      128 gpu=   0.1628 ms cpu128=   0.0354 ms speedup=   0.22 maxerr=7.296e-08 corr=0.7344
cstr           N=      512 gpu=   0.2811 ms cpu128=   0.0430 ms speedup=   0.15 maxerr=7.468e-08 corr=0.7305
cstr           N=     2048 gpu=   0.2824 ms cpu128=   0.0655 ms speedup=   0.23 maxerr=9.969e-08 corr=0.7603
cstr           N=     8192 gpu=   0.2834 ms cpu128=   0.1406 ms speedup=   0.50 maxerr=9.969e-08 corr=0.7535
cstr           N=    32768 gpu=   0.2834 ms cpu128=   0.5832 ms speedup=   2.06 maxerr=9.969e-08 corr=0.7550
cstr           N=   131072 gpu=   1.0978 ms cpu128=   2.2752 ms speedup=   2.07 maxerr=9.969e-08 corr=0.7550
cstr           N=   524288 gpu=   3.5661 ms cpu128=   3.8624 ms speedup=   1.08 maxerr=9.969e-08 corr=0.7550
cstr           N=  2097152 gpu=  14.0117 ms cpu128=  15.1735 ms speedup=   1.08 maxerr=9.969e-08 corr=0.7550
cstr           N=  8388608 gpu=  54.9935 ms cpu128=  61.2260 ms speedup=   1.11 maxerr=9.969e-08 corr=0.7550
cstr           N= 16777216 gpu= 109.7894 ms cpu128= 123.7055 ms speedup=   1.13 maxerr=9.969e-08 corr=0.7550
peng_robinson  N=        1 gpu=   0.0470 ms cpu128=   0.0305 ms speedup=   0.65 maxerr=0.000e+00 corr=1.0000
peng_robinson  N=        8 gpu=   0.0483 ms cpu128=   0.0304 ms speedup=   0.63 maxerr=3.930e-08 corr=0.7500
peng_robinson  N=       32 gpu=   0.0482 ms cpu128=   0.0307 ms speedup=   0.64 maxerr=7.193e-08 corr=0.5938
peng_robinson  N=      128 gpu=   0.0504 ms cpu128=   0.0310 ms speedup=   0.61 maxerr=9.821e-08 corr=0.5625
peng_robinson  N=      512 gpu=   0.0798 ms cpu128=   0.0310 ms speedup=   0.39 maxerr=9.821e-08 corr=0.5371
peng_robinson  N=     2048 gpu=   0.0806 ms cpu128=   0.0334 ms speedup=   0.41 maxerr=9.971e-08 corr=0.5254
peng_robinson  N=     8192 gpu=   0.0804 ms cpu128=   0.0428 ms speedup=   0.53 maxerr=9.999e-08 corr=0.5315
peng_robinson  N=    32768 gpu=   0.0806 ms cpu128=   0.0842 ms speedup=   1.04 maxerr=9.999e-08 corr=0.5298
peng_robinson  N=   131072 gpu=   0.2998 ms cpu128=   0.2886 ms speedup=   0.96 maxerr=9.999e-08 corr=0.5298
peng_robinson  N=   524288 gpu=   0.9682 ms cpu128=   1.1561 ms speedup=   1.19 maxerr=9.999e-08 corr=0.5298
peng_robinson  N=  2097152 gpu=   3.6460 ms cpu128=   4.4430 ms speedup=   1.22 maxerr=9.999e-08 corr=0.5298
peng_robinson  N=  8388608 gpu=  14.9269 ms cpu128=  18.0412 ms speedup=   1.21 maxerr=9.999e-08 corr=0.5298
peng_robinson  N= 16777216 gpu=  29.5733 ms cpu128=  36.3047 ms speedup=   1.23 maxerr=9.999e-08 corr=0.5298
