bem            N=        1 gpu=   0.0146 ms cpu128=   0.0354 ms speedup=   2.42 maxerr=5.592e-08 corr=0.0000
bem            N=        8 gpu=   0.2091 ms cpu128=   0.0339 ms speedup=   0.16 maxerr=5.592e-08 corr=0.2500
bem            N=       32 gpu=   0.2100 ms cpu128=   0.0341 ms speedup=   0.16 maxerr=7.024e-08 corr=0.2500
bem            N=      128 gpu=   0.2348 ms cpu128=   0.0354 ms speedup=   0.15 maxerr=7.024e-08 corr=0.3281
bem            N=      512 gpu=   0.4068 ms cpu128=   1.1010 ms speedup=   2.71 maxerr=9.064e-08 corr=0.3984
bem            N=     2048 gpu=   0.4123 ms cpu128=   0.1125 ms speedup=   0.27 maxerr=9.833e-08 corr=0.4214
bem            N=     8192 gpu=   0.4147 ms cpu128=   0.3294 ms speedup=   0.79 maxerr=9.986e-08 corr=0.4260
bem            N=    32768 gpu=   0.4203 ms cpu128=   1.5553 ms speedup=   3.70 maxerr=9.986e-08 corr=0.4272
bem            N=   131072 gpu=   1.6166 ms cpu128=   6.1352 ms speedup=   3.80 maxerr=9.986e-08 corr=0.4272
bem            N=   524288 gpu=   5.4775 ms cpu128=  22.0766 ms speedup=   4.03 maxerr=9.986e-08 corr=0.4272
bem            N=  2097152 gpu=  20.3042 ms cpu128=  36.6380 ms speedup=   1.80 maxerr=9.986e-08 corr=0.4272
bem            N=  8388608 gpu=  80.3767 ms cpu128= 143.9484 ms speedup=   1.79 maxerr=9.986e-08 corr=0.4272
bem            N= 16777216 gpu= 160.2322 ms cpu128= 201.5039 ms speedup=   1.26 maxerr=9.986e-08 corr=0.4272
kepler         N=        1 gpu=   0.0985 ms cpu128=   0.0338 ms speedup=   0.34 maxerr=0.000e+00 corr=1.0000
kepler         N=        8 gpu=   0.1047 ms cpu128=   0.0314 ms speedup=   0.30 maxerr=7.135e-08 corr=0.8750
kepler         N=       32 gpu=   0.1167 ms cpu128=   0.0326 ms speedup=   0.28 maxerr=8.518e-08 corr=0.9375
kepler         N=      128 gpu=   0.1279 ms cpu128=   0.0344 ms speedup=   0.27 maxerr=9.028e-08 corr=0.7812
kepler         N=      512 gpu=   0.2068 ms cpu128=   0.0411 ms speedup=   0.20 maxerr=9.939e-08 corr=0.8027
kepler         N=     2048 gpu=   0.2095 ms cpu128=   0.0525 ms speedup=   0.25 maxerr=9.998e-08 corr=0.8208
kepler         N=     8192 gpu=   0.2138 ms cpu128=   0.1979 ms speedup=   0.93 maxerr=9.998e-08 corr=0.8293
kepler         N=    32768 gpu=   0.2141 ms cpu128=   0.6815 ms speedup=   3.18 maxerr=9.998e-08 corr=0.8279
kepler         N=   131072 gpu=   0.8120 ms cpu128=   2.6047 ms speedup=   3.21 maxerr=9.998e-08 corr=0.8279
kepler         N=   524288 gpu=   2.6010 ms cpu128=  13.9945 ms speedup=   5.38 maxerr=9.998e-08 corr=0.8279
kepler         N=  2097152 gpu=  10.0877 ms cpu128=  23.0560 ms speedup=   2.29 maxerr=9.998e-08 corr=0.8279
kepler         N=  8388608 gpu=  39.5848 ms cpu128=  91.2284 ms speedup=   2.30 maxerr=9.998e-08 corr=0.8279
kepler         N= 16777216 gpu=  79.5364 ms cpu128= 183.5820 ms speedup=   2.31 maxerr=9.998e-08 corr=0.8279
pv             N=        1 gpu=   0.1435 ms cpu128=   0.0341 ms speedup=   0.24 maxerr=0.000e+00 corr=1.0000
pv             N=        8 gpu=   0.1451 ms cpu128=   0.0349 ms speedup=   0.24 maxerr=0.000e+00 corr=1.0000
pv             N=       32 gpu=   0.1471 ms cpu128=   0.0319 ms speedup=   0.22 maxerr=8.864e-08 corr=0.9375
pv             N=      128 gpu=   0.1565 ms cpu128=   0.0365 ms speedup=   0.23 maxerr=8.957e-08 corr=0.9453
pv             N=      512 gpu=   0.2620 ms cpu128=   0.0442 ms speedup=   0.17 maxerr=9.262e-08 corr=0.9297
pv             N=     2048 gpu=   0.2622 ms cpu128=   0.0653 ms speedup=   0.25 maxerr=9.981e-08 corr=0.9409
pv             N=     8192 gpu=   0.2703 ms cpu128=   0.1782 ms speedup=   0.66 maxerr=9.981e-08 corr=0.9396
pv             N=    32768 gpu=   0.2724 ms cpu128=   0.5577 ms speedup=   2.05 maxerr=9.981e-08 corr=0.9383
pv             N=   131072 gpu=   0.9886 ms cpu128=   2.2078 ms speedup=   2.23 maxerr=9.981e-08 corr=0.9383
pv             N=   524288 gpu=   3.2096 ms cpu128=  10.6222 ms speedup=   3.31 maxerr=9.981e-08 corr=0.9383
pv             N=  2097152 gpu=  12.4265 ms cpu128=  27.8050 ms speedup=   2.24 maxerr=9.981e-08 corr=0.9383
pv             N=  8388608 gpu=  49.3386 ms cpu128=  58.5101 ms speedup=   1.19 maxerr=9.981e-08 corr=0.9383
pv             N= 16777216 gpu=  98.6043 ms cpu128= 118.5534 ms speedup=   1.20 maxerr=9.981e-08 corr=0.9383
cstr           N=        1 gpu=   0.1349 ms cpu128=   0.0412 ms speedup=   0.31 maxerr=0.000e+00 corr=1.0000
cstr           N=        8 gpu=   0.1526 ms cpu128=   0.0328 ms speedup=   0.22 maxerr=2.671e-08 corr=0.7500
cstr           N=       32 gpu=   0.1532 ms cpu128=   0.0322 ms speedup=   0.21 maxerr=7.296e-08 corr=0.7188
cstr           N=      128 gpu=   0.1634 ms cpu128=   0.0409 ms speedup=   0.25 maxerr=7.296e-08 corr=0.7344
cstr           N=      512 gpu=   0.2819 ms cpu128=   0.0447 ms speedup=   0.16 maxerr=7.468e-08 corr=0.7305
cstr           N=     2048 gpu=   0.2818 ms cpu128=   0.0730 ms speedup=   0.26 maxerr=9.969e-08 corr=0.7603
cstr           N=     8192 gpu=   0.2829 ms cpu128=   0.1844 ms speedup=   0.65 maxerr=9.969e-08 corr=0.7535
cstr           N=    32768 gpu=   0.2839 ms cpu128=   0.6590 ms speedup=   2.32 maxerr=9.969e-08 corr=0.7550
cstr           N=   131072 gpu=   1.0998 ms cpu128=   2.2707 ms speedup=   2.06 maxerr=9.969e-08 corr=0.7550
cstr           N=   524288 gpu=   3.5828 ms cpu128=   8.6597 ms speedup=   2.42 maxerr=9.969e-08 corr=0.7550
cstr           N=  2097152 gpu=  14.0752 ms cpu128=  26.8881 ms speedup=   1.91 maxerr=9.969e-08 corr=0.7550
cstr           N=  8388608 gpu=  55.1693 ms cpu128=  61.9174 ms speedup=   1.12 maxerr=9.969e-08 corr=0.7550
cstr           N= 16777216 gpu= 110.0503 ms cpu128= 124.0056 ms speedup=   1.13 maxerr=9.969e-08 corr=0.7550
peng_robinson  N=        1 gpu=   0.0468 ms cpu128=   0.0347 ms speedup=   0.74 maxerr=0.000e+00 corr=1.0000
peng_robinson  N=        8 gpu=   0.0474 ms cpu128=   0.0312 ms speedup=   0.66 maxerr=3.930e-08 corr=0.7500
peng_robinson  N=       32 gpu=   0.0478 ms cpu128=   0.0320 ms speedup=   0.67 maxerr=7.193e-08 corr=0.5938
peng_robinson  N=      128 gpu=   0.0508 ms cpu128=   0.0321 ms speedup=   0.63 maxerr=9.821e-08 corr=0.5625
peng_robinson  N=      512 gpu=   0.0799 ms cpu128=   0.0324 ms speedup=   0.41 maxerr=9.821e-08 corr=0.5371
peng_robinson  N=     2048 gpu=   0.0799 ms cpu128=   0.0351 ms speedup=   0.44 maxerr=9.971e-08 corr=0.5254
peng_robinson  N=     8192 gpu=   0.0797 ms cpu128=   0.0445 ms speedup=   0.56 maxerr=9.999e-08 corr=0.5315
peng_robinson  N=    32768 gpu=   0.0798 ms cpu128=   0.1027 ms speedup=   1.29 maxerr=9.999e-08 corr=0.5298
peng_robinson  N=   131072 gpu=   0.2995 ms cpu128=   0.4957 ms speedup=   1.66 maxerr=9.999e-08 corr=0.5298
peng_robinson  N=   524288 gpu=   0.9710 ms cpu128=   2.1372 ms speedup=   2.20 maxerr=9.999e-08 corr=0.5298
peng_robinson  N=  2097152 gpu=   3.6557 ms cpu128=  11.1403 ms speedup=   3.05 maxerr=9.999e-08 corr=0.5298
peng_robinson  N=  8388608 gpu=  14.9761 ms cpu128=  31.9979 ms speedup=   2.14 maxerr=9.999e-08 corr=0.5298
peng_robinson  N= 16777216 gpu=  29.9389 ms cpu128=  36.5654 ms speedup=   1.22 maxerr=9.999e-08 corr=0.5298
