
 **************************************************************************************************
 TurbSim

 Copyright (C) 2026 National Renewable Energy Laboratory
 Copyright (C) 2026 Envision Energy USA LTD

 This program is licensed under Apache License Version 2.0 and comes with ABSOLUTELY NO WARRANTY.
 See the "LICENSE" file distributed with this software for details.
 **************************************************************************************************

  Running TurbSim (from OpenFAST-HEAD-HASH-NOTFOUND)


  Reading the input file "90m_12mps_twr.inp".
  Calculating the spectral and transfer function matrices:
     u-component matrices (IEC coherence method)
     v-component matrices (identity coherence)
     w-component matrices (identity coherence)
  Generating time series for all points:
     u-component
     v-component
     w-component
  Computing hub-height statistics
  Writing statistics to summary file
  Generating AeroDyn binary time-series file "90m_12mps_twr.bts"

  Processing complete.  507.42 CPU seconds used.

  TurbSim terminated normally.

