bem            N=        1 brent_dekker         kernel=   0.1221 e2e=   0.1254 wrong=0 it99=43
bem            N=        1 bracketed_secant     kernel=   0.1138 e2e=   0.1215 wrong=0 it99=40
bem            N=        1 safeguarded_newton   kernel=   0.1470 e2e=   0.1512 wrong=0 it99=44
bem            N=        1 safeguarded_halley   kernel=   0.2857 e2e=   0.2903 wrong=0 it99=44
bem            N=        8 bracketed_secant     kernel=   0.1138 e2e=   0.1209 wrong=0 it99=40
bem            N=        8 safeguarded_newton   kernel=   0.1469 e2e=   0.1512 wrong=0 it99=44
bem            N=        8 safeguarded_halley   kernel=   0.2861 e2e=   0.2921 wrong=0 it99=44
bem            N=        8 brent_dekker         kernel=   0.1613 e2e=   0.1652 wrong=0 it99=43
bem            N=       32 brent_dekker         kernel=   0.1649 e2e=   0.1737 wrong=0 it99=43
bem            N=       32 bracketed_secant     kernel=   0.1137 e2e=   0.1247 wrong=0 it99=40
bem            N=       32 safeguarded_newton   kernel=   0.1470 e2e=   0.1582 wrong=0 it99=44
bem            N=       32 safeguarded_halley   kernel=   0.2988 e2e=   0.3094 wrong=0 it99=46
bem            N=      128 brent_dekker         kernel=   0.1778 e2e=   0.1868 wrong=0 it99=43
bem            N=      128 bracketed_secant     kernel=   0.1221 e2e=   0.1349 wrong=0 it99=40
bem            N=      128 safeguarded_newton   kernel=   0.1572 e2e=   0.1645 wrong=0 it99=44
bem            N=      128 safeguarded_halley   kernel=   0.3244 e2e=   0.3349 wrong=0 it99=47
bem            N=      512 brent_dekker         kernel=   0.3241 e2e=   0.3353 wrong=0 it99=43
bem            N=      512 bracketed_secant     kernel=   0.2255 e2e=   0.2352 wrong=0 it99=40
bem            N=      512 safeguarded_newton   kernel=   0.2881 e2e=   0.2988 wrong=0 it99=44
bem            N=      512 safeguarded_halley   kernel=   0.5972 e2e=   0.6080 wrong=0 it99=47
bem            N=     2048 brent_dekker         kernel=   0.3246 e2e=   0.3363 wrong=0 it99=44
bem            N=     2048 bracketed_secant     kernel=   0.2258 e2e=   0.2382 wrong=0 it99=40
bem            N=     2048 safeguarded_newton   kernel=   0.2893 e2e=   0.3019 wrong=0 it99=44
bem            N=     2048 safeguarded_halley   kernel=   0.6093 e2e=   0.6185 wrong=0 it99=47
bem            N=     8192 brent_dekker         kernel=   0.3283 e2e=   0.3638 wrong=0 it99=44
bem            N=     8192 bracketed_secant     kernel=   0.2260 e2e=   0.2633 wrong=0 it99=40
bem            N=     8192 safeguarded_newton   kernel=   0.2896 e2e=   0.3265 wrong=0 it99=44
bem            N=     8192 safeguarded_halley   kernel=   0.6108 e2e=   0.6442 wrong=0 it99=47
bem            N=    32768 brent_dekker         kernel=   0.3260 e2e=   0.4477 wrong=0 it99=44
bem            N=    32768 bracketed_secant     kernel=   0.2254 e2e=   0.3489 wrong=0 it99=40
bem            N=    32768 safeguarded_newton   kernel=   0.2870 e2e=   0.4100 wrong=0 it99=44
bem            N=    32768 safeguarded_halley   kernel=   0.6120 e2e=   0.7311 wrong=0 it99=47
bem            N=   131072 brent_dekker         kernel=   1.2889 e2e=   1.7476 wrong=0 it99=44
bem            N=   131072 bracketed_secant     kernel=   0.8896 e2e=   1.3525 wrong=0 it99=40
bem            N=   131072 safeguarded_newton   kernel=   1.1448 e2e=   1.6076 wrong=0 it99=44
bem            N=   131072 safeguarded_halley   kernel=   2.3503 e2e=   2.8119 wrong=0 it99=47
bem            N=   524288 brent_dekker         kernel=   4.1826 e2e=   6.0267 wrong=0 it99=44
bem            N=   524288 bracketed_secant     kernel=   2.8930 e2e=   4.7320 wrong=0 it99=40
bem            N=   524288 safeguarded_newton   kernel=   3.7188 e2e=   5.5674 wrong=0 it99=44
bem            N=   524288 safeguarded_halley   kernel=   7.6292 e2e=   9.4822 wrong=0 it99=47
bem            N=  2097152 brent_dekker         kernel=  16.0128 e2e=  23.1094 wrong=0 it99=44
bem            N=  2097152 bracketed_secant     kernel=  10.9060 e2e=  18.2907 wrong=0 it99=40
bem            N=  2097152 safeguarded_newton   kernel=  14.2735 e2e=  21.4286 wrong=0 it99=44
bem            N=  2097152 safeguarded_halley   kernel=  29.2603 e2e=  36.3243 wrong=0 it99=47
bem            N=  8388608 brent_dekker         kernel=  63.0971 e2e=  91.3819 wrong=0 it99=44
bem            N=  8388608 bracketed_secant     kernel=  43.5852 e2e=  71.9257 wrong=0 it99=40
bem            N=  8388608 safeguarded_newton   kernel=  55.9968 e2e=  84.4613 wrong=0 it99=44
bem            N=  8388608 safeguarded_halley   kernel= 115.3040 e2e= 143.5040 wrong=0 it99=47
bem            N= 16777216 brent_dekker         kernel= 126.2729 e2e= 182.7721 wrong=0 it99=44
bem            N= 16777216 bracketed_secant     kernel=  87.4571 e2e= 144.1826 wrong=0 it99=40
bem            N= 16777216 safeguarded_newton   kernel= 112.3428 e2e= 169.0097 wrong=0 it99=44
bem            N= 16777216 safeguarded_halley   kernel= 230.2406 e2e= 286.8726 wrong=0 it99=47
kepler         N=        1 bracketed_secant     kernel=   0.0807 e2e=   0.0882 wrong=0 it99=63
kepler         N=        1 safeguarded_newton   kernel=   0.0227 e2e=   0.0266 wrong=0 it99=13
kepler         N=        1 safeguarded_halley   kernel=   0.0227 e2e=   0.0248 wrong=0 it99=8
kepler         N=        1 brent_dekker         kernel=   0.0497 e2e=   0.0514 wrong=0 it99=32
kepler         N=        8 safeguarded_newton   kernel=   0.0236 e2e=   0.0279 wrong=0 it99=11
kepler         N=        8 safeguarded_halley   kernel=   0.0227 e2e=   0.0261 wrong=0 it99=7
kepler         N=        8 brent_dekker         kernel=   0.0807 e2e=   0.0884 wrong=0 it99=41
kepler         N=        8 bracketed_secant     kernel=   0.0807 e2e=   0.0877 wrong=0 it99=55
kepler         N=       32 bracketed_secant     kernel=   0.1055 e2e=   0.1146 wrong=0 it99=83
kepler         N=       32 safeguarded_newton   kernel=   0.0311 e2e=   0.0367 wrong=0 it99=18
kepler         N=       32 safeguarded_halley   kernel=   0.0290 e2e=   0.0364 wrong=0 it99=11
kepler         N=       32 brent_dekker         kernel=   0.0881 e2e=   0.0983 wrong=0 it99=45
kepler         N=      128 bracketed_secant     kernel=   0.1200 e2e=   0.1303 wrong=0 it99=83
kepler         N=      128 safeguarded_newton   kernel=   0.0352 e2e=   0.0477 wrong=0 it99=18
kepler         N=      128 safeguarded_halley   kernel=   0.0331 e2e=   0.0456 wrong=0 it99=11
kepler         N=      128 brent_dekker         kernel=   0.0972 e2e=   0.1091 wrong=0 it99=46
kepler         N=      512 bracketed_secant     kernel=   0.2098 e2e=   0.2226 wrong=0 it99=87
kepler         N=      512 safeguarded_newton   kernel=   0.0579 e2e=   0.0672 wrong=0 it99=19
kepler         N=      512 safeguarded_halley   kernel=   0.0558 e2e=   0.0635 wrong=0 it99=12
kepler         N=      512 brent_dekker         kernel=   0.1799 e2e=   0.1922 wrong=0 it99=46
kepler         N=     2048 bracketed_secant     kernel=   0.2117 e2e=   0.2235 wrong=0 it99=87
kepler         N=     2048 safeguarded_newton   kernel=   0.0574 e2e=   0.0751 wrong=0 it99=19
kepler         N=     2048 safeguarded_halley   kernel=   0.0554 e2e=   0.0740 wrong=0 it99=12
kepler         N=     2048 brent_dekker         kernel=   0.1812 e2e=   0.1972 wrong=0 it99=47
kepler         N=     8192 bracketed_secant     kernel=   0.2161 e2e=   0.2537 wrong=0 it99=87
kepler         N=     8192 safeguarded_newton   kernel=   0.0594 e2e=   0.0995 wrong=0 it99=19
kepler         N=     8192 safeguarded_halley   kernel=   0.0571 e2e=   0.0968 wrong=0 it99=12
kepler         N=     8192 brent_dekker         kernel=   0.1820 e2e=   0.2191 wrong=0 it99=47
kepler         N=    32768 bracketed_secant     kernel=   0.2156 e2e=   0.3337 wrong=0 it99=87
kepler         N=    32768 safeguarded_newton   kernel=   0.0595 e2e=   0.1804 wrong=0 it99=19
kepler         N=    32768 safeguarded_halley   kernel=   0.0574 e2e=   0.1753 wrong=0 it99=12
kepler         N=    32768 brent_dekker         kernel=   0.1828 e2e=   0.3046 wrong=0 it99=47
kepler         N=   131072 bracketed_secant     kernel=   0.8456 e2e=   1.2947 wrong=0 it99=87
kepler         N=   131072 safeguarded_newton   kernel=   0.2269 e2e=   0.6814 wrong=0 it99=19
kepler         N=   131072 safeguarded_halley   kernel=   0.2635 e2e=   0.7194 wrong=0 it99=12
kepler         N=   131072 brent_dekker         kernel=   0.6964 e2e=   1.1510 wrong=0 it99=47
kepler         N=   524288 bracketed_secant     kernel=   2.7205 e2e=   4.5472 wrong=0 it99=87
kepler         N=   524288 safeguarded_newton   kernel=   0.7168 e2e=   2.5356 wrong=0 it99=19
kepler         N=   524288 safeguarded_halley   kernel=   0.6927 e2e=   2.5079 wrong=0 it99=12
kepler         N=   524288 brent_dekker         kernel=   2.2632 e2e=   4.0790 wrong=0 it99=47
kepler         N=  2097152 bracketed_secant     kernel=  10.2884 e2e=  17.5966 wrong=0 it99=87
kepler         N=  2097152 safeguarded_newton   kernel=   2.6994 e2e=   9.8468 wrong=0 it99=19
kepler         N=  2097152 safeguarded_halley   kernel=   2.6102 e2e=   9.7492 wrong=0 it99=12
kepler         N=  2097152 brent_dekker         kernel=   8.5469 e2e=  15.8315 wrong=0 it99=47
kepler         N=  8388608 bracketed_secant     kernel=  41.0264 e2e=  69.4383 wrong=0 it99=87
kepler         N=  8388608 safeguarded_newton   kernel=  10.8989 e2e=  39.1796 wrong=0 it99=19
kepler         N=  8388608 safeguarded_halley   kernel=  10.2844 e2e=  38.8154 wrong=0 it99=12
kepler         N=  8388608 brent_dekker         kernel=  34.1627 e2e=  62.3883 wrong=0 it99=47
kepler         N= 16777216 bracketed_secant     kernel=  82.1149 e2e= 139.0529 wrong=0 it99=87
kepler         N= 16777216 safeguarded_newton   kernel=  21.5218 e2e=  78.1832 wrong=0 it99=19
kepler         N= 16777216 safeguarded_halley   kernel=  20.7865 e2e=  77.4301 wrong=0 it99=12
kepler         N= 16777216 brent_dekker         kernel=  68.2400 e2e= 124.7235 wrong=0 it99=47
pv             N=        1 safeguarded_newton   kernel=   0.0124 e2e=   0.0157 wrong=0 it99=3
pv             N=        1 safeguarded_halley   kernel=   0.0165 e2e=   0.0240 wrong=0 it99=3
pv             N=        1 brent_dekker         kernel=   0.0703 e2e=   0.0755 wrong=0 it99=36
pv             N=        1 bracketed_secant     kernel=   0.0103 e2e=   0.0141 wrong=0 it99=2
pv             N=        8 safeguarded_halley   kernel=   0.0227 e2e=   0.0262 wrong=0 it99=5
pv             N=        8 brent_dekker         kernel=   0.0991 e2e=   0.1027 wrong=0 it99=38
pv             N=        8 bracketed_secant     kernel=   0.0683 e2e=   0.0753 wrong=0 it99=25
pv             N=        8 safeguarded_newton   kernel=   0.0207 e2e=   0.0257 wrong=0 it99=5
pv             N=       32 safeguarded_newton   kernel=   0.0268 e2e=   0.0357 wrong=0 it99=9
pv             N=       32 safeguarded_halley   kernel=   0.0290 e2e=   0.0364 wrong=0 it99=6
pv             N=       32 brent_dekker         kernel=   0.1087 e2e=   0.1163 wrong=0 it99=45
pv             N=       32 bracketed_secant     kernel=   0.0805 e2e=   0.0860 wrong=0 it99=38
pv             N=      128 safeguarded_newton   kernel=   0.0282 e2e=   0.0360 wrong=0 it99=9
pv             N=      128 safeguarded_halley   kernel=   0.0310 e2e=   0.0365 wrong=0 it99=6
pv             N=      128 brent_dekker         kernel=   0.1184 e2e=   0.1279 wrong=0 it99=46
pv             N=      128 bracketed_secant     kernel=   0.0848 e2e=   0.0932 wrong=0 it99=35
pv             N=      512 safeguarded_newton   kernel=   0.0454 e2e=   0.0602 wrong=0 it99=9
pv             N=      512 safeguarded_halley   kernel=   0.0517 e2e=   0.0610 wrong=0 it99=6
pv             N=      512 brent_dekker         kernel=   0.2098 e2e=   0.2226 wrong=0 it99=46
pv             N=      512 bracketed_secant     kernel=   0.1407 e2e=   0.1498 wrong=0 it99=38
pv             N=     2048 safeguarded_newton   kernel=   0.0451 e2e=   0.0628 wrong=0 it99=9
pv             N=     2048 safeguarded_halley   kernel=   0.0513 e2e=   0.0644 wrong=0 it99=6
pv             N=     2048 brent_dekker         kernel=   0.2148 e2e=   0.2259 wrong=0 it99=48
pv             N=     2048 bracketed_secant     kernel=   0.1411 e2e=   0.1524 wrong=0 it99=37
pv             N=     8192 safeguarded_newton   kernel=   0.0471 e2e=   0.0876 wrong=0 it99=9
pv             N=     8192 safeguarded_halley   kernel=   0.0533 e2e=   0.0943 wrong=0 it99=6
pv             N=     8192 brent_dekker         kernel=   0.2177 e2e=   0.2556 wrong=0 it99=48
pv             N=     8192 bracketed_secant     kernel=   0.1411 e2e=   0.1799 wrong=0 it99=36
pv             N=    32768 safeguarded_newton   kernel=   0.0492 e2e=   0.1722 wrong=0 it99=9
pv             N=    32768 safeguarded_halley   kernel=   0.0534 e2e=   0.1717 wrong=0 it99=6
pv             N=    32768 brent_dekker         kernel=   0.2311 e2e=   0.3474 wrong=0 it99=48
pv             N=    32768 bracketed_secant     kernel=   0.1457 e2e=   0.2656 wrong=0 it99=36
pv             N=   131072 safeguarded_newton   kernel=   0.1581 e2e=   0.6114 wrong=0 it99=9
pv             N=   131072 safeguarded_halley   kernel=   0.1628 e2e=   0.6206 wrong=0 it99=6
pv             N=   131072 brent_dekker         kernel=   0.8172 e2e=   1.2715 wrong=0 it99=48
pv             N=   131072 bracketed_secant     kernel=   0.4707 e2e=   0.9242 wrong=0 it99=36
pv             N=   524288 safeguarded_newton   kernel=   0.4979 e2e=   2.3085 wrong=0 it99=9
pv             N=   524288 safeguarded_halley   kernel=   0.5355 e2e=   2.3500 wrong=0 it99=6
pv             N=   524288 brent_dekker         kernel=   2.6383 e2e=   4.4469 wrong=0 it99=48
pv             N=   524288 bracketed_secant     kernel=   1.5730 e2e=   3.3879 wrong=0 it99=36
pv             N=  2097152 safeguarded_newton   kernel=   1.8554 e2e=   8.9854 wrong=0 it99=9
pv             N=  2097152 safeguarded_halley   kernel=   2.0013 e2e=   9.1252 wrong=0 it99=6
pv             N=  2097152 brent_dekker         kernel=   9.9683 e2e=  17.2005 wrong=0 it99=48
pv             N=  2097152 bracketed_secant     kernel=   5.8841 e2e=  13.0489 wrong=0 it99=36
pv             N=  8388608 safeguarded_newton   kernel=   7.2889 e2e=  35.6787 wrong=0 it99=9
pv             N=  8388608 safeguarded_halley   kernel=   7.8572 e2e=  36.3756 wrong=0 it99=6
pv             N=  8388608 brent_dekker         kernel=  39.6889 e2e=  67.9159 wrong=0 it99=48
pv             N=  8388608 bracketed_secant     kernel=  23.3599 e2e=  51.7674 wrong=0 it99=36
pv             N= 16777216 safeguarded_newton   kernel=  14.7798 e2e=  71.5094 wrong=0 it99=9
pv             N= 16777216 safeguarded_halley   kernel=  15.9137 e2e=  72.8029 wrong=0 it99=6
pv             N= 16777216 brent_dekker         kernel=  79.2246 e2e= 135.9707 wrong=0 it99=48
pv             N= 16777216 bracketed_secant     kernel=  46.5436 e2e= 103.1622 wrong=0 it99=36
cstr           N=        1 safeguarded_halley   kernel=   0.3117 e2e=   0.3175 wrong=0 it99=3
cstr           N=        1 brent_dekker         kernel=   0.3283 e2e=   0.3368 wrong=0 it99=17
cstr           N=        1 bracketed_secant     kernel=   0.3046 e2e=   0.3118 wrong=0 it99=5
cstr           N=        1 safeguarded_newton   kernel=   0.3060 e2e=   0.3121 wrong=0 it99=4
cstr           N=        8 brent_dekker         kernel=   0.3584 e2e=   0.3622 wrong=0 it99=31
cstr           N=        8 bracketed_secant     kernel=   0.3051 e2e=   0.3118 wrong=0 it99=4
cstr           N=        8 safeguarded_newton   kernel=   0.3068 e2e=   0.3116 wrong=0 it99=4
cstr           N=        8 safeguarded_halley   kernel=   0.3126 e2e=   0.3207 wrong=0 it99=3
cstr           N=       32 safeguarded_halley   kernel=   0.3130 e2e=   0.3223 wrong=0 it99=3
cstr           N=       32 brent_dekker         kernel=   0.3704 e2e=   0.3789 wrong=0 it99=35
cstr           N=       32 bracketed_secant     kernel=   0.3071 e2e=   0.3156 wrong=0 it99=5
cstr           N=       32 safeguarded_newton   kernel=   0.3071 e2e=   0.3195 wrong=0 it99=4
cstr           N=      128 safeguarded_halley   kernel=   0.3421 e2e=   0.3478 wrong=0 it99=3
cstr           N=      128 brent_dekker         kernel=   0.4041 e2e=   0.4090 wrong=0 it99=35
cstr           N=      128 bracketed_secant     kernel=   0.3365 e2e=   0.3470 wrong=0 it99=6
cstr           N=      128 safeguarded_newton   kernel=   0.3360 e2e=   0.3465 wrong=0 it99=4
cstr           N=      512 safeguarded_halley   kernel=   0.6138 e2e=   0.6238 wrong=0 it99=3
cstr           N=      512 brent_dekker         kernel=   0.7352 e2e=   0.7441 wrong=0 it99=36
cstr           N=      512 bracketed_secant     kernel=   0.6087 e2e=   0.6204 wrong=0 it99=6
cstr           N=      512 safeguarded_newton   kernel=   0.6043 e2e=   0.6171 wrong=0 it99=4
cstr           N=     2048 safeguarded_halley   kernel=   0.6151 e2e=   0.6276 wrong=0 it99=3
cstr           N=     2048 brent_dekker         kernel=   0.7355 e2e=   0.7460 wrong=0 it99=36
cstr           N=     2048 bracketed_secant     kernel=   0.6096 e2e=   0.6209 wrong=0 it99=6
cstr           N=     2048 safeguarded_newton   kernel=   0.6055 e2e=   0.6180 wrong=0 it99=4
cstr           N=     8192 safeguarded_halley   kernel=   0.6165 e2e=   0.6541 wrong=0 it99=3
cstr           N=     8192 brent_dekker         kernel=   0.7382 e2e=   0.7713 wrong=0 it99=36
cstr           N=     8192 bracketed_secant     kernel=   0.6104 e2e=   0.6465 wrong=0 it99=6
cstr           N=     8192 safeguarded_newton   kernel=   0.6070 e2e=   0.6446 wrong=0 it99=4
cstr           N=    32768 safeguarded_halley   kernel=   0.6130 e2e=   0.7332 wrong=0 it99=3
cstr           N=    32768 brent_dekker         kernel=   0.7337 e2e=   0.8501 wrong=0 it99=36
cstr           N=    32768 bracketed_secant     kernel=   0.6074 e2e=   0.7253 wrong=0 it99=6
cstr           N=    32768 safeguarded_newton   kernel=   0.6042 e2e=   0.7242 wrong=0 it99=4
cstr           N=   131072 safeguarded_halley   kernel=   2.4275 e2e=   2.8811 wrong=0 it99=3
cstr           N=   131072 brent_dekker         kernel=   2.8971 e2e=   3.3506 wrong=0 it99=36
cstr           N=   131072 bracketed_secant     kernel=   2.4078 e2e=   2.8660 wrong=0 it99=6
cstr           N=   131072 safeguarded_newton   kernel=   2.3914 e2e=   2.8457 wrong=0 it99=4
cstr           N=   524288 safeguarded_halley   kernel=   7.8796 e2e=   9.7082 wrong=0 it99=3
cstr           N=   524288 brent_dekker         kernel=   9.4209 e2e=  11.2454 wrong=0 it99=36
cstr           N=   524288 bracketed_secant     kernel=   7.8222 e2e=   9.6565 wrong=0 it99=6
cstr           N=   524288 safeguarded_newton   kernel=   7.7647 e2e=   9.5906 wrong=0 it99=4
cstr           N=  2097152 safeguarded_halley   kernel=  30.2296 e2e=  37.3273 wrong=0 it99=3
cstr           N=  2097152 brent_dekker         kernel=  36.0204 e2e=  43.1225 wrong=0 it99=36
cstr           N=  2097152 bracketed_secant     kernel=  29.9991 e2e=  37.0858 wrong=0 it99=6
cstr           N=  2097152 safeguarded_newton   kernel=  29.7844 e2e=  36.8475 wrong=0 it99=4
cstr           N=  8388608 safeguarded_halley   kernel= 118.9015 e2e= 146.9707 wrong=0 it99=3
cstr           N=  8388608 brent_dekker         kernel= 142.3154 e2e= 170.4499 wrong=0 it99=36
cstr           N=  8388608 bracketed_secant     kernel= 118.0114 e2e= 146.3796 wrong=0 it99=6
cstr           N=  8388608 safeguarded_newton   kernel= 117.1713 e2e= 145.5399 wrong=0 it99=4
cstr           N= 16777216 safeguarded_halley   kernel= 237.7411 e2e= 294.5466 wrong=0 it99=3
cstr           N= 16777216 brent_dekker         kernel= 284.2310 e2e= 340.9785 wrong=0 it99=36
cstr           N= 16777216 bracketed_secant     kernel= 235.9601 e2e= 292.5486 wrong=0 it99=6
cstr           N= 16777216 safeguarded_newton   kernel= 234.2433 e2e= 290.8928 wrong=0 it99=4
peng_robinson  N=        1 analytic_cubic       kernel=   0.0082 e2e=   0.0124 wrong=0 it99=1
peng_robinson  N=        1 brent_dekker         kernel=   0.0351 e2e=   0.0372 wrong=0 it99=23
peng_robinson  N=        1 bracketed_secant     kernel=   0.0186 e2e=   0.0253 wrong=0 it99=13
peng_robinson  N=        1 safeguarded_newton   kernel=   0.0123 e2e=   0.0146 wrong=0 it99=6
peng_robinson  N=        1 safeguarded_halley   kernel=   0.0123 e2e=   0.0144 wrong=0 it99=4
peng_robinson  N=        8 brent_dekker         kernel=   0.0702 e2e=   0.0755 wrong=0 it99=37
peng_robinson  N=        8 bracketed_secant     kernel=   0.0511 e2e=   0.0536 wrong=0 it99=38
peng_robinson  N=        8 safeguarded_newton   kernel=   0.0167 e2e=   0.0249 wrong=0 it99=9
peng_robinson  N=        8 safeguarded_halley   kernel=   0.0145 e2e=   0.0224 wrong=0 it99=6
peng_robinson  N=        8 analytic_cubic       kernel=   0.0102 e2e=   0.0125 wrong=0 it99=1
peng_robinson  N=       32 safeguarded_halley   kernel=   0.0166 e2e=   0.0233 wrong=0 it99=7
peng_robinson  N=       32 analytic_cubic       kernel=   0.0102 e2e=   0.0204 wrong=0 it99=1
peng_robinson  N=       32 brent_dekker         kernel=   0.0765 e2e=   0.0858 wrong=0 it99=41
peng_robinson  N=       32 bracketed_secant     kernel=   0.0579 e2e=   0.0696 wrong=0 it99=46
peng_robinson  N=       32 safeguarded_newton   kernel=   0.0186 e2e=   0.0238 wrong=0 it99=11
peng_robinson  N=      128 brent_dekker         kernel=   0.0909 e2e=   0.0995 wrong=0 it99=43
peng_robinson  N=      128 bracketed_secant     kernel=   0.0640 e2e=   0.0746 wrong=0 it99=50
peng_robinson  N=      128 safeguarded_newton   kernel=   0.0186 e2e=   0.0272 wrong=0 it99=11
peng_robinson  N=      128 safeguarded_halley   kernel=   0.0186 e2e=   0.0275 wrong=0 it99=7
peng_robinson  N=      128 analytic_cubic       kernel=   0.0103 e2e=   0.0210 wrong=0 it99=1
peng_robinson  N=      512 safeguarded_halley   kernel=   0.0290 e2e=   0.0406 wrong=0 it99=7
peng_robinson  N=      512 analytic_cubic       kernel=   0.0165 e2e=   0.0275 wrong=0 it99=1
peng_robinson  N=      512 brent_dekker         kernel=   0.1591 e2e=   0.1728 wrong=0 it99=45
peng_robinson  N=      512 bracketed_secant     kernel=   0.1127 e2e=   0.1243 wrong=0 it99=50
peng_robinson  N=      512 safeguarded_newton   kernel=   0.0320 e2e=   0.0473 wrong=0 it99=11
peng_robinson  N=     2048 brent_dekker         kernel=   0.1604 e2e=   0.1737 wrong=0 it99=46
peng_robinson  N=     2048 bracketed_secant     kernel=   0.1119 e2e=   0.1251 wrong=0 it99=50
peng_robinson  N=     2048 safeguarded_newton   kernel=   0.0328 e2e=   0.0495 wrong=0 it99=11
peng_robinson  N=     2048 safeguarded_halley   kernel=   0.0307 e2e=   0.0487 wrong=0 it99=7
peng_robinson  N=     2048 analytic_cubic       kernel=   0.0164 e2e=   0.0362 wrong=0 it99=1
peng_robinson  N=     8192 safeguarded_halley   kernel=   0.0307 e2e=   0.0696 wrong=0 it99=7
peng_robinson  N=     8192 analytic_cubic       kernel=   0.0164 e2e=   0.0565 wrong=0 it99=1
peng_robinson  N=     8192 brent_dekker         kernel=   0.1605 e2e=   0.1991 wrong=0 it99=45
peng_robinson  N=     8192 bracketed_secant     kernel=   0.1144 e2e=   0.1528 wrong=0 it99=49
peng_robinson  N=     8192 safeguarded_newton   kernel=   0.0331 e2e=   0.0732 wrong=0 it99=11
peng_robinson  N=    32768 brent_dekker         kernel=   0.1599 e2e=   0.2824 wrong=0 it99=45
peng_robinson  N=    32768 bracketed_secant     kernel=   0.1250 e2e=   0.2443 wrong=0 it99=49
peng_robinson  N=    32768 safeguarded_newton   kernel=   0.0349 e2e=   0.1563 wrong=0 it99=11
peng_robinson  N=    32768 safeguarded_halley   kernel=   0.0309 e2e=   0.1543 wrong=0 it99=7
peng_robinson  N=    32768 analytic_cubic       kernel=   0.0172 e2e=   0.1384 wrong=0 it99=1
peng_robinson  N=   131072 safeguarded_halley   kernel=   0.1076 e2e=   0.5676 wrong=0 it99=7
peng_robinson  N=   131072 analytic_cubic       kernel=   0.0626 e2e=   0.5200 wrong=0 it99=1
peng_robinson  N=   131072 brent_dekker         kernel=   0.6118 e2e=   1.0697 wrong=0 it99=45
peng_robinson  N=   131072 bracketed_secant     kernel=   0.4325 e2e=   0.8922 wrong=0 it99=49
peng_robinson  N=   131072 safeguarded_newton   kernel=   0.1201 e2e=   0.5804 wrong=0 it99=11
peng_robinson  N=   524288 brent_dekker         kernel=   1.9649 e2e=   3.7822 wrong=0 it99=45
peng_robinson  N=   524288 bracketed_secant     kernel=   1.3955 e2e=   3.2131 wrong=0 it99=49
peng_robinson  N=   524288 safeguarded_newton   kernel=   0.3852 e2e=   2.2023 wrong=0 it99=11
peng_robinson  N=   524288 safeguarded_halley   kernel=   0.3380 e2e=   2.1492 wrong=0 it99=7
peng_robinson  N=   524288 analytic_cubic       kernel=   0.1949 e2e=   2.0055 wrong=0 it99=1
peng_robinson  N=  2097152 safeguarded_halley   kernel=   1.2705 e2e=   8.4048 wrong=0 it99=7
peng_robinson  N=  2097152 analytic_cubic       kernel=   0.7289 e2e=   7.8438 wrong=0 it99=1
peng_robinson  N=  2097152 brent_dekker         kernel=   7.4058 e2e=  14.5975 wrong=0 it99=45
peng_robinson  N=  2097152 bracketed_secant     kernel=   5.2576 e2e=  12.5214 wrong=0 it99=49
peng_robinson  N=  2097152 safeguarded_newton   kernel=   1.4426 e2e=   8.5878 wrong=0 it99=11
peng_robinson  N=  8388608 brent_dekker         kernel=  29.6627 e2e=  57.9219 wrong=0 it99=45
peng_robinson  N=  8388608 bracketed_secant     kernel=  20.9562 e2e=  49.3789 wrong=0 it99=49
peng_robinson  N=  8388608 safeguarded_newton   kernel=   5.6683 e2e=  34.1141 wrong=0 it99=11
peng_robinson  N=  8388608 safeguarded_halley   kernel=   4.9908 e2e=  33.3436 wrong=0 it99=7
peng_robinson  N=  8388608 analytic_cubic       kernel=   2.8643 e2e=  31.2762 wrong=0 it99=1
peng_robinson  N= 16777216 bracketed_secant     kernel=  41.8617 e2e=  98.6765 wrong=0 it99=49
peng_robinson  N= 16777216 safeguarded_newton   kernel=  11.3342 e2e=  68.0860 wrong=0 it99=11
peng_robinson  N= 16777216 safeguarded_halley   kernel=   9.9628 e2e=  66.9475 wrong=0 it99=7
peng_robinson  N= 16777216 analytic_cubic       kernel=   5.7204 e2e=  62.5469 wrong=0 it99=1
peng_robinson  N= 16777216 brent_dekker         kernel=  58.9910 e2e= 115.6804 wrong=0 it99=45
