bem            N=        1 fp32                      kernel=   0.0164 e2e=   0.0240 cpu=      nan corr=0.000
bem            N=        1 fp64                      kernel=   0.2002 e2e=   0.2090 cpu=      nan corr=1.000
bem            N=        1 adaptive_frozen_v3        kernel=   0.2115 e2e=   0.2211 cpu=      nan corr=1.000
bem            N=        1 adaptive_no_gradient_gate_v3 kernel=   0.2115 e2e=   0.2209 cpu=      nan corr=1.000
bem            N=        8 fp64                      kernel=   0.2007 e2e=   0.2090 cpu=      nan corr=1.000
bem            N=        8 adaptive_frozen_v3        kernel=   0.2172 e2e=   0.2232 cpu=      nan corr=0.500
bem            N=        8 adaptive_no_gradient_gate_v3 kernel=   0.2172 e2e=   0.2232 cpu=      nan corr=0.500
bem            N=        8 fp32                      kernel=   0.0164 e2e=   0.0230 cpu=      nan corr=0.000
bem            N=       32 fp32                      kernel=   0.0164 e2e=   0.0237 cpu=      nan corr=0.000
bem            N=       32 fp64                      kernel=   0.2207 e2e=   0.2333 cpu=      nan corr=1.000
bem            N=       32 adaptive_frozen_v3        kernel=   0.2187 e2e=   0.2333 cpu=      nan corr=0.375
bem            N=       32 adaptive_no_gradient_gate_v3 kernel=   0.2186 e2e=   0.2332 cpu=      nan corr=0.375
bem            N=      128 fp32                      kernel=   0.0164 e2e=   0.0236 cpu=      nan corr=0.000
bem            N=      128 fp64                      kernel=   0.2320 e2e=   0.2456 cpu=      nan corr=1.000
bem            N=      128 adaptive_frozen_v3        kernel=   0.2424 e2e=   0.2578 cpu=      nan corr=0.391
bem            N=      128 adaptive_no_gradient_gate_v3 kernel=   0.2424 e2e=   0.2531 cpu=      nan corr=0.391
bem            N=      512 fp32                      kernel=   0.0205 e2e=   0.0346 cpu=      nan corr=0.000
bem            N=      512 fp64                      kernel=   0.4055 e2e=   0.4178 cpu=      nan corr=1.000
bem            N=      512 adaptive_frozen_v3        kernel=   0.4150 e2e=   0.4300 cpu=      nan corr=0.434
bem            N=      512 adaptive_no_gradient_gate_v3 kernel=   0.4150 e2e=   0.4300 cpu=      nan corr=0.434
bem            N=     2048 fp32                      kernel=   0.0205 e2e=   0.0370 cpu=      nan corr=0.000
bem            N=     2048 fp64                      kernel=   0.4049 e2e=   0.4198 cpu=      nan corr=1.000
bem            N=     2048 adaptive_frozen_v3        kernel=   0.4196 e2e=   0.4335 cpu=      nan corr=0.478
bem            N=     2048 adaptive_no_gradient_gate_v3 kernel=   0.4197 e2e=   0.4338 cpu=      nan corr=0.478
bem            N=     8192 fp32                      kernel=   0.0209 e2e=   0.0622 cpu=      nan corr=0.000
bem            N=     8192 fp64                      kernel=   0.4058 e2e=   0.4478 cpu=      nan corr=1.000
bem            N=     8192 adaptive_frozen_v3        kernel=   0.4260 e2e=   0.4670 cpu=      nan corr=0.487
bem            N=     8192 adaptive_no_gradient_gate_v3 kernel=   0.4260 e2e=   0.4660 cpu=      nan corr=0.487
bem            N=    32768 fp32                      kernel=   0.0206 e2e=   0.1470 cpu=      nan corr=0.000
bem            N=    32768 fp64                      kernel=   0.4081 e2e=   0.5319 cpu=      nan corr=1.000
bem            N=    32768 adaptive_frozen_v3        kernel=   0.4285 e2e=   0.5511 cpu=      nan corr=0.493
bem            N=    32768 adaptive_no_gradient_gate_v3 kernel=   0.4286 e2e=   0.5532 cpu=      nan corr=0.493
bem            N=   131072 fp32                      kernel=   0.0604 e2e=   0.5222 cpu=      nan corr=0.000
bem            N=   131072 fp64                      kernel=   1.6151 e2e=   2.0762 cpu=      nan corr=1.000
bem            N=   131072 adaptive_frozen_v3        kernel=   1.6508 e2e=   2.1105 cpu=      nan corr=0.496
bem            N=   131072 adaptive_no_gradient_gate_v3 kernel=   1.6514 e2e=   2.1100 cpu=      nan corr=0.496
bem            N=   524288 fp32                      kernel=   0.1890 e2e=   2.0233 cpu=      nan corr=0.000
bem            N=   524288 fp64                      kernel=   5.2421 e2e=   7.0975 cpu=      nan corr=1.000
bem            N=   524288 adaptive_frozen_v3        kernel=   5.3737 e2e=   7.2105 cpu=      nan corr=0.496
bem            N=   524288 adaptive_no_gradient_gate_v3 kernel=   5.3680 e2e=   7.2261 cpu=      nan corr=0.496
bem            N=  2097152 fp32                      kernel=   0.7035 e2e=   7.8679 cpu=      nan corr=0.000
bem            N=  2097152 fp64                      kernel=  19.7572 e2e=  26.9467 cpu=      nan corr=1.000
bem            N=  2097152 adaptive_frozen_v3        kernel=  20.2154 e2e=  27.3825 cpu=      nan corr=0.496
bem            N=  2097152 adaptive_no_gradient_gate_v3 kernel=  20.2062 e2e=  27.3637 cpu=      nan corr=0.496
bem            N=  8388608 fp32                      kernel=   2.7652 e2e=  31.1128 cpu=      nan corr=0.000
bem            N=  8388608 fp64                      kernel=  78.2308 e2e= 106.6833 cpu=      nan corr=1.000
bem            N=  8388608 adaptive_frozen_v3        kernel=  79.9035 e2e= 108.3329 cpu=      nan corr=0.496
bem            N=  8388608 adaptive_no_gradient_gate_v3 kernel=  79.9138 e2e= 108.3522 cpu=      nan corr=0.496
bem            N= 16777216 fp32                      kernel=   5.5218 e2e=  62.1913 cpu=      nan corr=0.000
bem            N= 16777216 fp64                      kernel= 156.2404 e2e= 212.9740 cpu=      nan corr=1.000
bem            N= 16777216 adaptive_frozen_v3        kernel= 159.5024 e2e= 216.4588 cpu=      nan corr=0.496
bem            N= 16777216 adaptive_no_gradient_gate_v3 kernel= 159.5676 e2e= 216.2748 cpu=      nan corr=0.496
kepler         N=        1 fp64                      kernel=   0.0924 e2e=   0.1000 cpu=      nan corr=1.000
kepler         N=        1 adaptive_frozen_v3        kernel=   0.1019 e2e=   0.1105 cpu=      nan corr=1.000
kepler         N=        1 adaptive_no_gradient_gate_v3 kernel=   0.1019 e2e=   0.1105 cpu=      nan corr=1.000
kepler         N=        1 fp32                      kernel=   0.0082 e2e=   0.0129 cpu=      nan corr=0.000
kepler         N=        8 adaptive_frozen_v3        kernel=   0.1067 e2e=   0.1125 cpu=      nan corr=1.000
kepler         N=        8 adaptive_no_gradient_gate_v3 kernel=   0.1067 e2e=   0.1126 cpu=      nan corr=1.000
kepler         N=        8 fp32                      kernel=   0.0102 e2e=   0.0126 cpu=      nan corr=0.000
kepler         N=        8 fp64                      kernel=   0.0965 e2e=   0.0997 cpu=      nan corr=1.000
kepler         N=       32 fp64                      kernel=   0.1087 e2e=   0.1224 cpu=      nan corr=1.000
kepler         N=       32 adaptive_frozen_v3        kernel=   0.1190 e2e=   0.1346 cpu=      nan corr=1.000
kepler         N=       32 adaptive_no_gradient_gate_v3 kernel=   0.1190 e2e=   0.1346 cpu=      nan corr=1.000
kepler         N=       32 fp32                      kernel=   0.0102 e2e=   0.0196 cpu=      nan corr=0.000
kepler         N=      128 fp64                      kernel=   0.1200 e2e=   0.1347 cpu=      nan corr=1.000
kepler         N=      128 adaptive_frozen_v3        kernel=   0.1301 e2e=   0.1353 cpu=      nan corr=0.953
kepler         N=      128 adaptive_no_gradient_gate_v3 kernel=   0.1301 e2e=   0.1360 cpu=      nan corr=0.953
kepler         N=      128 fp32                      kernel=   0.0102 e2e=   0.0199 cpu=      nan corr=0.000
kepler         N=      512 fp64                      kernel=   0.1971 e2e=   0.2088 cpu=      nan corr=1.000
kepler         N=      512 adaptive_frozen_v3        kernel=   0.2096 e2e=   0.2211 cpu=      nan corr=0.947
kepler         N=      512 adaptive_no_gradient_gate_v3 kernel=   0.2096 e2e=   0.2211 cpu=      nan corr=0.947
kepler         N=      512 fp32                      kernel=   0.0123 e2e=   0.0221 cpu=      nan corr=0.000
kepler         N=     2048 fp64                      kernel=   0.1995 e2e=   0.2124 cpu=      nan corr=1.000
kepler         N=     2048 adaptive_frozen_v3        kernel=   0.2119 e2e=   0.2246 cpu=      nan corr=0.946
kepler         N=     2048 adaptive_no_gradient_gate_v3 kernel=   0.2119 e2e=   0.2253 cpu=      nan corr=0.946
kepler         N=     2048 fp32                      kernel=   0.0123 e2e=   0.0257 cpu=      nan corr=0.000
kepler         N=     8192 fp64                      kernel=   0.2042 e2e=   0.2451 cpu=      nan corr=1.000
kepler         N=     8192 adaptive_frozen_v3        kernel=   0.2165 e2e=   0.2577 cpu=      nan corr=0.946
kepler         N=     8192 adaptive_no_gradient_gate_v3 kernel=   0.2165 e2e=   0.2574 cpu=      nan corr=0.946
kepler         N=     8192 fp32                      kernel=   0.0123 e2e=   0.0513 cpu=      nan corr=0.000
kepler         N=    32768 fp64                      kernel=   0.2049 e2e=   0.3283 cpu=      nan corr=1.000
kepler         N=    32768 adaptive_frozen_v3        kernel=   0.2166 e2e=   0.3411 cpu=      nan corr=0.948
kepler         N=    32768 adaptive_no_gradient_gate_v3 kernel=   0.2167 e2e=   0.3404 cpu=      nan corr=0.948
kepler         N=    32768 fp32                      kernel=   0.0118 e2e=   0.1377 cpu=      nan corr=0.000
kepler         N=   131072 fp64                      kernel=   0.7933 e2e=   1.2503 cpu=      nan corr=1.000
kepler         N=   131072 adaptive_frozen_v3        kernel=   0.8117 e2e=   1.2699 cpu=      nan corr=0.948
kepler         N=   131072 adaptive_no_gradient_gate_v3 kernel=   0.8117 e2e=   1.2717 cpu=      nan corr=0.948
kepler         N=   131072 fp32                      kernel=   0.0221 e2e=   0.4823 cpu=      nan corr=0.000
kepler         N=   524288 fp64                      kernel=   2.5438 e2e=   4.3774 cpu=      nan corr=1.000
kepler         N=   524288 adaptive_frozen_v3        kernel=   2.6246 e2e=   4.4571 cpu=      nan corr=0.948
kepler         N=   524288 adaptive_no_gradient_gate_v3 kernel=   2.6242 e2e=   4.4466 cpu=      nan corr=0.948
kepler         N=   524288 fp32                      kernel=   0.0636 e2e=   1.8929 cpu=      nan corr=0.000
kepler         N=  2097152 fp64                      kernel=   9.5726 e2e=  16.6815 cpu=      nan corr=1.000
kepler         N=  2097152 adaptive_frozen_v3        kernel=   9.8626 e2e=  17.0115 cpu=      nan corr=0.948
kepler         N=  2097152 adaptive_no_gradient_gate_v3 kernel=   9.8565 e2e=  16.9862 cpu=      nan corr=0.948
kepler         N=  2097152 fp32                      kernel=   0.2332 e2e=   7.3843 cpu=      nan corr=0.000
kepler         N=  8388608 fp64                      kernel=  37.7294 e2e=  66.1468 cpu=      nan corr=1.000
kepler         N=  8388608 adaptive_frozen_v3        kernel=  38.8078 e2e=  67.2388 cpu=      nan corr=0.948
kepler         N=  8388608 adaptive_no_gradient_gate_v3 kernel=  38.8095 e2e=  67.2191 cpu=      nan corr=0.948
kepler         N=  8388608 fp32                      kernel=   0.8973 e2e=  29.2729 cpu=      nan corr=0.000
kepler         N= 16777216 fp64                      kernel=  75.6361 e2e= 132.3933 cpu=      nan corr=1.000
kepler         N= 16777216 adaptive_frozen_v3        kernel=  77.7912 e2e= 134.4997 cpu=      nan corr=0.948
kepler         N= 16777216 adaptive_no_gradient_gate_v3 kernel=  77.8136 e2e= 134.5136 cpu=      nan corr=0.948
kepler         N= 16777216 fp32                      kernel=   1.7851 e2e=  58.4482 cpu=      nan corr=0.000
pv             N=        1 adaptive_frozen_v3        kernel=   0.1455 e2e=   0.1482 cpu=      nan corr=1.000
pv             N=        1 adaptive_no_gradient_gate_v3 kernel=   0.1457 e2e=   0.1484 cpu=      nan corr=1.000
pv             N=        1 fp32                      kernel=   0.0123 e2e=   0.0163 cpu=      nan corr=0.000
pv             N=        1 fp64                      kernel=   0.1355 e2e=   0.1384 cpu=      nan corr=1.000
pv             N=        8 adaptive_no_gradient_gate_v3 kernel=   0.1457 e2e=   0.1483 cpu=      nan corr=1.000
pv             N=        8 fp32                      kernel=   0.0123 e2e=   0.0164 cpu=      nan corr=0.000
pv             N=        8 fp64                      kernel=   0.1355 e2e=   0.1389 cpu=      nan corr=1.000
pv             N=        8 adaptive_frozen_v3        kernel=   0.1459 e2e=   0.1483 cpu=      nan corr=1.000
pv             N=       32 adaptive_frozen_v3        kernel=   0.1457 e2e=   0.1594 cpu=      nan corr=1.000
pv             N=       32 adaptive_no_gradient_gate_v3 kernel=   0.1458 e2e=   0.1595 cpu=      nan corr=1.000
pv             N=       32 fp32                      kernel=   0.0123 e2e=   0.0221 cpu=      nan corr=0.000
pv             N=       32 fp64                      kernel=   0.1362 e2e=   0.1472 cpu=      nan corr=1.000
pv             N=      128 adaptive_frozen_v3        kernel=   0.1595 e2e=   0.1718 cpu=      nan corr=0.992
pv             N=      128 adaptive_no_gradient_gate_v3 kernel=   0.1595 e2e=   0.1718 cpu=      nan corr=0.992
pv             N=      128 fp32                      kernel=   0.0143 e2e=   0.0222 cpu=      nan corr=0.000
pv             N=      128 fp64                      kernel=   0.1459 e2e=   0.1595 cpu=      nan corr=1.000
pv             N=      512 adaptive_frozen_v3        kernel=   0.2630 e2e=   0.2705 cpu=      nan corr=0.986
pv             N=      512 adaptive_no_gradient_gate_v3 kernel=   0.2630 e2e=   0.2706 cpu=      nan corr=0.986
pv             N=      512 fp32                      kernel=   0.0184 e2e=   0.0290 cpu=      nan corr=0.000
pv             N=      512 fp64                      kernel=   0.2464 e2e=   0.2580 cpu=      nan corr=1.000
pv             N=     2048 adaptive_frozen_v3        kernel=   0.2643 e2e=   0.2819 cpu=      nan corr=0.984
pv             N=     2048 adaptive_no_gradient_gate_v3 kernel=   0.2643 e2e=   0.2816 cpu=      nan corr=0.984
pv             N=     2048 fp32                      kernel=   0.0184 e2e=   0.0307 cpu=      nan corr=0.000
pv             N=     2048 fp64                      kernel=   0.2474 e2e=   0.2601 cpu=      nan corr=1.000
pv             N=     8192 adaptive_frozen_v3        kernel=   0.2724 e2e=   0.3134 cpu=      nan corr=0.984
pv             N=     8192 adaptive_no_gradient_gate_v3 kernel=   0.2724 e2e=   0.3130 cpu=      nan corr=0.984
pv             N=     8192 fp32                      kernel=   0.0184 e2e=   0.0582 cpu=      nan corr=0.000
pv             N=     8192 fp64                      kernel=   0.2582 e2e=   0.2994 cpu=      nan corr=1.000
pv             N=    32768 adaptive_frozen_v3        kernel=   0.2766 e2e=   0.3987 cpu=      nan corr=0.983
pv             N=    32768 adaptive_no_gradient_gate_v3 kernel=   0.2768 e2e=   0.3998 cpu=      nan corr=0.983
pv             N=    32768 fp32                      kernel=   0.0185 e2e=   0.1427 cpu=      nan corr=0.000
pv             N=    32768 fp64                      kernel=   0.2600 e2e=   0.3836 cpu=      nan corr=1.000
pv             N=   131072 adaptive_frozen_v3        kernel=   1.0153 e2e=   1.4776 cpu=      nan corr=0.982
pv             N=   131072 adaptive_no_gradient_gate_v3 kernel=   1.0162 e2e=   1.4780 cpu=      nan corr=0.982
pv             N=   131072 fp32                      kernel=   0.0539 e2e=   0.5161 cpu=      nan corr=0.000
pv             N=   131072 fp64                      kernel=   0.9682 e2e=   1.4298 cpu=      nan corr=1.000
pv             N=   524288 adaptive_frozen_v3        kernel=   3.2425 e2e=   5.0697 cpu=      nan corr=0.982
pv             N=   524288 adaptive_no_gradient_gate_v3 kernel=   3.2444 e2e=   5.0687 cpu=      nan corr=0.982
pv             N=   524288 fp32                      kernel=   0.1666 e2e=   2.0058 cpu=      nan corr=0.000
pv             N=   524288 fp64                      kernel=   3.0799 e2e=   4.9400 cpu=      nan corr=1.000
pv             N=  2097152 adaptive_frozen_v3        kernel=  12.2064 e2e=  19.3341 cpu=      nan corr=0.982
pv             N=  2097152 adaptive_no_gradient_gate_v3 kernel=  12.2091 e2e=  19.3686 cpu=      nan corr=0.982
pv             N=  2097152 fp32                      kernel=   0.6196 e2e=   7.7400 cpu=      nan corr=0.000
pv             N=  2097152 fp64                      kernel=  11.5974 e2e=  18.7283 cpu=      nan corr=1.000
pv             N=  8388608 adaptive_frozen_v3        kernel=  48.0839 e2e=  76.5883 cpu=      nan corr=0.982
pv             N=  8388608 adaptive_no_gradient_gate_v3 kernel=  48.3181 e2e=  76.5549 cpu=      nan corr=0.982
pv             N=  8388608 fp32                      kernel=   2.4248 e2e=  30.7663 cpu=      nan corr=0.000
pv             N=  8388608 fp64                      kernel=  45.6793 e2e=  74.2498 cpu=      nan corr=1.000
pv             N= 16777216 adaptive_frozen_v3        kernel=  96.4314 e2e= 153.2131 cpu=      nan corr=0.982
pv             N= 16777216 adaptive_no_gradient_gate_v3 kernel=  96.4072 e2e= 153.2363 cpu=      nan corr=0.982
pv             N= 16777216 fp32                      kernel=   4.8416 e2e=  61.5137 cpu=      nan corr=0.000
pv             N= 16777216 fp64                      kernel=  91.6283 e2e= 148.5635 cpu=      nan corr=1.000
cstr           N=        1 adaptive_no_gradient_gate_v3 kernel=   0.0307 e2e=   0.0379 cpu=      nan corr=0.000
cstr           N=        1 fp32                      kernel=   0.0287 e2e=   0.0375 cpu=      nan corr=0.000
cstr           N=        1 fp64                      kernel=   0.3333 e2e=   0.3397 cpu=      nan corr=1.000
cstr           N=        1 adaptive_frozen_v3        kernel=   0.0307 e2e=   0.0380 cpu=      nan corr=0.000
cstr           N=        8 fp32                      kernel=   0.0287 e2e=   0.0375 cpu=      nan corr=0.000
cstr           N=        8 fp64                      kernel=   0.3357 e2e=   0.3445 cpu=      nan corr=1.000
cstr           N=        8 adaptive_frozen_v3        kernel=   0.3642 e2e=   0.3708 cpu=      nan corr=0.250
cstr           N=        8 adaptive_no_gradient_gate_v3 kernel=   0.3643 e2e=   0.3708 cpu=      nan corr=0.250
cstr           N=       32 adaptive_no_gradient_gate_v3 kernel=   0.3655 e2e=   0.3708 cpu=      nan corr=0.188
cstr           N=       32 fp32                      kernel=   0.0287 e2e=   0.0362 cpu=      nan corr=0.000
cstr           N=       32 fp64                      kernel=   0.3346 e2e=   0.3441 cpu=      nan corr=1.000
cstr           N=       32 adaptive_frozen_v3        kernel=   0.3648 e2e=   0.3717 cpu=      nan corr=0.188
cstr           N=      128 adaptive_no_gradient_gate_v3 kernel=   0.3994 e2e=   0.4057 cpu=      nan corr=0.219
cstr           N=      128 fp32                      kernel=   0.0287 e2e=   0.0363 cpu=      nan corr=0.000
cstr           N=      128 fp64                      kernel=   0.3692 e2e=   0.3809 cpu=      nan corr=1.000
cstr           N=      128 adaptive_frozen_v3        kernel=   0.3995 e2e=   0.4057 cpu=      nan corr=0.219
cstr           N=      512 adaptive_no_gradient_gate_v3 kernel=   0.7208 e2e=   0.7289 cpu=      nan corr=0.227
cstr           N=      512 fp32                      kernel=   0.0328 e2e=   0.0477 cpu=      nan corr=0.000
cstr           N=      512 fp64                      kernel=   0.6888 e2e=   0.7021 cpu=      nan corr=1.000
cstr           N=      512 adaptive_frozen_v3        kernel=   0.7208 e2e=   0.7285 cpu=      nan corr=0.227
cstr           N=     2048 adaptive_no_gradient_gate_v3 kernel=   0.7223 e2e=   0.7376 cpu=      nan corr=0.231
cstr           N=     2048 fp32                      kernel=   0.0328 e2e=   0.0494 cpu=      nan corr=0.000
cstr           N=     2048 fp64                      kernel=   0.6905 e2e=   0.7037 cpu=      nan corr=1.000
cstr           N=     2048 adaptive_frozen_v3        kernel=   0.7224 e2e=   0.7376 cpu=      nan corr=0.231
cstr           N=     8192 adaptive_no_gradient_gate_v3 kernel=   0.7232 e2e=   0.7621 cpu=      nan corr=0.239
cstr           N=     8192 fp32                      kernel=   0.0328 e2e=   0.0741 cpu=      nan corr=0.000
cstr           N=     8192 fp64                      kernel=   0.6916 e2e=   0.7306 cpu=      nan corr=1.000
cstr           N=     8192 adaptive_frozen_v3        kernel=   0.7233 e2e=   0.7623 cpu=      nan corr=0.239
cstr           N=    32768 adaptive_no_gradient_gate_v3 kernel=   0.7261 e2e=   0.8519 cpu=      nan corr=0.252
cstr           N=    32768 fp32                      kernel=   0.0331 e2e=   0.1622 cpu=      nan corr=0.000
cstr           N=    32768 fp64                      kernel=   0.6938 e2e=   0.8166 cpu=      nan corr=1.000
cstr           N=    32768 adaptive_frozen_v3        kernel=   0.7263 e2e=   0.8508 cpu=      nan corr=0.252
cstr           N=   131072 adaptive_no_gradient_gate_v3 kernel=   2.8126 e2e=   3.2690 cpu=      nan corr=0.252
cstr           N=   131072 fp32                      kernel=   0.0676 e2e=   0.5308 cpu=      nan corr=0.000
cstr           N=   131072 fp64                      kernel=   2.7469 e2e=   3.2023 cpu=      nan corr=1.000
cstr           N=   131072 adaptive_frozen_v3        kernel=   2.8095 e2e=   3.2759 cpu=      nan corr=0.252
cstr           N=   524288 adaptive_no_gradient_gate_v3 kernel=   9.0759 e2e=  10.9099 cpu=      nan corr=0.252
cstr           N=   524288 fp32                      kernel=   0.1829 e2e=   2.0221 cpu=      nan corr=0.000
cstr           N=   524288 fp64                      kernel=   8.9221 e2e=  10.7581 cpu=      nan corr=1.000
cstr           N=   524288 adaptive_frozen_v3        kernel=   9.0747 e2e=  10.9075 cpu=      nan corr=0.252
cstr           N=  2097152 adaptive_no_gradient_gate_v3 kernel=  34.1134 e2e=  41.3057 cpu=      nan corr=0.252
cstr           N=  2097152 fp32                      kernel=   0.6517 e2e=   7.8036 cpu=      nan corr=0.000
cstr           N=  2097152 fp64                      kernel=  33.6281 e2e=  40.7791 cpu=      nan corr=1.000
cstr           N=  2097152 adaptive_frozen_v3        kernel=  34.1159 e2e=  41.3163 cpu=      nan corr=0.252
cstr           N=  8388608 adaptive_no_gradient_gate_v3 kernel= 134.5450 e2e= 163.2691 cpu=      nan corr=0.252
cstr           N=  8388608 fp32                      kernel=   2.5466 e2e=  30.8686 cpu=      nan corr=0.000
cstr           N=  8388608 fp64                      kernel= 132.7164 e2e= 161.3285 cpu=      nan corr=1.000
cstr           N=  8388608 adaptive_frozen_v3        kernel= 134.5297 e2e= 163.1926 cpu=      nan corr=0.252
cstr           N= 16777216 adaptive_no_gradient_gate_v3 kernel= 269.3383 e2e= 326.5271 cpu=      nan corr=0.252
cstr           N= 16777216 fp32                      kernel=   5.3884 e2e=  61.7251 cpu=      nan corr=0.000
cstr           N= 16777216 fp64                      kernel= 265.8132 e2e= 322.9480 cpu=      nan corr=1.000
cstr           N= 16777216 adaptive_frozen_v3        kernel= 269.3530 e2e= 326.4190 cpu=      nan corr=0.252
peng_robinson  N=        1 fp32                      kernel=   0.0041 e2e=   0.0061 cpu=      nan corr=0.000
peng_robinson  N=        1 fp64                      kernel=   0.0082 e2e=   0.0125 cpu=      nan corr=1.000
peng_robinson  N=        1 adaptive_frozen_v3        kernel=   0.0061 e2e=   0.0103 cpu=      nan corr=0.000
peng_robinson  N=        1 adaptive_no_gradient_gate_v3 kernel=   0.0061 e2e=   0.0104 cpu=      nan corr=0.000
peng_robinson  N=        8 fp64                      kernel=   0.0102 e2e=   0.0137 cpu=      nan corr=1.000
peng_robinson  N=        8 adaptive_frozen_v3        kernel=   0.0143 e2e=   0.0171 cpu=      nan corr=0.375
peng_robinson  N=        8 adaptive_no_gradient_gate_v3 kernel=   0.0143 e2e=   0.0202 cpu=      nan corr=0.375
peng_robinson  N=        8 fp32                      kernel=   0.0041 e2e=   0.0063 cpu=      nan corr=0.000
peng_robinson  N=       32 fp32                      kernel=   0.0041 e2e=   0.0090 cpu=      nan corr=0.000
peng_robinson  N=       32 fp64                      kernel=   0.0102 e2e=   0.0199 cpu=      nan corr=1.000
peng_robinson  N=       32 adaptive_frozen_v3        kernel=   0.0143 e2e=   0.0222 cpu=      nan corr=0.406
peng_robinson  N=       32 adaptive_no_gradient_gate_v3 kernel=   0.0143 e2e=   0.0222 cpu=      nan corr=0.375
peng_robinson  N=      128 fp32                      kernel=   0.0041 e2e=   0.0095 cpu=      nan corr=0.000
peng_robinson  N=      128 fp64                      kernel=   0.0102 e2e=   0.0204 cpu=      nan corr=1.000
peng_robinson  N=      128 adaptive_frozen_v3        kernel=   0.0143 e2e=   0.0230 cpu=      nan corr=0.422
peng_robinson  N=      128 adaptive_no_gradient_gate_v3 kernel=   0.0143 e2e=   0.0230 cpu=      nan corr=0.383
peng_robinson  N=      512 fp32                      kernel=   0.0041 e2e=   0.0119 cpu=      nan corr=0.000
peng_robinson  N=      512 fp64                      kernel=   0.0164 e2e=   0.0331 cpu=      nan corr=1.000
peng_robinson  N=      512 adaptive_frozen_v3        kernel=   0.0225 e2e=   0.0352 cpu=      nan corr=0.502
peng_robinson  N=      512 adaptive_no_gradient_gate_v3 kernel=   0.0225 e2e=   0.0352 cpu=      nan corr=0.461
peng_robinson  N=     2048 fp32                      kernel=   0.0047 e2e=   0.0186 cpu=      nan corr=0.000
peng_robinson  N=     2048 fp64                      kernel=   0.0164 e2e=   0.0358 cpu=      nan corr=1.000
peng_robinson  N=     2048 adaptive_frozen_v3        kernel=   0.0226 e2e=   0.0382 cpu=      nan corr=0.512
peng_robinson  N=     2048 adaptive_no_gradient_gate_v3 kernel=   0.0226 e2e=   0.0381 cpu=      nan corr=0.468
peng_robinson  N=     8192 fp32                      kernel=   0.0056 e2e=   0.0460 cpu=      nan corr=0.000
peng_robinson  N=     8192 fp64                      kernel=   0.0164 e2e=   0.0587 cpu=      nan corr=1.000
peng_robinson  N=     8192 adaptive_frozen_v3        kernel=   0.0226 e2e=   0.0639 cpu=      nan corr=0.522
peng_robinson  N=     8192 adaptive_no_gradient_gate_v3 kernel=   0.0226 e2e=   0.0639 cpu=      nan corr=0.481
peng_robinson  N=    32768 fp32                      kernel=   0.0062 e2e=   0.1254 cpu=      nan corr=0.000
peng_robinson  N=    32768 fp64                      kernel=   0.0185 e2e=   0.1378 cpu=      nan corr=1.000
peng_robinson  N=    32768 adaptive_frozen_v3        kernel=   0.0226 e2e=   0.1480 cpu=      nan corr=0.520
peng_robinson  N=    32768 adaptive_no_gradient_gate_v3 kernel=   0.0226 e2e=   0.1478 cpu=      nan corr=0.479
peng_robinson  N=   131072 fp32                      kernel=   0.0118 e2e=   0.4764 cpu=      nan corr=0.000
peng_robinson  N=   131072 fp64                      kernel=   0.0624 e2e=   0.5243 cpu=      nan corr=1.000
peng_robinson  N=   131072 adaptive_frozen_v3        kernel=   0.0828 e2e=   0.5438 cpu=      nan corr=0.523
peng_robinson  N=   131072 adaptive_no_gradient_gate_v3 kernel=   0.0825 e2e=   0.5429 cpu=      nan corr=0.484
peng_robinson  N=   524288 fp32                      kernel=   0.0322 e2e=   1.8271 cpu=      nan corr=0.000
peng_robinson  N=   524288 fp64                      kernel=   0.1956 e2e=   1.9878 cpu=      nan corr=1.000
peng_robinson  N=   524288 adaptive_frozen_v3        kernel=   0.2601 e2e=   2.0565 cpu=      nan corr=0.523
peng_robinson  N=   524288 adaptive_no_gradient_gate_v3 kernel=   0.2570 e2e=   2.0612 cpu=      nan corr=0.484
peng_robinson  N=  2097152 fp32                      kernel=   0.1161 e2e=   7.2492 cpu=      nan corr=0.000
peng_robinson  N=  2097152 fp64                      kernel=   0.7313 e2e=   7.8556 cpu=      nan corr=1.000
peng_robinson  N=  2097152 adaptive_frozen_v3        kernel=   0.9703 e2e=   8.0962 cpu=      nan corr=0.523
peng_robinson  N=  2097152 adaptive_no_gradient_gate_v3 kernel=   0.9622 e2e=   8.0757 cpu=      nan corr=0.484
peng_robinson  N=  8388608 fp32                      kernel=   0.4651 e2e=  28.7991 cpu=      nan corr=0.000
peng_robinson  N=  8388608 fp64                      kernel=   2.8620 e2e=  31.2227 cpu=      nan corr=1.000
peng_robinson  N=  8388608 adaptive_frozen_v3        kernel=   3.8053 e2e=  32.1547 cpu=      nan corr=0.523
peng_robinson  N=  8388608 adaptive_no_gradient_gate_v3 kernel=   3.7684 e2e=  32.1123 cpu=      nan corr=0.484
peng_robinson  N= 16777216 fp32                      kernel=   0.9322 e2e=  57.6471 cpu=      nan corr=0.000
peng_robinson  N= 16777216 fp64                      kernel=   5.7180 e2e=  62.4479 cpu=      nan corr=1.000
peng_robinson  N= 16777216 adaptive_frozen_v3        kernel=   7.6036 e2e=  64.2521 cpu=      nan corr=0.523
peng_robinson  N= 16777216 adaptive_no_gradient_gate_v3 kernel=   7.5236 e2e=  64.1932 cpu=      nan corr=0.484
